<!doctype html public "-//w3c//dtd html 4.0 transitional//en">
<html><head>
<title>Static Call Graph - [.\out_DA14531\Objects\ble_app_peripheral_531.axf]</title></head>
<body><HR>
<H1>Static Call Graph for image .\out_DA14531\Objects\ble_app_peripheral_531.axf</H1><HR>
<BR><P>#&#060CALLGRAPH&#062# ARM Linker, 6240002: Last Updated: Tue May  5 16:37:31 2026
<BR><P>
<H3>Maximum Stack Usage =        312 bytes + Unknown(Cycles, Untraceable Function Pointers)</H3><H3>
Call chain for Maximum Stack Depth:</H3>
accel_check_timer_cb &rArr; SEGGER_RTT_printf &rArr; SEGGER_RTT_vprintf &rArr; _PrintUnsigned &rArr; _StoreChar &rArr; SEGGER_RTT_Write &rArr; SEGGER_RTT_WriteNoLock &rArr; _WriteBlocking
<P>
<H3>
Mutually Recursive functions
</H3> <LI><a href="#[4]">BusFault_Handler</a>&nbsp;&nbsp;&nbsp;&rArr;&nbsp;&nbsp;&nbsp;<a href="#[4]">BusFault_Handler</a><BR>
</UL>
<P>
<H3>
Function Pointers
</H3><UL>
 <LI><a href="#[10]">ADC_Handler</a> from adc_531.o(.text) referenced from startup_da14531.o(RESET)
 <LI><a href="#[12]">BLE_RF_DIAG_Handler</a> from rwble.o(.text) referenced from startup_da14531.o(RESET)
 <LI><a href="#[a]">BLE_WAKEUP_LP_Handler</a> from rwble.o(.text) referenced from startup_da14531.o(RESET)
 <LI><a href="#[4]">BusFault_Handler</a> from startup_da14531.o(startup_code_DA14xxx) referenced from startup_da14531.o(RESET)
 <LI><a href="#[1d]">DMA_Handler</a> from startup_da14531.o(startup_code_DA14xxx) referenced from startup_da14531.o(RESET)
 <LI><a href="#[14]">GPIO0_Handler</a> from gpio.o(.text) referenced from startup_da14531.o(RESET)
 <LI><a href="#[15]">GPIO1_Handler</a> from gpio.o(.text) referenced from startup_da14531.o(RESET)
 <LI><a href="#[16]">GPIO2_Handler</a> from gpio.o(.text) referenced from startup_da14531.o(RESET)
 <LI><a href="#[17]">GPIO3_Handler</a> from gpio.o(.text) referenced from startup_da14531.o(RESET)
 <LI><a href="#[18]">GPIO4_Handler</a> from gpio.o(.text) referenced from startup_da14531.o(RESET)
 <LI><a href="#[3e]">GPIO_ConfigurePin</a> from gpio.o(.text) referenced from user_periph_setup.o(.text)
 <LI><a href="#[2]">HardFault_Handler</a> from startup_da14531.o(startup_code_DA14xxx) referenced from startup_da14531.o(RESET)
 <LI><a href="#[44]">HardFault_HandlerC</a> from hardfault_handler.o(.text.HardFault_HandlerC) referenced from startup_da14531.o(startup_code_DA14xxx)
 <LI><a href="#[e]">I2C_Handler</a> from i2c.o(.text) referenced from startup_da14531.o(RESET)
 <LI><a href="#[9e]">JT_l2cc_pdu_recv_ind_handler_func</a> from patch_1.o(.text) referenced from jump_table.o(.rodata.rom_func_addr_table_var)
 <LI><a href="#[9b]">JT_l2cc_pdu_unpack_func</a> from patch_1.o(.text) referenced from jump_table.o(.rodata.rom_func_addr_table_var)
 <LI><a href="#[8e]">JT_lld_test_mode_rx_func</a> from patch_1.o(.text) referenced from jump_table.o(.rodata.rom_func_addr_table_var)
 <LI><a href="#[11]">KEYBRD_Handler</a> from startup_da14531.o(startup_code_DA14xxx) referenced from startup_da14531.o(RESET)
 <LI><a href="#[3]">MemManage_Handler</a> from startup_da14531.o(startup_code_DA14xxx) referenced from startup_da14531.o(RESET)
 <LI><a href="#[1]">NMI_Handler</a> from startup_da14531.o(startup_code_DA14xxx) referenced from startup_da14531.o(RESET)
 <LI><a href="#[43]">NMI_HandlerC</a> from nmi_handler.o(.text.NMI_HandlerC) referenced from startup_da14531.o(startup_code_DA14xxx)
 <LI><a href="#[61]">PATCHED_llc_data_ind_handler</a> from patch_1.o(.text) referenced from system_library_531.o(.rodata.my_custom_msg_handlers)
 <LI><a href="#[62]">PATCHED_lld_data_ind_handler</a> from patch_1.o(.text) referenced from system_library_531.o(.rodata.my_custom_msg_handlers)
 <LI><a href="#[26]">PATCHED_llm_con_req_ind</a> from patch_1.o(.text) referenced from system_library_531.o(.text)
 <LI><a href="#[27]">PATCHED_smpc_recv_pair_rand_pdu</a> from patch_1.o(.text) referenced from system_library_531.o(.text)
 <LI><a href="#[28]">PATCHED_smpc_recv_public_key_exchange_pdu</a> from patch_1.o(.text) referenced from system_library_531.o(.text)
 <LI><a href="#[a4]">PK_PointMult_func</a> from da14531_symbols.txt(ABSOLUTE) referenced from jump_table.o(.rodata.rom_func_addr_table_var)
 <LI><a href="#[8]">PendSV_Handler</a> from startup_da14531.o(startup_code_DA14xxx) referenced from startup_da14531.o(RESET)
 <LI><a href="#[32]">RADIOCNTL_Handler</a> from ble_arp.o(.text) referenced from ble_arp.o(.text)
 <LI><a href="#[1f]">RESERVED21_Handler</a> from startup_da14531.o(startup_code_DA14xxx) referenced from startup_da14531.o(RESET)
 <LI><a href="#[20]">RESERVED22_Handler</a> from startup_da14531.o(startup_code_DA14xxx) referenced from startup_da14531.o(RESET)
 <LI><a href="#[21]">RESERVED23_Handler</a> from startup_da14531.o(startup_code_DA14xxx) referenced from startup_da14531.o(RESET)
 <LI><a href="#[13]">RFCAL_Handler</a> from startup_da14531.o(startup_code_DA14xxx) referenced from startup_da14531.o(RESET)
 <LI><a href="#[1c]">RTC_Handler</a> from startup_da14531.o(startup_code_DA14xxx) referenced from startup_da14531.o(RESET)
 <LI><a href="#[0]">Reset_Handler</a> from startup_da14531.o(startup_code_DA14xxx) referenced from startup_da14531.o(RESET)
 <LI><a href="#[f]">SPI_Handler</a> from startup_da14531.o(startup_code_DA14xxx) referenced from startup_da14531.o(RESET)
 <LI><a href="#[7]">SVC_Handler</a> from startup_da14531.o(startup_code_DA14xxx) referenced from startup_da14531.o(RESET)
 <LI><a href="#[1b]">SWTIM1_Handler</a> from startup_da14531.o(startup_code_DA14xxx) referenced from startup_da14531.o(RESET)
 <LI><a href="#[19]">SWTIM_Handler</a> from startup_da14531.o(startup_code_DA14xxx) referenced from startup_da14531.o(RESET)
 <LI><a href="#[6]">SecureFault_Handler</a> from startup_da14531.o(startup_code_DA14xxx) referenced from startup_da14531.o(RESET)
 <LI><a href="#[9]">SysTick_Handler</a> from startup_da14531.o(startup_code_DA14xxx) referenced from startup_da14531.o(RESET)
 <LI><a href="#[d]">UART2_Handler</a> from uart.o(.text) referenced from startup_da14531.o(RESET)
 <LI><a href="#[c]">UART_Handler</a> from da14531_symbols.txt(ABSOLUTE) referenced from startup_da14531.o(RESET)
 <LI><a href="#[6f]">UART_Handler_func</a> from da14531_symbols.txt(ABSOLUTE) referenced from jump_table.o(.rodata.rom_func_addr_table_var)
 <LI><a href="#[5]">UsageFault_Handler</a> from startup_da14531.o(startup_code_DA14xxx) referenced from startup_da14531.o(RESET)
 <LI><a href="#[1a]">WKUP_QUADEC_Handler</a> from wkupct_quadec.o(.text) referenced from startup_da14531.o(RESET)
 <LI><a href="#[1e]">XTAL32M_RDY_Handler</a> from startup_da14531.o(startup_code_DA14xxx) referenced from startup_da14531.o(RESET)
 <LI><a href="#[3a]">_WAIT10</a> from common.o(.text) referenced from rf_531.o(.text)
 <LI><a href="#[38]">_WAIT400</a> from common.o(.text) referenced from rf_531.o(.text)
 <LI><a href="#[41]">accel_check_timer_cb</a> from user_peripheral.o(.text) referenced 5 times from user_peripheral.o(.text)
 <LI><a href="#[40]">adv_data_update_timer_cb</a> from user_peripheral.o(.text) referenced 2 times from user_peripheral.o(.text)
 <LI><a href="#[3f]">app_adcval1_timer_cb_handler</a> from user_custs1_impl.o(.text) referenced 2 times from user_custs1_impl.o(.text)
 <LI><a href="#[57]">app_custs1_create_db</a> from app_customs.o(.text) referenced from user_custs_config.o(.rodata.cust_prf_funcs)
 <LI><a href="#[55]">app_custs1_process_handler</a> from app_customs_task.o(.text) referenced from app_entry_point.o(.rodata.app_process_handlers)
 <LI><a href="#[65]">app_db_init_next</a> from app.o(.text) referenced from app_entry_point.o(.rodata.rom_app_task_cfg)
 <LI><a href="#[3b]">app_easy_gap_advertise_stop_handler</a> from app.o(.text) referenced from app.o(.text)
 <LI><a href="#[64]">app_easy_gap_dev_configure</a> from app.o(.text) referenced from app_entry_point.o(.rodata.rom_app_task_cfg)
 <LI><a href="#[45]">app_entry_point_handler</a> from da14531_symbols.txt(ABSOLUTE) referenced from app_task.o(.rodata.app_default_state)
 <LI><a href="#[53]">app_gap_process_handler_RAM</a> from app_task.o(.text) referenced from app_entry_point.o(.rodata.app_process_handlers)
 <LI><a href="#[54]">app_timer_api_process_handler</a> from app_easy_timer.o(.text) referenced from app_entry_point.o(.rodata.app_process_handlers)
 <LI><a href="#[a1]">attc_l2cc_pdu_recv_handler_func</a> from da14531_symbols.txt(ABSOLUTE) referenced from jump_table.o(.rodata.rom_func_addr_table_var)
 <LI><a href="#[a0]">atts_l2cc_pdu_recv_handler_func</a> from da14531_symbols.txt(ABSOLUTE) referenced from jump_table.o(.rodata.rom_func_addr_table_var)
 <LI><a href="#[af]">ba431_get_rand_func</a> from jump_table.o(.text) referenced from jump_table.o(.rodata.rom_func_addr_table_var)
 <LI><a href="#[b3]">ble_init_arp_func</a> from ble_arp.o(.text) referenced from jump_table.o(.rodata.rom_func_addr_table_var)
 <LI><a href="#[a2]">crypto_init_func</a> from jump_table.o(.text) referenced from jump_table.o(.rodata.rom_func_addr_table_var)
 <LI><a href="#[5f]">custs1_att_info_rsp_handler</a> from da14531_symbols.txt(ABSOLUTE) referenced from custs1_task.o(.rodata.custs1_default_state)
 <LI><a href="#[63]">custs1_prf_itf_get</a> from da14531_symbols.txt(ABSOLUTE) referenced from prf.o(.rodata.prf_if)
 <LI><a href="#[5e]">custs1_val_ind_req_handler</a> from da14531_symbols.txt(ABSOLUTE) referenced from custs1_task.o(.rodata.custs1_default_state)
 <LI><a href="#[5c]">custs1_val_ntf_req_handler</a> from da14531_symbols.txt(ABSOLUTE) referenced from custs1_task.o(.rodata.custs1_default_state)
 <LI><a href="#[5d]">custs1_val_set_req_handler</a> from da14531_symbols.txt(ABSOLUTE) referenced from custs1_task.o(.rodata.custs1_default_state)
 <LI><a href="#[60]">custs1_value_req_rsp_handler</a> from custs1_task.o(.text) referenced from custs1_task.o(.rodata.custs1_default_state)
 <LI><a href="#[66]">custs_get_func_callbacks</a> from app_customs.o(.text) referenced from custs1.o(.rodata.rom_cust_prf_cfg)
 <LI><a href="#[97]">dbg_init_func_empty</a> from jump_table.o(.text) referenced from jump_table.o(.rodata.rom_func_addr_table_var)
 <LI><a href="#[98]">dbg_platform_reset_complete_func_empty</a> from jump_table.o(.text) referenced from jump_table.o(.rodata.rom_func_addr_table_var)
 <LI><a href="#[be]">default_app_generate_static_random_addr</a> from app_default_handlers.o(.text) referenced from app_entry_point.o(.rodata.user_app_callbacks)
 <LI><a href="#[b8]">default_app_on_db_init_complete</a> from app_default_handlers.o(.text) referenced from app_entry_point.o(.rodata.user_app_callbacks)
 <LI><a href="#[ba]">default_app_on_get_dev_appearance</a> from app_default_handlers.o(.text) referenced from app_entry_point.o(.rodata.user_app_callbacks)
 <LI><a href="#[b9]">default_app_on_get_dev_name</a> from app_default_handlers.o(.text) referenced from app_entry_point.o(.rodata.user_app_callbacks)
 <LI><a href="#[bb]">default_app_on_get_dev_slv_pref_params</a> from app_default_handlers.o(.text) referenced from app_entry_point.o(.rodata.user_app_callbacks)
 <LI><a href="#[b6]">default_app_on_set_dev_config_complete</a> from app_default_handlers.o(.text) referenced from app_entry_point.o(.rodata.user_app_callbacks)
 <LI><a href="#[bc]">default_app_on_set_dev_info</a> from app_default_handlers.o(.text) referenced from app_entry_point.o(.rodata.user_app_callbacks)
 <LI><a href="#[bd]">default_app_update_params_request</a> from app_default_handlers.o(.text) referenced from app_entry_point.o(.rodata.user_app_callbacks)
 <LI><a href="#[ad]">dia_rand_func</a> from jump_table.o(.text) referenced from jump_table.o(.rodata.rom_func_addr_table_var)
 <LI><a href="#[ae]">dia_srand_func</a> from jump_table.o(.text) referenced from jump_table.o(.rodata.rom_func_addr_table_var)
 <LI><a href="#[39]">dis_adpll</a> from rf_531.o(.text) referenced from rf_531.o(.text)
 <LI><a href="#[36]">dis_hclk</a> from rf_531.o(.text) referenced from rf_531.o(.text)
 <LI><a href="#[37]">en_adpll_tx</a> from rf_531.o(.text) referenced from rf_531.o(.text)
 <LI><a href="#[48]">gapc_cmp_evt_handler_wrapper</a> from app_task.o(.text) referenced from app_task.o(.rodata.app_gap_process_handlers)
 <LI><a href="#[49]">gapc_connection_req_ind_handler_wrapper</a> from app_task.o(.text) referenced from app_task.o(.rodata.app_gap_process_handlers)
 <LI><a href="#[4a]">gapc_disconnect_ind_handler_wrapper</a> from app_task.o(.text) referenced from app_task.o(.rodata.app_gap_process_handlers)
 <LI><a href="#[4b]">gapc_get_dev_info_req_ind_handler_wrapper</a> from app_task.o(.text) referenced from app_task.o(.rodata.app_gap_process_handlers)
 <LI><a href="#[50]">gapc_le_pkt_size_ind_handler_wrapper</a> from app_task.o(.text) referenced from app_task.o(.rodata.app_gap_process_handlers)
 <LI><a href="#[9f]">gapc_lecb_connect_cfm_handler_func</a> from da14531_symbols.txt(ABSOLUTE) referenced from jump_table.o(.rodata.rom_func_addr_table_var)
 <LI><a href="#[4f]">gapc_param_update_req_ind_handler_wrapper</a> from app_task.o(.text) referenced from app_task.o(.rodata.app_gap_process_handlers)
 <LI><a href="#[52]">gapc_peer_features_ind_handler_wrapper</a> from app_task.o(.text) referenced from app_task.o(.rodata.app_gap_process_handlers)
 <LI><a href="#[4c]">gapc_set_dev_info_req_ind_handler_wrapper</a> from app_task.o(.text) referenced from app_task.o(.rodata.app_gap_process_handlers)
 <LI><a href="#[4e]">gapm_adv_report_ind_handler_wrapper</a> from app_task.o(.text) referenced from app_task.o(.rodata.app_gap_process_handlers)
 <LI><a href="#[47]">gapm_cmp_evt_handler_wrapper</a> from app_task.o(.text) referenced from app_task.o(.rodata.app_gap_process_handlers)
 <LI><a href="#[46]">gapm_device_ready_ind_handler_wrapper</a> from app_task.o(.text) referenced from app_task.o(.rodata.app_gap_process_handlers)
 <LI><a href="#[4d]">gapm_profile_added_ind_handler_wrapper</a> from app_task.o(.text) referenced from app_task.o(.rodata.app_gap_process_handlers)
 <LI><a href="#[5a]">gattc_att_info_req_ind_handler</a> from da14531_symbols.txt(ABSOLUTE) referenced from custs1_task.o(.rodata.custs1_default_state)
 <LI><a href="#[5b]">gattc_cmp_evt_handler</a> from da14531_symbols.txt(ABSOLUTE) referenced from custs1_task.o(.rodata.custs1_default_state)
 <LI><a href="#[58]">gattc_read_req_ind_handler</a> from da14531_symbols.txt(ABSOLUTE) referenced from custs1_task.o(.rodata.custs1_default_state)
 <LI><a href="#[51]">gattc_svc_changed_cfg_ind_handler_wrapper</a> from app_task.o(.text) referenced from app_task.o(.rodata.app_gap_process_handlers)
 <LI><a href="#[59]">gattc_write_req_ind_handler</a> from custs1_task.o(.text) referenced from custs1_task.o(.rodata.custs1_default_state)
 <LI><a href="#[29]">gpioshift16</a> from gpio.o(.text) referenced from gpio.o(.text)
 <LI><a href="#[71]">gtl_eif_init_func</a> from da14531_symbols.txt(ABSOLUTE) referenced from jump_table.o(.rodata.rom_func_addr_table_var)
 <LI><a href="#[73]">gtl_eif_read_hdr_func</a> from da14531_symbols.txt(ABSOLUTE) referenced from jump_table.o(.rodata.rom_func_addr_table_var)
 <LI><a href="#[74]">gtl_eif_read_payl_func</a> from da14531_symbols.txt(ABSOLUTE) referenced from jump_table.o(.rodata.rom_func_addr_table_var)
 <LI><a href="#[72]">gtl_eif_read_start_func</a> from da14531_symbols.txt(ABSOLUTE) referenced from jump_table.o(.rodata.rom_func_addr_table_var)
 <LI><a href="#[76]">gtl_eif_rx_done_func</a> from da14531_symbols.txt(ABSOLUTE) referenced from jump_table.o(.rodata.rom_func_addr_table_var)
 <LI><a href="#[75]">gtl_eif_tx_done_func</a> from da14531_symbols.txt(ABSOLUTE) referenced from jump_table.o(.rodata.rom_func_addr_table_var)
 <LI><a href="#[70]">gtl_init_func</a> from da14531_symbols.txt(ABSOLUTE) referenced from jump_table.o(.rodata.rom_func_addr_table_var)
 <LI><a href="#[77]">h4tl_init_func</a> from da14531_symbols.txt(ABSOLUTE) referenced from jump_table.o(.rodata.rom_func_addr_table_var)
 <LI><a href="#[7c]">h4tl_out_of_sync_func</a> from da14531_symbols.txt(ABSOLUTE) referenced from jump_table.o(.rodata.rom_func_addr_table_var)
 <LI><a href="#[79]">h4tl_read_hdr_func</a> from da14531_symbols.txt(ABSOLUTE) referenced from jump_table.o(.rodata.rom_func_addr_table_var)
 <LI><a href="#[7b]">h4tl_read_next_out_of_sync_func</a> from da14531_symbols.txt(ABSOLUTE) referenced from jump_table.o(.rodata.rom_func_addr_table_var)
 <LI><a href="#[7a]">h4tl_read_payl_func</a> from da14531_symbols.txt(ABSOLUTE) referenced from jump_table.o(.rodata.rom_func_addr_table_var)
 <LI><a href="#[78]">h4tl_read_start_func</a> from da14531_symbols.txt(ABSOLUTE) referenced from jump_table.o(.rodata.rom_func_addr_table_var)
 <LI><a href="#[7e]">h4tl_rx_done_func</a> from da14531_symbols.txt(ABSOLUTE) referenced from jump_table.o(.rodata.rom_func_addr_table_var)
 <LI><a href="#[7d]">h4tl_tx_done_func</a> from da14531_symbols.txt(ABSOLUTE) referenced from jump_table.o(.rodata.rom_func_addr_table_var)
 <LI><a href="#[99]">hci_rd_local_supp_feats_cmd_handler_func</a> from da14531_symbols.txt(ABSOLUTE) referenced from jump_table.o(.rodata.rom_func_addr_table_var)
 <LI><a href="#[2b]">intr_master_receive_buffer_handler</a> from i2c.o(.text) referenced from i2c.o(.text)
 <LI><a href="#[2a]">intr_master_transmit_buffer_handler</a> from i2c.o(.text) referenced from i2c.o(.text)
 <LI><a href="#[2c]">intr_slave_receive_buffer_handler</a> from i2c.o(.text) referenced from i2c.o(.text)
 <LI><a href="#[2d]">intr_slave_transmit_buffer_handler</a> from i2c.o(.text) referenced from i2c.o(.text)
 <LI><a href="#[7f]">ke_task_init_func</a> from da14531_symbols.txt(ABSOLUTE) referenced from jump_table.o(.rodata.rom_func_addr_table_var)
 <LI><a href="#[80]">ke_timer_init_func</a> from da14531_symbols.txt(ABSOLUTE) referenced from jump_table.o(.rodata.rom_func_addr_table_var)
 <LI><a href="#[9d]">l2c_process_sdu_func</a> from da14531_symbols.txt(ABSOLUTE) referenced from jump_table.o(.rodata.rom_func_addr_table_var)
 <LI><a href="#[9c]">l2c_send_lecb_message_func</a> from da14531_symbols.txt(ABSOLUTE) referenced from jump_table.o(.rodata.rom_func_addr_table_var)
 <LI><a href="#[9a]">l2cc_pdu_pack_func</a> from da14531_symbols.txt(ABSOLUTE) referenced from jump_table.o(.rodata.rom_func_addr_table_var)
 <LI><a href="#[a9]">llc_le_length_conn_init_func</a> from da14531_symbols.txt(ABSOLUTE) referenced from jump_table.o(.rodata.rom_func_addr_table_var)
 <LI><a href="#[a8]">llc_le_length_effective_func</a> from da14531_symbols.txt(ABSOLUTE) referenced from jump_table.o(.rodata.rom_func_addr_table_var)
 <LI><a href="#[ac]">llc_pdu_send_func</a> from da14531_symbols.txt(ABSOLUTE) referenced from jump_table.o(.rodata.rom_func_addr_table_var)
 <LI><a href="#[ab]">lld_data_tx_check_func</a> from da14531_symbols.txt(ABSOLUTE) referenced from jump_table.o(.rodata.rom_func_addr_table_var)
 <LI><a href="#[aa]">lld_data_tx_prog_func</a> from da14531_symbols.txt(ABSOLUTE) referenced from jump_table.o(.rodata.rom_func_addr_table_var)
 <LI><a href="#[88]">lld_sleep_compensate_func</a> from rwble.o(.text) referenced from jump_table.o(.rodata.rom_func_addr_table_var)
 <LI><a href="#[89]">lld_sleep_init_func</a> from arch_system.o(.text) referenced from jump_table.o(.rodata.rom_func_addr_table_var)
 <LI><a href="#[8b]">lld_sleep_lpcycles_2_us_sel_func</a> from arch_system.o(.text) referenced from jump_table.o(.rodata.rom_func_addr_table_var)
 <LI><a href="#[8a]">lld_sleep_us_2_lpcycles_sel_func</a> from arch_system.o(.text) referenced from jump_table.o(.rodata.rom_func_addr_table_var)
 <LI><a href="#[8d]">lld_test_mode_tx_func</a> from da14531_symbols.txt(ABSOLUTE) referenced from jump_table.o(.rodata.rom_func_addr_table_var)
 <LI><a href="#[8c]">lld_test_stop_func</a> from da14531_symbols.txt(ABSOLUTE) referenced from jump_table.o(.rodata.rom_func_addr_table_var)
 <LI><a href="#[23]">llm_con_req_ind</a> from da14531_symbols.txt(ABSOLUTE) referenced from system_library_531.o(.text)
 <LI><a href="#[a6]">llm_create_p256_key_func</a> from da14531_symbols.txt(ABSOLUTE) referenced from jump_table.o(.rodata.rom_func_addr_table_var)
 <LI><a href="#[81]">llm_encryption_done_func</a> from da14531_symbols.txt(ABSOLUTE) referenced from jump_table.o(.rodata.rom_func_addr_table_var)
 <LI><a href="#[a3]">llm_le_adv_report_ind_func</a> from da14531_symbols.txt(ABSOLUTE) referenced from jump_table.o(.rodata.rom_func_addr_table_var)
 <LI><a href="#[a7]">llm_p256_req_handler_func</a> from da14531_symbols.txt(ABSOLUTE) referenced from jump_table.o(.rodata.rom_func_addr_table_var)
 <LI><a href="#[a5]">llm_p256_start_func</a> from da14531_symbols.txt(ABSOLUTE) referenced from jump_table.o(.rodata.rom_func_addr_table_var)
 <LI><a href="#[22]">main</a> from arch_main.o(.text) referenced from entry9a.o(.ARM.Collect$$$$0000000B)
 <LI><a href="#[84]">nvds_del_func</a> from da14531_symbols.txt(ABSOLUTE) referenced from jump_table.o(.rodata.rom_func_addr_table_var)
 <LI><a href="#[82]">nvds_get_func</a> from da14531_symbols.txt(ABSOLUTE) referenced from jump_table.o(.rodata.rom_func_addr_table_var)
 <LI><a href="#[85]">nvds_init_func</a> from da14531_symbols.txt(ABSOLUTE) referenced from jump_table.o(.rodata.rom_func_addr_table_var)
 <LI><a href="#[83]">nvds_put_func</a> from da14531_symbols.txt(ABSOLUTE) referenced from jump_table.o(.rodata.rom_func_addr_table_var)
 <LI><a href="#[42]">param_update_request_timer_cb</a> from user_peripheral.o(.text) referenced from user_peripheral.o(.text)
 <LI><a href="#[87]">platform_reset_func</a> from jump_table.o(.text) referenced from jump_table.o(.rodata.rom_func_addr_table_var)
 <LI><a href="#[92]">prf_add_profile_func</a> from da14531_symbols.txt(ABSOLUTE) referenced from jump_table.o(.rodata.rom_func_addr_table_var)
 <LI><a href="#[94]">prf_cleanup_func</a> from da14531_symbols.txt(ABSOLUTE) referenced from jump_table.o(.rodata.rom_func_addr_table_var)
 <LI><a href="#[93]">prf_create_func</a> from prf.o(.text) referenced from jump_table.o(.rodata.rom_func_addr_table_var)
 <LI><a href="#[95]">prf_get_id_from_task_func</a> from da14531_symbols.txt(ABSOLUTE) referenced from jump_table.o(.rodata.rom_func_addr_table_var)
 <LI><a href="#[96]">prf_get_task_from_id_func</a> from da14531_symbols.txt(ABSOLUTE) referenced from jump_table.o(.rodata.rom_func_addr_table_var)
 <LI><a href="#[91]">prf_init_func</a> from prf.o(.text) referenced from jump_table.o(.rodata.rom_func_addr_table_var)
 <LI><a href="#[35]">rf_force_agc_enable</a> from ble_arp.o(.text) referenced from ble_arp.o(.text)
 <LI><a href="#[67]">rf_init_func</a> from ble_arp.o(.text) referenced from jump_table.o(.rodata.rom_func_addr_table_var)
 <LI><a href="#[2f]">rf_reg_rd</a> from ble_arp.o(.text) referenced from ble_arp.o(.text)
 <LI><a href="#[2e]">rf_reg_wr</a> from ble_arp.o(.text) referenced from ble_arp.o(.text)
 <LI><a href="#[68]">rf_reinit_func</a> from ble_arp.o(.text) referenced from jump_table.o(.rodata.rom_func_addr_table_var)
 <LI><a href="#[33]">rf_reset</a> from ble_arp.o(.text) referenced from ble_arp.o(.text)
 <LI><a href="#[34]">rf_rssi_convert</a> from ble_arp.o(.text) referenced from ble_arp.o(.text)
 <LI><a href="#[31]">rf_sleep</a> from ble_arp.o(.text) referenced from ble_arp.o(.text)
 <LI><a href="#[30]">rf_txpwr_dbm_get</a> from ble_arp.o(.text) referenced from ble_arp.o(.text)
 <LI><a href="#[b]">rwble_isr</a> from rwble.o(.text) referenced from startup_da14531.o(RESET)
 <LI><a href="#[86]">rwip_eif_get_func</a> from da14531_symbols.txt(ABSOLUTE) referenced from jump_table.o(.rodata.rom_func_addr_table_var)
 <LI><a href="#[8f]">smpc_check_param_func</a> from da14531_symbols.txt(ABSOLUTE) referenced from jump_table.o(.rodata.rom_func_addr_table_var)
 <LI><a href="#[b1]">smpc_dhkey_calc_ind_func</a> from da14531_symbols.txt(ABSOLUTE) referenced from jump_table.o(.rodata.rom_func_addr_table_var)
 <LI><a href="#[90]">smpc_pdu_recv_func</a> from da14531_symbols.txt(ABSOLUTE) referenced from jump_table.o(.rodata.rom_func_addr_table_var)
 <LI><a href="#[b0]">smpc_public_key_exchange_start_func</a> from da14531_symbols.txt(ABSOLUTE) referenced from jump_table.o(.rodata.rom_func_addr_table_var)
 <LI><a href="#[24]">smpc_recv_pair_rand_pdu</a> from da14531_symbols.txt(ABSOLUTE) referenced from system_library_531.o(.text)
 <LI><a href="#[25]">smpc_recv_public_key_exchange_pdu</a> from da14531_symbols.txt(ABSOLUTE) referenced from system_library_531.o(.text)
 <LI><a href="#[b2]">smpm_ecdh_key_create_empty_func</a> from jump_table.o(.text) referenced from jump_table.o(.rodata.rom_func_addr_table_var)
 <LI><a href="#[3d]">timer_canceled_handler</a> from app_easy_timer.o(.text) referenced 3 times from app_easy_timer.o(.text)
 <LI><a href="#[3c]">timer_modified_handler</a> from app_easy_timer.o(.text) referenced 2 times from app_easy_timer.o(.text)
 <LI><a href="#[6c]">uart_finish_transfers_func</a> from da14531_symbols.txt(ABSOLUTE) referenced from jump_table.o(.rodata.rom_func_addr_table_var)
 <LI><a href="#[6b]">uart_flow_off_func</a> from da14531_symbols.txt(ABSOLUTE) referenced from jump_table.o(.rodata.rom_func_addr_table_var)
 <LI><a href="#[6a]">uart_flow_on_func</a> from da14531_symbols.txt(ABSOLUTE) referenced from jump_table.o(.rodata.rom_func_addr_table_var)
 <LI><a href="#[69]">uart_init_func</a> from da14531_symbols.txt(ABSOLUTE) referenced from jump_table.o(.rodata.rom_func_addr_table_var)
 <LI><a href="#[6d]">uart_read_func</a> from da14531_symbols.txt(ABSOLUTE) referenced from jump_table.o(.rodata.rom_func_addr_table_var)
 <LI><a href="#[6e]">uart_write_func</a> from da14531_symbols.txt(ABSOLUTE) referenced from jump_table.o(.rodata.rom_func_addr_table_var)
 <LI><a href="#[b7]">user_app_adv_undirect_complete</a> from user_peripheral.o(.text) referenced from app_entry_point.o(.rodata.user_app_callbacks)
 <LI><a href="#[b4]">user_app_connection</a> from user_peripheral.o(.text) referenced from app_entry_point.o(.rodata.user_app_callbacks)
 <LI><a href="#[b5]">user_app_disconnect</a> from user_peripheral.o(.text) referenced from app_entry_point.o(.rodata.user_app_callbacks)
 <LI><a href="#[56]">user_catch_rest_hndl</a> from user_peripheral.o(.text) referenced from app_entry_point.o(.rodata.catch_rest)
 <LI><a href="#[56]">user_catch_rest_hndl</a> from user_peripheral.o(.text) referenced from app_entry_point.o(.rodata.rom_app_task_cfg)
</UL>
<P>
<H3>
Global Symbols
</H3>
<P><STRONG><a name="[86]"></a>rwip_eif_get_func</STRONG> (Thumb, 0 bytes, Stack size 0 bytes, da14531_symbols.txt(ABSOLUTE), UNUSED)
<BR>[Address Reference Count : 1]<UL><LI> jump_table.o(.rodata.rom_func_addr_table_var)
</UL>
<P><STRONG><a name="[f5]"></a>ble_init</STRONG> (Thumb, 0 bytes, Stack size 0 bytes, da14531_symbols.txt(ABSOLUTE))
<BR><BR>[Called By]<UL><LI><a href="#[ca]">&gt;&gt;</a>&nbsp;&nbsp;&nbsp;system_init
</UL>

<P><STRONG><a name="[149]"></a>ble_regs_push</STRONG> (Thumb, 0 bytes, Stack size 0 bytes, da14531_symbols.txt(ABSOLUTE))
<BR><BR>[Called By]<UL><LI><a href="#[148]">&gt;&gt;</a>&nbsp;&nbsp;&nbsp;patched_ble_regs_push
</UL>

<P><STRONG><a name="[14a]"></a>ble_regs_pop</STRONG> (Thumb, 0 bytes, Stack size 0 bytes, da14531_symbols.txt(ABSOLUTE))
<BR><BR>[Called By]<UL><LI><a href="#[13a]">&gt;&gt;</a>&nbsp;&nbsp;&nbsp;patched_ble_regs_pop
</UL>

<P><STRONG><a name="[144]"></a>rf_reinit</STRONG> (Thumb, 0 bytes, Stack size 0 bytes, da14531_symbols.txt(ABSOLUTE))
<BR><BR>[Called By]<UL><LI><a href="#[b]">&gt;&gt;</a>&nbsp;&nbsp;&nbsp;rwble_isr
</UL>

<P><STRONG><a name="[1f3]"></a>smpc_pdu_recv</STRONG> (Thumb, 0 bytes, Stack size 0 bytes, da14531_symbols.txt(ABSOLUTE))
<BR><BR>[Called By]<UL><LI><a href="#[9e]">&gt;&gt;</a>&nbsp;&nbsp;&nbsp;JT_l2cc_pdu_recv_ind_handler_func
</UL>

<P><STRONG><a name="[c]"></a>UART_Handler</STRONG> (Thumb, 0 bytes, Stack size 0 bytes, da14531_symbols.txt(ABSOLUTE), UNUSED)
<BR>[Address Reference Count : 1]<UL><LI> startup_da14531.o(RESET)
</UL>
<P><STRONG><a name="[1bb]"></a>prf_get_task_from_id</STRONG> (Thumb, 0 bytes, Stack size 0 bytes, da14531_symbols.txt(ABSOLUTE))
<BR><BR>[Called By]<UL><LI><a href="#[1c2]">&gt;&gt;</a>&nbsp;&nbsp;&nbsp;user_svc3_read_non_db_val_handler
<LI><a href="#[1bf]">&gt;&gt;</a>&nbsp;&nbsp;&nbsp;user_svc1_long_val_cfg_ind_handler
<LI><a href="#[3f]">&gt;&gt;</a>&nbsp;&nbsp;&nbsp;app_adcval1_timer_cb_handler
</UL>

<P><STRONG><a name="[d8]"></a>dia_rand</STRONG> (Thumb, 0 bytes, Stack size 0 bytes, da14531_symbols.txt(ABSOLUTE))
<BR><BR>[Called By]<UL><LI><a href="#[af]">&gt;&gt;</a>&nbsp;&nbsp;&nbsp;ba431_get_rand_func
<LI><a href="#[be]">&gt;&gt;</a>&nbsp;&nbsp;&nbsp;default_app_generate_static_random_addr
</UL>

<P><STRONG><a name="[20e]"></a>co_buf_rx_free</STRONG> (Thumb, 0 bytes, Stack size 0 bytes, da14531_symbols.txt(ABSOLUTE))
<BR><BR>[Called By]<UL><LI><a href="#[61]">&gt;&gt;</a>&nbsp;&nbsp;&nbsp;PATCHED_llc_data_ind_handler
</UL>

<P><STRONG><a name="[1f4]"></a>co_buf_rx_buffer_get</STRONG> (Thumb, 0 bytes, Stack size 0 bytes, da14531_symbols.txt(ABSOLUTE))
<BR><BR>[Called By]<UL><LI><a href="#[26]">&gt;&gt;</a>&nbsp;&nbsp;&nbsp;PATCHED_llm_con_req_ind
</UL>

<P><STRONG><a name="[1fa]"></a>co_buf_tx_buffer_get</STRONG> (Thumb, 0 bytes, Stack size 0 bytes, da14531_symbols.txt(ABSOLUTE))
<BR><BR>[Called By]<UL><LI><a href="#[26]">&gt;&gt;</a>&nbsp;&nbsp;&nbsp;PATCHED_llm_con_req_ind
</UL>

<P><STRONG><a name="[a8]"></a>llc_le_length_effective_func</STRONG> (Thumb, 0 bytes, Stack size 0 bytes, da14531_symbols.txt(ABSOLUTE), UNUSED)
<BR>[Address Reference Count : 1]<UL><LI> jump_table.o(.rodata.rom_func_addr_table_var)
</UL>
<P><STRONG><a name="[a9]"></a>llc_le_length_conn_init_func</STRONG> (Thumb, 0 bytes, Stack size 0 bytes, da14531_symbols.txt(ABSOLUTE), UNUSED)
<BR>[Address Reference Count : 1]<UL><LI> jump_table.o(.rodata.rom_func_addr_table_var)
</UL>
<P><STRONG><a name="[1fb]"></a>llc_le_con_cmp_evt_send</STRONG> (Thumb, 0 bytes, Stack size 0 bytes, da14531_symbols.txt(ABSOLUTE))
<BR><BR>[Called By]<UL><LI><a href="#[26]">&gt;&gt;</a>&nbsp;&nbsp;&nbsp;PATCHED_llm_con_req_ind
</UL>

<P><STRONG><a name="[203]"></a>llc_start</STRONG> (Thumb, 0 bytes, Stack size 0 bytes, da14531_symbols.txt(ABSOLUTE))
<BR><BR>[Called By]<UL><LI><a href="#[26]">&gt;&gt;</a>&nbsp;&nbsp;&nbsp;PATCHED_llm_con_req_ind
</UL>

<P><STRONG><a name="[210]"></a>llc_common_enc_key_ref_comp_evt_send</STRONG> (Thumb, 0 bytes, Stack size 0 bytes, da14531_symbols.txt(ABSOLUTE))
<BR><BR>[Called By]<UL><LI><a href="#[61]">&gt;&gt;</a>&nbsp;&nbsp;&nbsp;PATCHED_llc_data_ind_handler
</UL>

<P><STRONG><a name="[211]"></a>llc_common_enc_change_evt_send</STRONG> (Thumb, 0 bytes, Stack size 0 bytes, da14531_symbols.txt(ABSOLUTE))
<BR><BR>[Called By]<UL><LI><a href="#[61]">&gt;&gt;</a>&nbsp;&nbsp;&nbsp;PATCHED_llc_data_ind_handler
</UL>

<P><STRONG><a name="[ac]"></a>llc_pdu_send_func</STRONG> (Thumb, 0 bytes, Stack size 0 bytes, da14531_symbols.txt(ABSOLUTE), UNUSED)
<BR>[Address Reference Count : 1]<UL><LI> jump_table.o(.rodata.rom_func_addr_table_var)
</UL>
<P><STRONG><a name="[214]"></a>llc_lsto_timer_restart</STRONG> (Thumb, 0 bytes, Stack size 0 bytes, da14531_symbols.txt(ABSOLUTE))
<BR><BR>[Called By]<UL><LI><a href="#[62]">&gt;&gt;</a>&nbsp;&nbsp;&nbsp;PATCHED_lld_data_ind_handler
</UL>

<P><STRONG><a name="[215]"></a>lld_data_ind_handler</STRONG> (Thumb, 0 bytes, Stack size 0 bytes, da14531_symbols.txt(ABSOLUTE))
<BR><BR>[Called By]<UL><LI><a href="#[62]">&gt;&gt;</a>&nbsp;&nbsp;&nbsp;PATCHED_lld_data_ind_handler
</UL>

<P><STRONG><a name="[1f5]"></a>llc_util_get_free_conhdl</STRONG> (Thumb, 0 bytes, Stack size 0 bytes, da14531_symbols.txt(ABSOLUTE))
<BR><BR>[Called By]<UL><LI><a href="#[26]">&gt;&gt;</a>&nbsp;&nbsp;&nbsp;PATCHED_llm_con_req_ind
</UL>

<P><STRONG><a name="[212]"></a>llc_util_dicon_procedure</STRONG> (Thumb, 0 bytes, Stack size 0 bytes, da14531_symbols.txt(ABSOLUTE))
<BR><BR>[Called By]<UL><LI><a href="#[61]">&gt;&gt;</a>&nbsp;&nbsp;&nbsp;PATCHED_llc_data_ind_handler
</UL>

<P><STRONG><a name="[204]"></a>llc_util_update_channel_map</STRONG> (Thumb, 0 bytes, Stack size 0 bytes, da14531_symbols.txt(ABSOLUTE))
<BR><BR>[Called By]<UL><LI><a href="#[26]">&gt;&gt;</a>&nbsp;&nbsp;&nbsp;PATCHED_llm_con_req_ind
</UL>

<P><STRONG><a name="[20f]"></a>lld_get_mode</STRONG> (Thumb, 0 bytes, Stack size 0 bytes, da14531_symbols.txt(ABSOLUTE))
<BR><BR>[Called By]<UL><LI><a href="#[61]">&gt;&gt;</a>&nbsp;&nbsp;&nbsp;PATCHED_llc_data_ind_handler
</UL>

<P><STRONG><a name="[202]"></a>lld_move_to_slave</STRONG> (Thumb, 0 bytes, Stack size 0 bytes, da14531_symbols.txt(ABSOLUTE))
<BR><BR>[Called By]<UL><LI><a href="#[26]">&gt;&gt;</a>&nbsp;&nbsp;&nbsp;PATCHED_llm_con_req_ind
</UL>

<P><STRONG><a name="[142]"></a>lld_crypt_isr</STRONG> (Thumb, 0 bytes, Stack size 0 bytes, da14531_symbols.txt(ABSOLUTE))
<BR><BR>[Called By]<UL><LI><a href="#[b]">&gt;&gt;</a>&nbsp;&nbsp;&nbsp;rwble_isr
</UL>

<P><STRONG><a name="[8d]"></a>lld_test_mode_tx_func</STRONG> (Thumb, 0 bytes, Stack size 0 bytes, da14531_symbols.txt(ABSOLUTE), UNUSED)
<BR>[Address Reference Count : 1]<UL><LI> jump_table.o(.rodata.rom_func_addr_table_var)
</UL>
<P><STRONG><a name="[8c]"></a>lld_test_stop_func</STRONG> (Thumb, 0 bytes, Stack size 0 bytes, da14531_symbols.txt(ABSOLUTE), UNUSED)
<BR>[Address Reference Count : 1]<UL><LI> jump_table.o(.rodata.rom_func_addr_table_var)
</UL>
<P><STRONG><a name="[ab]"></a>lld_data_tx_check_func</STRONG> (Thumb, 0 bytes, Stack size 0 bytes, da14531_symbols.txt(ABSOLUTE), UNUSED)
<BR>[Address Reference Count : 1]<UL><LI> jump_table.o(.rodata.rom_func_addr_table_var)
</UL>
<P><STRONG><a name="[aa]"></a>lld_data_tx_prog_func</STRONG> (Thumb, 0 bytes, Stack size 0 bytes, da14531_symbols.txt(ABSOLUTE), UNUSED)
<BR>[Address Reference Count : 1]<UL><LI> jump_table.o(.rodata.rom_func_addr_table_var)
</UL>
<P><STRONG><a name="[1fc]"></a>lld_evt_elt_delete</STRONG> (Thumb, 0 bytes, Stack size 0 bytes, da14531_symbols.txt(ABSOLUTE))
<BR><BR>[Called By]<UL><LI><a href="#[26]">&gt;&gt;</a>&nbsp;&nbsp;&nbsp;PATCHED_llm_con_req_ind
</UL>

<P><STRONG><a name="[1f0]"></a>lld_evt_elt_insert</STRONG> (Thumb, 0 bytes, Stack size 0 bytes, da14531_symbols.txt(ABSOLUTE))
<BR><BR>[Called By]<UL><LI><a href="#[8e]">&gt;&gt;</a>&nbsp;&nbsp;&nbsp;JT_lld_test_mode_rx_func
</UL>

<P><STRONG><a name="[1ee]"></a>lld_evt_adv_create</STRONG> (Thumb, 0 bytes, Stack size 0 bytes, da14531_symbols.txt(ABSOLUTE))
<BR><BR>[Called By]<UL><LI><a href="#[8e]">&gt;&gt;</a>&nbsp;&nbsp;&nbsp;JT_lld_test_mode_rx_func
</UL>

<P><STRONG><a name="[141]"></a>lld_evt_timer_isr</STRONG> (Thumb, 0 bytes, Stack size 0 bytes, da14531_symbols.txt(ABSOLUTE))
<BR><BR>[Called By]<UL><LI><a href="#[b]">&gt;&gt;</a>&nbsp;&nbsp;&nbsp;rwble_isr
</UL>

<P><STRONG><a name="[13e]"></a>lld_evt_end_isr</STRONG> (Thumb, 0 bytes, Stack size 0 bytes, da14531_symbols.txt(ABSOLUTE))
<BR><BR>[Called By]<UL><LI><a href="#[b]">&gt;&gt;</a>&nbsp;&nbsp;&nbsp;rwble_isr
</UL>

<P><STRONG><a name="[13c]"></a>lld_evt_rx_isr</STRONG> (Thumb, 0 bytes, Stack size 0 bytes, da14531_symbols.txt(ABSOLUTE))
<BR><BR>[Called By]<UL><LI><a href="#[b]">&gt;&gt;</a>&nbsp;&nbsp;&nbsp;rwble_isr
</UL>

<P><STRONG><a name="[14f]"></a>lld_sleep_enter</STRONG> (Thumb, 0 bytes, Stack size 0 bytes, da14531_symbols.txt(ABSOLUTE))
<BR><BR>[Called By]<UL><LI><a href="#[d1]">&gt;&gt;</a>&nbsp;&nbsp;&nbsp;rwip_sleep
</UL>

<P><STRONG><a name="[1ef]"></a>lld_util_freq2chnl</STRONG> (Thumb, 0 bytes, Stack size 0 bytes, da14531_symbols.txt(ABSOLUTE))
<BR><BR>[Called By]<UL><LI><a href="#[8e]">&gt;&gt;</a>&nbsp;&nbsp;&nbsp;JT_lld_test_mode_rx_func
</UL>

<P><STRONG><a name="[205]"></a>llm_wl_from_rl_restore</STRONG> (Thumb, 0 bytes, Stack size 0 bytes, da14531_symbols.txt(ABSOLUTE))
<BR><BR>[Called By]<UL><LI><a href="#[26]">&gt;&gt;</a>&nbsp;&nbsp;&nbsp;PATCHED_llm_con_req_ind
</UL>

<P><STRONG><a name="[23]"></a>llm_con_req_ind</STRONG> (Thumb, 0 bytes, Stack size 0 bytes, da14531_symbols.txt(ABSOLUTE), UNUSED)
<BR>[Address Reference Count : 1]<UL><LI> system_library_531.o(.text)
</UL>
<P><STRONG><a name="[a3]"></a>llm_le_adv_report_ind_func</STRONG> (Thumb, 0 bytes, Stack size 0 bytes, da14531_symbols.txt(ABSOLUTE), UNUSED)
<BR>[Address Reference Count : 1]<UL><LI> jump_table.o(.rodata.rom_func_addr_table_var)
</UL>
<P><STRONG><a name="[81]"></a>llm_encryption_done_func</STRONG> (Thumb, 0 bytes, Stack size 0 bytes, da14531_symbols.txt(ABSOLUTE), UNUSED)
<BR>[Address Reference Count : 1]<UL><LI> jump_table.o(.rodata.rom_func_addr_table_var)
</UL>
<P><STRONG><a name="[a5]"></a>llm_p256_start_func</STRONG> (Thumb, 0 bytes, Stack size 0 bytes, da14531_symbols.txt(ABSOLUTE), UNUSED)
<BR>[Address Reference Count : 1]<UL><LI> jump_table.o(.rodata.rom_func_addr_table_var)
</UL>
<P><STRONG><a name="[a6]"></a>llm_create_p256_key_func</STRONG> (Thumb, 0 bytes, Stack size 0 bytes, da14531_symbols.txt(ABSOLUTE), UNUSED)
<BR>[Address Reference Count : 1]<UL><LI> jump_table.o(.rodata.rom_func_addr_table_var)
</UL>
<P><STRONG><a name="[1fe]"></a>llm_wlpub_addr_set</STRONG> (Thumb, 0 bytes, Stack size 0 bytes, da14531_symbols.txt(ABSOLUTE))
<BR><BR>[Called By]<UL><LI><a href="#[26]">&gt;&gt;</a>&nbsp;&nbsp;&nbsp;PATCHED_llm_con_req_ind
</UL>

<P><STRONG><a name="[1ff]"></a>llm_wlpriv_addr_set</STRONG> (Thumb, 0 bytes, Stack size 0 bytes, da14531_symbols.txt(ABSOLUTE))
<BR><BR>[Called By]<UL><LI><a href="#[26]">&gt;&gt;</a>&nbsp;&nbsp;&nbsp;PATCHED_llm_con_req_ind
</UL>

<P><STRONG><a name="[a7]"></a>llm_p256_req_handler_func</STRONG> (Thumb, 0 bytes, Stack size 0 bytes, da14531_symbols.txt(ABSOLUTE), UNUSED)
<BR>[Address Reference Count : 1]<UL><LI> jump_table.o(.rodata.rom_func_addr_table_var)
</UL>
<P><STRONG><a name="[99]"></a>hci_rd_local_supp_feats_cmd_handler_func</STRONG> (Thumb, 0 bytes, Stack size 0 bytes, da14531_symbols.txt(ABSOLUTE), UNUSED)
<BR>[Address Reference Count : 1]<UL><LI> jump_table.o(.rodata.rom_func_addr_table_var)
</UL>
<P><STRONG><a name="[1fd]"></a>llm_util_bd_addr_in_wl</STRONG> (Thumb, 0 bytes, Stack size 0 bytes, da14531_symbols.txt(ABSOLUTE))
<BR><BR>[Called By]<UL><LI><a href="#[26]">&gt;&gt;</a>&nbsp;&nbsp;&nbsp;PATCHED_llm_con_req_ind
</UL>

<P><STRONG><a name="[200]"></a>llm_util_bl_check</STRONG> (Thumb, 0 bytes, Stack size 0 bytes, da14531_symbols.txt(ABSOLUTE))
<BR><BR>[Called By]<UL><LI><a href="#[26]">&gt;&gt;</a>&nbsp;&nbsp;&nbsp;PATCHED_llm_con_req_ind
</UL>

<P><STRONG><a name="[201]"></a>llm_util_bl_add</STRONG> (Thumb, 0 bytes, Stack size 0 bytes, da14531_symbols.txt(ABSOLUTE))
<BR><BR>[Called By]<UL><LI><a href="#[26]">&gt;&gt;</a>&nbsp;&nbsp;&nbsp;PATCHED_llm_con_req_ind
</UL>

<P><STRONG><a name="[1f6]"></a>llm_util_rl_check</STRONG> (Thumb, 0 bytes, Stack size 0 bytes, da14531_symbols.txt(ABSOLUTE))
<BR><BR>[Called By]<UL><LI><a href="#[26]">&gt;&gt;</a>&nbsp;&nbsp;&nbsp;PATCHED_llm_con_req_ind
</UL>

<P><STRONG><a name="[1f7]"></a>llm_util_rl_peer_find</STRONG> (Thumb, 0 bytes, Stack size 0 bytes, da14531_symbols.txt(ABSOLUTE))
<BR><BR>[Called By]<UL><LI><a href="#[26]">&gt;&gt;</a>&nbsp;&nbsp;&nbsp;PATCHED_llm_con_req_ind
</UL>

<P><STRONG><a name="[1f9]"></a>llm_util_rl_peer_resolv</STRONG> (Thumb, 0 bytes, Stack size 0 bytes, da14531_symbols.txt(ABSOLUTE))
<BR><BR>[Called By]<UL><LI><a href="#[26]">&gt;&gt;</a>&nbsp;&nbsp;&nbsp;PATCHED_llm_con_req_ind
</UL>

<P><STRONG><a name="[a4]"></a>PK_PointMult_func</STRONG> (Thumb, 0 bytes, Stack size 0 bytes, da14531_symbols.txt(ABSOLUTE), UNUSED)
<BR>[Address Reference Count : 1]<UL><LI> jump_table.o(.rodata.rom_func_addr_table_var)
</UL>
<P><STRONG><a name="[13b]"></a>ea_finetimer_isr</STRONG> (Thumb, 0 bytes, Stack size 0 bytes, da14531_symbols.txt(ABSOLUTE))
<BR><BR>[Called By]<UL><LI><a href="#[b]">&gt;&gt;</a>&nbsp;&nbsp;&nbsp;rwble_isr
</UL>

<P><STRONG><a name="[140]"></a>ea_sw_isr</STRONG> (Thumb, 0 bytes, Stack size 0 bytes, da14531_symbols.txt(ABSOLUTE))
<BR><BR>[Called By]<UL><LI><a href="#[b]">&gt;&gt;</a>&nbsp;&nbsp;&nbsp;rwble_isr
</UL>

<P><STRONG><a name="[cd]"></a>ea_sleep_check</STRONG> (Thumb, 0 bytes, Stack size 0 bytes, da14531_symbols.txt(ABSOLUTE))
<BR><BR>[Called By]<UL><LI><a href="#[d1]">&gt;&gt;</a>&nbsp;&nbsp;&nbsp;rwip_sleep
<LI><a href="#[22]">&gt;&gt;</a>&nbsp;&nbsp;&nbsp;main
</UL>

<P><STRONG><a name="[69]"></a>uart_init_func</STRONG> (Thumb, 0 bytes, Stack size 0 bytes, da14531_symbols.txt(ABSOLUTE), UNUSED)
<BR>[Address Reference Count : 1]<UL><LI> jump_table.o(.rodata.rom_func_addr_table_var)
</UL>
<P><STRONG><a name="[6a]"></a>uart_flow_on_func</STRONG> (Thumb, 0 bytes, Stack size 0 bytes, da14531_symbols.txt(ABSOLUTE), UNUSED)
<BR>[Address Reference Count : 1]<UL><LI> jump_table.o(.rodata.rom_func_addr_table_var)
</UL>
<P><STRONG><a name="[6b]"></a>uart_flow_off_func</STRONG> (Thumb, 0 bytes, Stack size 0 bytes, da14531_symbols.txt(ABSOLUTE), UNUSED)
<BR>[Address Reference Count : 1]<UL><LI> jump_table.o(.rodata.rom_func_addr_table_var)
</UL>
<P><STRONG><a name="[6c]"></a>uart_finish_transfers_func</STRONG> (Thumb, 0 bytes, Stack size 0 bytes, da14531_symbols.txt(ABSOLUTE), UNUSED)
<BR>[Address Reference Count : 1]<UL><LI> jump_table.o(.rodata.rom_func_addr_table_var)
</UL>
<P><STRONG><a name="[6d]"></a>uart_read_func</STRONG> (Thumb, 0 bytes, Stack size 0 bytes, da14531_symbols.txt(ABSOLUTE), UNUSED)
<BR>[Address Reference Count : 1]<UL><LI> jump_table.o(.rodata.rom_func_addr_table_var)
</UL>
<P><STRONG><a name="[6e]"></a>uart_write_func</STRONG> (Thumb, 0 bytes, Stack size 0 bytes, da14531_symbols.txt(ABSOLUTE), UNUSED)
<BR>[Address Reference Count : 1]<UL><LI> jump_table.o(.rodata.rom_func_addr_table_var)
</UL>
<P><STRONG><a name="[6f]"></a>UART_Handler_func</STRONG> (Thumb, 0 bytes, Stack size 0 bytes, da14531_symbols.txt(ABSOLUTE), UNUSED)
<BR>[Address Reference Count : 1]<UL><LI> jump_table.o(.rodata.rom_func_addr_table_var)
</UL>
<P><STRONG><a name="[70]"></a>gtl_init_func</STRONG> (Thumb, 0 bytes, Stack size 0 bytes, da14531_symbols.txt(ABSOLUTE), UNUSED)
<BR>[Address Reference Count : 1]<UL><LI> jump_table.o(.rodata.rom_func_addr_table_var)
</UL>
<P><STRONG><a name="[72]"></a>gtl_eif_read_start_func</STRONG> (Thumb, 0 bytes, Stack size 0 bytes, da14531_symbols.txt(ABSOLUTE), UNUSED)
<BR>[Address Reference Count : 1]<UL><LI> jump_table.o(.rodata.rom_func_addr_table_var)
</UL>
<P><STRONG><a name="[73]"></a>gtl_eif_read_hdr_func</STRONG> (Thumb, 0 bytes, Stack size 0 bytes, da14531_symbols.txt(ABSOLUTE), UNUSED)
<BR>[Address Reference Count : 1]<UL><LI> jump_table.o(.rodata.rom_func_addr_table_var)
</UL>
<P><STRONG><a name="[74]"></a>gtl_eif_read_payl_func</STRONG> (Thumb, 0 bytes, Stack size 0 bytes, da14531_symbols.txt(ABSOLUTE), UNUSED)
<BR>[Address Reference Count : 1]<UL><LI> jump_table.o(.rodata.rom_func_addr_table_var)
</UL>
<P><STRONG><a name="[75]"></a>gtl_eif_tx_done_func</STRONG> (Thumb, 0 bytes, Stack size 0 bytes, da14531_symbols.txt(ABSOLUTE), UNUSED)
<BR>[Address Reference Count : 1]<UL><LI> jump_table.o(.rodata.rom_func_addr_table_var)
</UL>
<P><STRONG><a name="[76]"></a>gtl_eif_rx_done_func</STRONG> (Thumb, 0 bytes, Stack size 0 bytes, da14531_symbols.txt(ABSOLUTE), UNUSED)
<BR>[Address Reference Count : 1]<UL><LI> jump_table.o(.rodata.rom_func_addr_table_var)
</UL>
<P><STRONG><a name="[71]"></a>gtl_eif_init_func</STRONG> (Thumb, 0 bytes, Stack size 0 bytes, da14531_symbols.txt(ABSOLUTE), UNUSED)
<BR>[Address Reference Count : 1]<UL><LI> jump_table.o(.rodata.rom_func_addr_table_var)
</UL>
<P><STRONG><a name="[213]"></a>hci_send_2_host</STRONG> (Thumb, 0 bytes, Stack size 0 bytes, da14531_symbols.txt(ABSOLUTE))
<BR><BR>[Called By]<UL><LI><a href="#[61]">&gt;&gt;</a>&nbsp;&nbsp;&nbsp;PATCHED_llc_data_ind_handler
</UL>

<P><STRONG><a name="[78]"></a>h4tl_read_start_func</STRONG> (Thumb, 0 bytes, Stack size 0 bytes, da14531_symbols.txt(ABSOLUTE), UNUSED)
<BR>[Address Reference Count : 1]<UL><LI> jump_table.o(.rodata.rom_func_addr_table_var)
</UL>
<P><STRONG><a name="[79]"></a>h4tl_read_hdr_func</STRONG> (Thumb, 0 bytes, Stack size 0 bytes, da14531_symbols.txt(ABSOLUTE), UNUSED)
<BR>[Address Reference Count : 1]<UL><LI> jump_table.o(.rodata.rom_func_addr_table_var)
</UL>
<P><STRONG><a name="[7a]"></a>h4tl_read_payl_func</STRONG> (Thumb, 0 bytes, Stack size 0 bytes, da14531_symbols.txt(ABSOLUTE), UNUSED)
<BR>[Address Reference Count : 1]<UL><LI> jump_table.o(.rodata.rom_func_addr_table_var)
</UL>
<P><STRONG><a name="[7b]"></a>h4tl_read_next_out_of_sync_func</STRONG> (Thumb, 0 bytes, Stack size 0 bytes, da14531_symbols.txt(ABSOLUTE), UNUSED)
<BR>[Address Reference Count : 1]<UL><LI> jump_table.o(.rodata.rom_func_addr_table_var)
</UL>
<P><STRONG><a name="[7c]"></a>h4tl_out_of_sync_func</STRONG> (Thumb, 0 bytes, Stack size 0 bytes, da14531_symbols.txt(ABSOLUTE), UNUSED)
<BR>[Address Reference Count : 1]<UL><LI> jump_table.o(.rodata.rom_func_addr_table_var)
</UL>
<P><STRONG><a name="[7d]"></a>h4tl_tx_done_func</STRONG> (Thumb, 0 bytes, Stack size 0 bytes, da14531_symbols.txt(ABSOLUTE), UNUSED)
<BR>[Address Reference Count : 1]<UL><LI> jump_table.o(.rodata.rom_func_addr_table_var)
</UL>
<P><STRONG><a name="[7e]"></a>h4tl_rx_done_func</STRONG> (Thumb, 0 bytes, Stack size 0 bytes, da14531_symbols.txt(ABSOLUTE), UNUSED)
<BR>[Address Reference Count : 1]<UL><LI> jump_table.o(.rodata.rom_func_addr_table_var)
</UL>
<P><STRONG><a name="[77]"></a>h4tl_init_func</STRONG> (Thumb, 0 bytes, Stack size 0 bytes, da14531_symbols.txt(ABSOLUTE), UNUSED)
<BR>[Address Reference Count : 1]<UL><LI> jump_table.o(.rodata.rom_func_addr_table_var)
</UL>
<P><STRONG><a name="[a1]"></a>attc_l2cc_pdu_recv_handler_func</STRONG> (Thumb, 0 bytes, Stack size 0 bytes, da14531_symbols.txt(ABSOLUTE), UNUSED)
<BR>[Address Reference Count : 1]<UL><LI> jump_table.o(.rodata.rom_func_addr_table_var)
</UL>
<P><STRONG><a name="[16d]"></a>attmdb_get_attribute</STRONG> (Thumb, 0 bytes, Stack size 0 bytes, da14531_symbols.txt(ABSOLUTE))
<BR><BR>[Called By]<UL><LI><a href="#[59]">&gt;&gt;</a>&nbsp;&nbsp;&nbsp;gattc_write_req_ind_handler
</UL>

<P><STRONG><a name="[16e]"></a>attmdb_att_set_value</STRONG> (Thumb, 0 bytes, Stack size 0 bytes, da14531_symbols.txt(ABSOLUTE))
<BR><BR>[Called By]<UL><LI><a href="#[59]">&gt;&gt;</a>&nbsp;&nbsp;&nbsp;gattc_write_req_ind_handler
</UL>

<P><STRONG><a name="[16a]"></a>attmdb_att_get_permission</STRONG> (Thumb, 0 bytes, Stack size 0 bytes, da14531_symbols.txt(ABSOLUTE))
<BR><BR>[Called By]<UL><LI><a href="#[59]">&gt;&gt;</a>&nbsp;&nbsp;&nbsp;gattc_write_req_ind_handler
</UL>

<P><STRONG><a name="[a0]"></a>atts_l2cc_pdu_recv_handler_func</STRONG> (Thumb, 0 bytes, Stack size 0 bytes, da14531_symbols.txt(ABSOLUTE), UNUSED)
<BR>[Address Reference Count : 1]<UL><LI> jump_table.o(.rodata.rom_func_addr_table_var)
</UL>
<P><STRONG><a name="[208]"></a>smpc_generate_e1</STRONG> (Thumb, 0 bytes, Stack size 0 bytes, da14531_symbols.txt(ABSOLUTE))
<BR><BR>[Called By]<UL><LI><a href="#[27]">&gt;&gt;</a>&nbsp;&nbsp;&nbsp;PATCHED_smpc_recv_pair_rand_pdu
</UL>

<P><STRONG><a name="[20a]"></a>smpc_pairing_end</STRONG> (Thumb, 0 bytes, Stack size 0 bytes, da14531_symbols.txt(ABSOLUTE))
<BR><BR>[Called By]<UL><LI><a href="#[28]">&gt;&gt;</a>&nbsp;&nbsp;&nbsp;PATCHED_smpc_recv_public_key_exchange_pdu
<LI><a href="#[27]">&gt;&gt;</a>&nbsp;&nbsp;&nbsp;PATCHED_smpc_recv_pair_rand_pdu
</UL>

<P><STRONG><a name="[209]"></a>smpc_pdu_send</STRONG> (Thumb, 0 bytes, Stack size 0 bytes, da14531_symbols.txt(ABSOLUTE))
<BR><BR>[Called By]<UL><LI><a href="#[28]">&gt;&gt;</a>&nbsp;&nbsp;&nbsp;PATCHED_smpc_recv_public_key_exchange_pdu
<LI><a href="#[27]">&gt;&gt;</a>&nbsp;&nbsp;&nbsp;PATCHED_smpc_recv_pair_rand_pdu
</UL>

<P><STRONG><a name="[90]"></a>smpc_pdu_recv_func</STRONG> (Thumb, 0 bytes, Stack size 0 bytes, da14531_symbols.txt(ABSOLUTE), UNUSED)
<BR>[Address Reference Count : 1]<UL><LI> jump_table.o(.rodata.rom_func_addr_table_var)
</UL>
<P><STRONG><a name="[206]"></a>smpc_generate_f4</STRONG> (Thumb, 0 bytes, Stack size 0 bytes, da14531_symbols.txt(ABSOLUTE))
<BR><BR>[Called By]<UL><LI><a href="#[27]">&gt;&gt;</a>&nbsp;&nbsp;&nbsp;PATCHED_smpc_recv_pair_rand_pdu
</UL>

<P><STRONG><a name="[20b]"></a>smpc_generate_g2</STRONG> (Thumb, 0 bytes, Stack size 0 bytes, da14531_symbols.txt(ABSOLUTE))
<BR><BR>[Called By]<UL><LI><a href="#[27]">&gt;&gt;</a>&nbsp;&nbsp;&nbsp;PATCHED_smpc_recv_pair_rand_pdu
</UL>

<P><STRONG><a name="[20c]"></a>smpc_generate_f5</STRONG> (Thumb, 0 bytes, Stack size 0 bytes, da14531_symbols.txt(ABSOLUTE))
<BR><BR>[Called By]<UL><LI><a href="#[27]">&gt;&gt;</a>&nbsp;&nbsp;&nbsp;PATCHED_smpc_recv_pair_rand_pdu
</UL>

<P><STRONG><a name="[207]"></a>gapc_get_role</STRONG> (Thumb, 0 bytes, Stack size 0 bytes, da14531_symbols.txt(ABSOLUTE))
<BR><BR>[Called By]<UL><LI><a href="#[28]">&gt;&gt;</a>&nbsp;&nbsp;&nbsp;PATCHED_smpc_recv_public_key_exchange_pdu
<LI><a href="#[27]">&gt;&gt;</a>&nbsp;&nbsp;&nbsp;PATCHED_smpc_recv_pair_rand_pdu
</UL>

<P><STRONG><a name="[1f1]"></a>gapc_lecnx_check_rx</STRONG> (Thumb, 0 bytes, Stack size 0 bytes, da14531_symbols.txt(ABSOLUTE))
<BR><BR>[Called By]<UL><LI><a href="#[9b]">&gt;&gt;</a>&nbsp;&nbsp;&nbsp;JT_l2cc_pdu_unpack_func
</UL>

<P><STRONG><a name="[1f2]"></a>l2cc_pdu_recv_ind_handler_func</STRONG> (Thumb, 0 bytes, Stack size 0 bytes, da14531_symbols.txt(ABSOLUTE))
<BR><BR>[Called By]<UL><LI><a href="#[9e]">&gt;&gt;</a>&nbsp;&nbsp;&nbsp;JT_l2cc_pdu_recv_ind_handler_func
</UL>

<P><STRONG><a name="[9f]"></a>gapc_lecb_connect_cfm_handler_func</STRONG> (Thumb, 0 bytes, Stack size 0 bytes, da14531_symbols.txt(ABSOLUTE), UNUSED)
<BR>[Address Reference Count : 1]<UL><LI> jump_table.o(.rodata.rom_func_addr_table_var)
</UL>
<P><STRONG><a name="[9a]"></a>l2cc_pdu_pack_func</STRONG> (Thumb, 0 bytes, Stack size 0 bytes, da14531_symbols.txt(ABSOLUTE), UNUSED)
<BR>[Address Reference Count : 1]<UL><LI> jump_table.o(.rodata.rom_func_addr_table_var)
</UL>
<P><STRONG><a name="[9d]"></a>l2c_process_sdu_func</STRONG> (Thumb, 0 bytes, Stack size 0 bytes, da14531_symbols.txt(ABSOLUTE), UNUSED)
<BR>[Address Reference Count : 1]<UL><LI> jump_table.o(.rodata.rom_func_addr_table_var)
</UL>
<P><STRONG><a name="[9c]"></a>l2c_send_lecb_message_func</STRONG> (Thumb, 0 bytes, Stack size 0 bytes, da14531_symbols.txt(ABSOLUTE), UNUSED)
<BR>[Address Reference Count : 1]<UL><LI> jump_table.o(.rodata.rom_func_addr_table_var)
</UL>
<P><STRONG><a name="[8f]"></a>smpc_check_param_func</STRONG> (Thumb, 0 bytes, Stack size 0 bytes, da14531_symbols.txt(ABSOLUTE), UNUSED)
<BR>[Address Reference Count : 1]<UL><LI> jump_table.o(.rodata.rom_func_addr_table_var)
</UL>
<P><STRONG><a name="[24]"></a>smpc_recv_pair_rand_pdu</STRONG> (Thumb, 0 bytes, Stack size 0 bytes, da14531_symbols.txt(ABSOLUTE), UNUSED)
<BR>[Address Reference Count : 1]<UL><LI> system_library_531.o(.text)
</UL>
<P><STRONG><a name="[25]"></a>smpc_recv_public_key_exchange_pdu</STRONG> (Thumb, 0 bytes, Stack size 0 bytes, da14531_symbols.txt(ABSOLUTE), UNUSED)
<BR>[Address Reference Count : 1]<UL><LI> system_library_531.o(.text)
</UL>
<P><STRONG><a name="[b0]"></a>smpc_public_key_exchange_start_func</STRONG> (Thumb, 0 bytes, Stack size 0 bytes, da14531_symbols.txt(ABSOLUTE), UNUSED)
<BR>[Address Reference Count : 1]<UL><LI> jump_table.o(.rodata.rom_func_addr_table_var)
</UL>
<P><STRONG><a name="[20d]"></a>smpc_dhkey_calc_start</STRONG> (Thumb, 0 bytes, Stack size 0 bytes, da14531_symbols.txt(ABSOLUTE))
<BR><BR>[Called By]<UL><LI><a href="#[28]">&gt;&gt;</a>&nbsp;&nbsp;&nbsp;PATCHED_smpc_recv_public_key_exchange_pdu
</UL>

<P><STRONG><a name="[b1]"></a>smpc_dhkey_calc_ind_func</STRONG> (Thumb, 0 bytes, Stack size 0 bytes, da14531_symbols.txt(ABSOLUTE), UNUSED)
<BR>[Address Reference Count : 1]<UL><LI> jump_table.o(.rodata.rom_func_addr_table_var)
</UL>
<P><STRONG><a name="[14c]"></a>ke_sleep_check</STRONG> (Thumb, 0 bytes, Stack size 0 bytes, da14531_symbols.txt(ABSOLUTE))
<BR><BR>[Called By]<UL><LI><a href="#[d1]">&gt;&gt;</a>&nbsp;&nbsp;&nbsp;rwip_sleep
</UL>

<P><STRONG><a name="[167]"></a>ke_msg_alloc</STRONG> (Thumb, 0 bytes, Stack size 0 bytes, da14531_symbols.txt(ABSOLUTE))
<BR><BR>[Called By]<UL><LI><a href="#[57]">&gt;&gt;</a>&nbsp;&nbsp;&nbsp;app_custs1_create_db
<LI><a href="#[1b1]">&gt;&gt;</a>&nbsp;&nbsp;&nbsp;app_easy_timer_modify
<LI><a href="#[1ae]">&gt;&gt;</a>&nbsp;&nbsp;&nbsp;create_timer
<LI><a href="#[56]">&gt;&gt;</a>&nbsp;&nbsp;&nbsp;user_catch_rest_hndl
<LI><a href="#[54]">&gt;&gt;</a>&nbsp;&nbsp;&nbsp;app_timer_api_process_handler
<LI><a href="#[4b]">&gt;&gt;</a>&nbsp;&nbsp;&nbsp;gapc_get_dev_info_req_ind_handler_wrapper
<LI><a href="#[46]">&gt;&gt;</a>&nbsp;&nbsp;&nbsp;gapm_device_ready_ind_handler_wrapper
<LI><a href="#[1a0]">&gt;&gt;</a>&nbsp;&nbsp;&nbsp;app_easy_gap_get_peer_features
<LI><a href="#[19c]">&gt;&gt;</a>&nbsp;&nbsp;&nbsp;app_easy_gap_scan_stop
<LI><a href="#[19a]">&gt;&gt;</a>&nbsp;&nbsp;&nbsp;app_easy_gap_start_scan_get_active
<LI><a href="#[18f]">&gt;&gt;</a>&nbsp;&nbsp;&nbsp;app_easy_timer_cancel
<LI><a href="#[19e]">&gt;&gt;</a>&nbsp;&nbsp;&nbsp;app_easy_gap_dev_config_create_msg
<LI><a href="#[197]">&gt;&gt;</a>&nbsp;&nbsp;&nbsp;app_easy_gap_start_connection_to_msg_create
<LI><a href="#[194]">&gt;&gt;</a>&nbsp;&nbsp;&nbsp;app_easy_gap_param_update_msg_create
<LI><a href="#[18c]">&gt;&gt;</a>&nbsp;&nbsp;&nbsp;app_easy_gap_non_connectable_advertise_start_create_msg
<LI><a href="#[189]">&gt;&gt;</a>&nbsp;&nbsp;&nbsp;app_easy_gap_directed_advertise_start_create_msg
<LI><a href="#[186]">&gt;&gt;</a>&nbsp;&nbsp;&nbsp;app_easy_gap_undirected_advertise_start_create_msg
<LI><a href="#[60]">&gt;&gt;</a>&nbsp;&nbsp;&nbsp;custs1_value_req_rsp_handler
<LI><a href="#[59]">&gt;&gt;</a>&nbsp;&nbsp;&nbsp;gattc_write_req_ind_handler
<LI><a href="#[1c2]">&gt;&gt;</a>&nbsp;&nbsp;&nbsp;user_svc3_read_non_db_val_handler
<LI><a href="#[1c1]">&gt;&gt;</a>&nbsp;&nbsp;&nbsp;user_svc1_rest_att_info_req_handler
<LI><a href="#[1c0]">&gt;&gt;</a>&nbsp;&nbsp;&nbsp;user_svc1_long_val_att_info_req_handler
<LI><a href="#[1bf]">&gt;&gt;</a>&nbsp;&nbsp;&nbsp;user_svc1_long_val_cfg_ind_handler
<LI><a href="#[3f]">&gt;&gt;</a>&nbsp;&nbsp;&nbsp;app_adcval1_timer_cb_handler
</UL>

<P><STRONG><a name="[168]"></a>ke_msg_send</STRONG> (Thumb, 0 bytes, Stack size 0 bytes, da14531_symbols.txt(ABSOLUTE))
<BR><BR>[Called By]<UL><LI><a href="#[57]">&gt;&gt;</a>&nbsp;&nbsp;&nbsp;app_custs1_create_db
<LI><a href="#[1b1]">&gt;&gt;</a>&nbsp;&nbsp;&nbsp;app_easy_timer_modify
<LI><a href="#[1ae]">&gt;&gt;</a>&nbsp;&nbsp;&nbsp;create_timer
<LI><a href="#[1ab]">&gt;&gt;</a>&nbsp;&nbsp;&nbsp;app_msg_send_wakeup_ble
<LI><a href="#[56]">&gt;&gt;</a>&nbsp;&nbsp;&nbsp;user_catch_rest_hndl
<LI><a href="#[54]">&gt;&gt;</a>&nbsp;&nbsp;&nbsp;app_timer_api_process_handler
<LI><a href="#[4b]">&gt;&gt;</a>&nbsp;&nbsp;&nbsp;gapc_get_dev_info_req_ind_handler_wrapper
<LI><a href="#[46]">&gt;&gt;</a>&nbsp;&nbsp;&nbsp;gapm_device_ready_ind_handler_wrapper
<LI><a href="#[1a0]">&gt;&gt;</a>&nbsp;&nbsp;&nbsp;app_easy_gap_get_peer_features
<LI><a href="#[64]">&gt;&gt;</a>&nbsp;&nbsp;&nbsp;app_easy_gap_dev_configure
<LI><a href="#[19c]">&gt;&gt;</a>&nbsp;&nbsp;&nbsp;app_easy_gap_scan_stop
<LI><a href="#[19b]">&gt;&gt;</a>&nbsp;&nbsp;&nbsp;app_easy_gap_start_scan
<LI><a href="#[199]">&gt;&gt;</a>&nbsp;&nbsp;&nbsp;app_easy_gap_start_connection_to
<LI><a href="#[195]">&gt;&gt;</a>&nbsp;&nbsp;&nbsp;app_easy_gap_param_update_start
<LI><a href="#[18f]">&gt;&gt;</a>&nbsp;&nbsp;&nbsp;app_easy_timer_cancel
<LI><a href="#[18d]">&gt;&gt;</a>&nbsp;&nbsp;&nbsp;app_easy_gap_non_connectable_advertise_start
<LI><a href="#[18a]">&gt;&gt;</a>&nbsp;&nbsp;&nbsp;app_easy_gap_directed_advertise_start
<LI><a href="#[177]">&gt;&gt;</a>&nbsp;&nbsp;&nbsp;app_easy_gap_undirected_advertise_start
<LI><a href="#[60]">&gt;&gt;</a>&nbsp;&nbsp;&nbsp;custs1_value_req_rsp_handler
<LI><a href="#[59]">&gt;&gt;</a>&nbsp;&nbsp;&nbsp;gattc_write_req_ind_handler
<LI><a href="#[1c2]">&gt;&gt;</a>&nbsp;&nbsp;&nbsp;user_svc3_read_non_db_val_handler
<LI><a href="#[1c1]">&gt;&gt;</a>&nbsp;&nbsp;&nbsp;user_svc1_rest_att_info_req_handler
<LI><a href="#[1c0]">&gt;&gt;</a>&nbsp;&nbsp;&nbsp;user_svc1_long_val_att_info_req_handler
<LI><a href="#[1bf]">&gt;&gt;</a>&nbsp;&nbsp;&nbsp;user_svc1_long_val_cfg_ind_handler
<LI><a href="#[3f]">&gt;&gt;</a>&nbsp;&nbsp;&nbsp;app_adcval1_timer_cb_handler
</UL>

<P><STRONG><a name="[7f]"></a>ke_task_init_func</STRONG> (Thumb, 0 bytes, Stack size 0 bytes, da14531_symbols.txt(ABSOLUTE), UNUSED)
<BR>[Address Reference Count : 1]<UL><LI> jump_table.o(.rodata.rom_func_addr_table_var)
</UL>
<P><STRONG><a name="[173]"></a>ke_task_create</STRONG> (Thumb, 0 bytes, Stack size 0 bytes, da14531_symbols.txt(ABSOLUTE))
<BR><BR>[Called By]<UL><LI><a href="#[f8]">&gt;&gt;</a>&nbsp;&nbsp;&nbsp;app_init
<LI><a href="#[91]">&gt;&gt;</a>&nbsp;&nbsp;&nbsp;prf_init_func
</UL>

<P><STRONG><a name="[172]"></a>ke_state_set</STRONG> (Thumb, 0 bytes, Stack size 0 bytes, da14531_symbols.txt(ABSOLUTE))
<BR><BR>[Called By]<UL><LI><a href="#[26]">&gt;&gt;</a>&nbsp;&nbsp;&nbsp;PATCHED_llm_con_req_ind
<LI><a href="#[f8]">&gt;&gt;</a>&nbsp;&nbsp;&nbsp;app_init
<LI><a href="#[49]">&gt;&gt;</a>&nbsp;&nbsp;&nbsp;gapc_connection_req_ind_handler_wrapper
<LI><a href="#[19b]">&gt;&gt;</a>&nbsp;&nbsp;&nbsp;app_easy_gap_start_scan
<LI><a href="#[18d]">&gt;&gt;</a>&nbsp;&nbsp;&nbsp;app_easy_gap_non_connectable_advertise_start
<LI><a href="#[18a]">&gt;&gt;</a>&nbsp;&nbsp;&nbsp;app_easy_gap_directed_advertise_start
<LI><a href="#[177]">&gt;&gt;</a>&nbsp;&nbsp;&nbsp;app_easy_gap_undirected_advertise_start
<LI><a href="#[60]">&gt;&gt;</a>&nbsp;&nbsp;&nbsp;custs1_value_req_rsp_handler
</UL>

<P><STRONG><a name="[170]"></a>ke_state_get</STRONG> (Thumb, 0 bytes, Stack size 0 bytes, da14531_symbols.txt(ABSOLUTE))
<BR><BR>[Called By]<UL><LI><a href="#[61]">&gt;&gt;</a>&nbsp;&nbsp;&nbsp;PATCHED_llc_data_ind_handler
<LI><a href="#[9e]">&gt;&gt;</a>&nbsp;&nbsp;&nbsp;JT_l2cc_pdu_recv_ind_handler_func
<LI><a href="#[4a]">&gt;&gt;</a>&nbsp;&nbsp;&nbsp;gapc_disconnect_ind_handler_wrapper
<LI><a href="#[49]">&gt;&gt;</a>&nbsp;&nbsp;&nbsp;gapc_connection_req_ind_handler_wrapper
<LI><a href="#[46]">&gt;&gt;</a>&nbsp;&nbsp;&nbsp;gapm_device_ready_ind_handler_wrapper
<LI><a href="#[18d]">&gt;&gt;</a>&nbsp;&nbsp;&nbsp;app_easy_gap_non_connectable_advertise_start
<LI><a href="#[60]">&gt;&gt;</a>&nbsp;&nbsp;&nbsp;custs1_value_req_rsp_handler
<LI><a href="#[3f]">&gt;&gt;</a>&nbsp;&nbsp;&nbsp;app_adcval1_timer_cb_handler
</UL>

<P><STRONG><a name="[175]"></a>ke_task_msg_flush</STRONG> (Thumb, 0 bytes, Stack size 0 bytes, da14531_symbols.txt(ABSOLUTE))
<BR><BR>[Called By]<UL><LI><a href="#[91]">&gt;&gt;</a>&nbsp;&nbsp;&nbsp;prf_init_func
</UL>

<P><STRONG><a name="[80]"></a>ke_timer_init_func</STRONG> (Thumb, 0 bytes, Stack size 0 bytes, da14531_symbols.txt(ABSOLUTE), UNUSED)
<BR>[Address Reference Count : 1]<UL><LI> jump_table.o(.rodata.rom_func_addr_table_var)
</UL>
<P><STRONG><a name="[1af]"></a>ke_timer_set</STRONG> (Thumb, 0 bytes, Stack size 0 bytes, da14531_symbols.txt(ABSOLUTE))
<BR><BR>[Called By]<UL><LI><a href="#[1ae]">&gt;&gt;</a>&nbsp;&nbsp;&nbsp;create_timer
<LI><a href="#[54]">&gt;&gt;</a>&nbsp;&nbsp;&nbsp;app_timer_api_process_handler
</UL>

<P><STRONG><a name="[1b0]"></a>ke_timer_clear</STRONG> (Thumb, 0 bytes, Stack size 0 bytes, da14531_symbols.txt(ABSOLUTE))
<BR><BR>[Called By]<UL><LI><a href="#[26]">&gt;&gt;</a>&nbsp;&nbsp;&nbsp;PATCHED_llm_con_req_ind
<LI><a href="#[1b1]">&gt;&gt;</a>&nbsp;&nbsp;&nbsp;app_easy_timer_modify
<LI><a href="#[18f]">&gt;&gt;</a>&nbsp;&nbsp;&nbsp;app_easy_timer_cancel
</UL>

<P><STRONG><a name="[14d]"></a>ke_timer_sleep_check</STRONG> (Thumb, 0 bytes, Stack size 0 bytes, da14531_symbols.txt(ABSOLUTE))
<BR><BR>[Called By]<UL><LI><a href="#[d1]">&gt;&gt;</a>&nbsp;&nbsp;&nbsp;rwip_sleep
</UL>

<P><STRONG><a name="[cb]"></a>rwip_schedule</STRONG> (Thumb, 0 bytes, Stack size 0 bytes, da14531_symbols.txt(ABSOLUTE))
<BR><BR>[Called By]<UL><LI><a href="#[22]">&gt;&gt;</a>&nbsp;&nbsp;&nbsp;main
</UL>

<P><STRONG><a name="[143]"></a>rwip_wakeup</STRONG> (Thumb, 0 bytes, Stack size 0 bytes, da14531_symbols.txt(ABSOLUTE))
<BR><BR>[Called By]<UL><LI><a href="#[b]">&gt;&gt;</a>&nbsp;&nbsp;&nbsp;rwble_isr
</UL>

<P><STRONG><a name="[145]"></a>rwip_wakeup_end</STRONG> (Thumb, 0 bytes, Stack size 0 bytes, da14531_symbols.txt(ABSOLUTE))
<BR><BR>[Called By]<UL><LI><a href="#[b]">&gt;&gt;</a>&nbsp;&nbsp;&nbsp;rwble_isr
</UL>

<P><STRONG><a name="[df]"></a>rwip_wakeup_delay_set</STRONG> (Thumb, 0 bytes, Stack size 0 bytes, da14531_symbols.txt(ABSOLUTE))
<BR><BR>[Called By]<UL><LI><a href="#[dc]">&gt;&gt;</a>&nbsp;&nbsp;&nbsp;set_sleep_delay
</UL>

<P><STRONG><a name="[dd]"></a>__aeabi_uidiv</STRONG> (Thumb, 0 bytes, Stack size 0 bytes, da14531_symbols.txt(ABSOLUTE))
<BR><BR>[Called By]<UL><LI><a href="#[118]">&gt;&gt;</a>&nbsp;&nbsp;&nbsp;adc_correct_sample
<LI><a href="#[e6]">&gt;&gt;</a>&nbsp;&nbsp;&nbsp;lld_sleep_us_2_lpcycles_rcx_func
<LI><a href="#[dc]">&gt;&gt;</a>&nbsp;&nbsp;&nbsp;set_sleep_delay
<LI><a href="#[8a]">&gt;&gt;</a>&nbsp;&nbsp;&nbsp;lld_sleep_us_2_lpcycles_sel_func
<LI><a href="#[88]">&gt;&gt;</a>&nbsp;&nbsp;&nbsp;lld_sleep_compensate_func
<LI><a href="#[164]">&gt;&gt;</a>&nbsp;&nbsp;&nbsp;kdco_calibration
<LI><a href="#[34]">&gt;&gt;</a>&nbsp;&nbsp;&nbsp;rf_rssi_convert
<LI><a href="#[1eb]">&gt;&gt;</a>&nbsp;&nbsp;&nbsp;SEGGER_RTT_vprintf
<LI><a href="#[1ed]">&gt;&gt;</a>&nbsp;&nbsp;&nbsp;_PrintUnsigned
</UL>

<P><STRONG><a name="[119]"></a>__aeabi_idiv</STRONG> (Thumb, 0 bytes, Stack size 0 bytes, da14531_symbols.txt(ABSOLUTE))
<BR><BR>[Called By]<UL><LI><a href="#[11b]">&gt;&gt;</a>&nbsp;&nbsp;&nbsp;temp_calc
<LI><a href="#[118]">&gt;&gt;</a>&nbsp;&nbsp;&nbsp;adc_correct_sample
</UL>

<P><STRONG><a name="[e7]"></a>__aeabi_lmul</STRONG> (Thumb, 0 bytes, Stack size 0 bytes, da14531_symbols.txt(ABSOLUTE))
<BR><BR>[Called By]<UL><LI><a href="#[de]">&gt;&gt;</a>&nbsp;&nbsp;&nbsp;lld_sleep_lpcycles_2_us_rcx_func
<LI><a href="#[d1]">&gt;&gt;</a>&nbsp;&nbsp;&nbsp;rwip_sleep
</UL>

<P><STRONG><a name="[fd]"></a>__aeabi_memcpy</STRONG> (Thumb, 0 bytes, Stack size 0 bytes, da14531_symbols.txt(ABSOLUTE))
<BR><BR>[Called By]<UL><LI><a href="#[28]">&gt;&gt;</a>&nbsp;&nbsp;&nbsp;PATCHED_smpc_recv_public_key_exchange_pdu
<LI><a href="#[27]">&gt;&gt;</a>&nbsp;&nbsp;&nbsp;PATCHED_smpc_recv_pair_rand_pdu
<LI><a href="#[26]">&gt;&gt;</a>&nbsp;&nbsp;&nbsp;PATCHED_llm_con_req_ind
<LI><a href="#[fe]">&gt;&gt;</a>&nbsp;&nbsp;&nbsp;patch_func
<LI><a href="#[f9]">&gt;&gt;</a>&nbsp;&nbsp;&nbsp;user_app_init
<LI><a href="#[f8]">&gt;&gt;</a>&nbsp;&nbsp;&nbsp;app_init
<LI><a href="#[f2]">&gt;&gt;</a>&nbsp;&nbsp;&nbsp;arch_rom_init
<LI><a href="#[f0]">&gt;&gt;</a>&nbsp;&nbsp;&nbsp;otp_cs_store
<LI><a href="#[ef]">&gt;&gt;</a>&nbsp;&nbsp;&nbsp;otp_hdr_get_bd_address
<LI><a href="#[9b]">&gt;&gt;</a>&nbsp;&nbsp;&nbsp;JT_l2cc_pdu_unpack_func
<LI><a href="#[67]">&gt;&gt;</a>&nbsp;&nbsp;&nbsp;rf_init_func
<LI><a href="#[4b]">&gt;&gt;</a>&nbsp;&nbsp;&nbsp;gapc_get_dev_info_req_ind_handler_wrapper
<LI><a href="#[49]">&gt;&gt;</a>&nbsp;&nbsp;&nbsp;gapc_connection_req_ind_handler_wrapper
<LI><a href="#[198]">&gt;&gt;</a>&nbsp;&nbsp;&nbsp;app_easy_gap_start_connection_to_set
<LI><a href="#[18c]">&gt;&gt;</a>&nbsp;&nbsp;&nbsp;app_easy_gap_non_connectable_advertise_start_create_msg
<LI><a href="#[189]">&gt;&gt;</a>&nbsp;&nbsp;&nbsp;app_easy_gap_directed_advertise_start_create_msg
<LI><a href="#[186]">&gt;&gt;</a>&nbsp;&nbsp;&nbsp;app_easy_gap_undirected_advertise_start_create_msg
<LI><a href="#[bc]">&gt;&gt;</a>&nbsp;&nbsp;&nbsp;default_app_on_set_dev_info
<LI><a href="#[b9]">&gt;&gt;</a>&nbsp;&nbsp;&nbsp;default_app_on_get_dev_name
<LI><a href="#[17d]">&gt;&gt;</a>&nbsp;&nbsp;&nbsp;user_app_adv_start
<LI><a href="#[60]">&gt;&gt;</a>&nbsp;&nbsp;&nbsp;custs1_value_req_rsp_handler
<LI><a href="#[59]">&gt;&gt;</a>&nbsp;&nbsp;&nbsp;gattc_write_req_ind_handler
<LI><a href="#[1d0]">&gt;&gt;</a>&nbsp;&nbsp;&nbsp;SEGGER_RTT_WriteSkipNoLock
<LI><a href="#[1cf]">&gt;&gt;</a>&nbsp;&nbsp;&nbsp;SEGGER_RTT_WriteWithOverwriteNoLock
<LI><a href="#[1cc]">&gt;&gt;</a>&nbsp;&nbsp;&nbsp;SEGGER_RTT_ReadNoLock
<LI><a href="#[1ca]">&gt;&gt;</a>&nbsp;&nbsp;&nbsp;SEGGER_RTT_ReadUpBufferNoLock
<LI><a href="#[1d4]">&gt;&gt;</a>&nbsp;&nbsp;&nbsp;_WriteBlocking
<LI><a href="#[1d3]">&gt;&gt;</a>&nbsp;&nbsp;&nbsp;_WriteNoCheck
<LI><a href="#[40]">&gt;&gt;</a>&nbsp;&nbsp;&nbsp;adv_data_update_timer_cb
<LI><a href="#[1bc]">&gt;&gt;</a>&nbsp;&nbsp;&nbsp;user_svc1_led_wr_ind_handler
<LI><a href="#[1ba]">&gt;&gt;</a>&nbsp;&nbsp;&nbsp;user_svc1_ctrl_wr_ind_handler
</UL>

<P><STRONG><a name="[15c]"></a>__aeabi_memcpy4</STRONG> (Thumb, 0 bytes, Stack size 0 bytes, da14531_symbols.txt(ABSOLUTE))
<BR><BR>[Called By]<UL><LI><a href="#[b3]">&gt;&gt;</a>&nbsp;&nbsp;&nbsp;ble_init_arp_func
</UL>

<P><STRONG><a name="[19f]"></a>__aeabi_memclr</STRONG> (Thumb, 0 bytes, Stack size 0 bytes, da14531_symbols.txt(ABSOLUTE))
<BR><BR>[Called By]<UL><LI><a href="#[19e]">&gt;&gt;</a>&nbsp;&nbsp;&nbsp;app_easy_gap_dev_config_create_msg
<LI><a href="#[184]">&gt;&gt;</a>&nbsp;&nbsp;&nbsp;app_generate_static_key
</UL>

<P><STRONG><a name="[1a3]"></a>__aeabi_memclr4</STRONG> (Thumb, 0 bytes, Stack size 0 bytes, da14531_symbols.txt(ABSOLUTE))
<BR><BR>[Called By]<UL><LI><a href="#[4b]">&gt;&gt;</a>&nbsp;&nbsp;&nbsp;gapc_get_dev_info_req_ind_handler_wrapper
</UL>

<P><STRONG><a name="[fb]"></a>__aeabi_memclr8</STRONG> (Thumb, 0 bytes, Stack size 0 bytes, da14531_symbols.txt(ABSOLUTE))
<BR><BR>[Called By]<UL><LI><a href="#[f2]">&gt;&gt;</a>&nbsp;&nbsp;&nbsp;arch_rom_init
</UL>

<P><STRONG><a name="[1f8]"></a>memcmp</STRONG> (Thumb, 0 bytes, Stack size 0 bytes, da14531_symbols.txt(ABSOLUTE))
<BR><BR>[Called By]<UL><LI><a href="#[28]">&gt;&gt;</a>&nbsp;&nbsp;&nbsp;PATCHED_smpc_recv_public_key_exchange_pdu
<LI><a href="#[27]">&gt;&gt;</a>&nbsp;&nbsp;&nbsp;PATCHED_smpc_recv_pair_rand_pdu
<LI><a href="#[26]">&gt;&gt;</a>&nbsp;&nbsp;&nbsp;PATCHED_llm_con_req_ind
</UL>

<P><STRONG><a name="[182]"></a>__aeabi_llsl</STRONG> (Thumb, 0 bytes, Stack size 0 bytes, da14531_symbols.txt(ABSOLUTE), UNUSED)
<BR><BR>[Called By]<UL><LI><a href="#[180]">&gt;&gt;</a>&nbsp;&nbsp;&nbsp;default_app_generate_unique_static_random_addr
</UL>

<P><STRONG><a name="[82]"></a>nvds_get_func</STRONG> (Thumb, 0 bytes, Stack size 0 bytes, da14531_symbols.txt(ABSOLUTE), UNUSED)
<BR>[Address Reference Count : 1]<UL><LI> jump_table.o(.rodata.rom_func_addr_table_var)
</UL>
<P><STRONG><a name="[85]"></a>nvds_init_func</STRONG> (Thumb, 0 bytes, Stack size 0 bytes, da14531_symbols.txt(ABSOLUTE), UNUSED)
<BR>[Address Reference Count : 1]<UL><LI> jump_table.o(.rodata.rom_func_addr_table_var)
</UL>
<P><STRONG><a name="[84]"></a>nvds_del_func</STRONG> (Thumb, 0 bytes, Stack size 0 bytes, da14531_symbols.txt(ABSOLUTE), UNUSED)
<BR>[Address Reference Count : 1]<UL><LI> jump_table.o(.rodata.rom_func_addr_table_var)
</UL>
<P><STRONG><a name="[83]"></a>nvds_put_func</STRONG> (Thumb, 0 bytes, Stack size 0 bytes, da14531_symbols.txt(ABSOLUTE), UNUSED)
<BR>[Address Reference Count : 1]<UL><LI> jump_table.o(.rodata.rom_func_addr_table_var)
</UL>
<P><STRONG><a name="[da]"></a>csprng_seed</STRONG> (Thumb, 0 bytes, Stack size 0 bytes, da14531_symbols.txt(ABSOLUTE))
<BR><BR>[Called By]<UL><LI><a href="#[f4]">&gt;&gt;</a>&nbsp;&nbsp;&nbsp;init_rand_seed_from_trng
<LI><a href="#[ae]">&gt;&gt;</a>&nbsp;&nbsp;&nbsp;dia_srand_func
</UL>

<P><STRONG><a name="[d9]"></a>csprng_get_next_uint32</STRONG> (Thumb, 0 bytes, Stack size 0 bytes, da14531_symbols.txt(ABSOLUTE))
<BR><BR>[Called By]<UL><LI><a href="#[ad]">&gt;&gt;</a>&nbsp;&nbsp;&nbsp;dia_rand_func
</UL>

<P><STRONG><a name="[137]"></a>trng_acquire</STRONG> (Thumb, 0 bytes, Stack size 0 bytes, da14531_symbols.txt(ABSOLUTE))
<BR><BR>[Called By]<UL><LI><a href="#[f4]">&gt;&gt;</a>&nbsp;&nbsp;&nbsp;init_rand_seed_from_trng
</UL>

<P><STRONG><a name="[92]"></a>prf_add_profile_func</STRONG> (Thumb, 0 bytes, Stack size 0 bytes, da14531_symbols.txt(ABSOLUTE), UNUSED)
<BR>[Address Reference Count : 1]<UL><LI> jump_table.o(.rodata.rom_func_addr_table_var)
</UL>
<P><STRONG><a name="[94]"></a>prf_cleanup_func</STRONG> (Thumb, 0 bytes, Stack size 0 bytes, da14531_symbols.txt(ABSOLUTE), UNUSED)
<BR>[Address Reference Count : 1]<UL><LI> jump_table.o(.rodata.rom_func_addr_table_var)
</UL>
<P><STRONG><a name="[165]"></a>prf_env_get</STRONG> (Thumb, 0 bytes, Stack size 0 bytes, da14531_symbols.txt(ABSOLUTE))
<BR><BR>[Called By]<UL><LI><a href="#[59]">&gt;&gt;</a>&nbsp;&nbsp;&nbsp;gattc_write_req_ind_handler
</UL>

<P><STRONG><a name="[16f]"></a>prf_dst_task_get</STRONG> (Thumb, 0 bytes, Stack size 0 bytes, da14531_symbols.txt(ABSOLUTE))
<BR><BR>[Called By]<UL><LI><a href="#[59]">&gt;&gt;</a>&nbsp;&nbsp;&nbsp;gattc_write_req_ind_handler
</UL>

<P><STRONG><a name="[95]"></a>prf_get_id_from_task_func</STRONG> (Thumb, 0 bytes, Stack size 0 bytes, da14531_symbols.txt(ABSOLUTE), UNUSED)
<BR>[Address Reference Count : 1]<UL><LI> jump_table.o(.rodata.rom_func_addr_table_var)
</UL>
<P><STRONG><a name="[96]"></a>prf_get_task_from_id_func</STRONG> (Thumb, 0 bytes, Stack size 0 bytes, da14531_symbols.txt(ABSOLUTE), UNUSED)
<BR>[Address Reference Count : 1]<UL><LI> jump_table.o(.rodata.rom_func_addr_table_var)
</UL>
<P><STRONG><a name="[174]"></a>prf_itf_get</STRONG> (Thumb, 0 bytes, Stack size 0 bytes, da14531_symbols.txt(ABSOLUTE))
<BR><BR>[Called By]<UL><LI><a href="#[93]">&gt;&gt;</a>&nbsp;&nbsp;&nbsp;prf_create_func
<LI><a href="#[91]">&gt;&gt;</a>&nbsp;&nbsp;&nbsp;prf_init_func
</UL>

<P><STRONG><a name="[16b]"></a>check_client_char_cfg</STRONG> (Thumb, 0 bytes, Stack size 0 bytes, da14531_symbols.txt(ABSOLUTE))
<BR><BR>[Called By]<UL><LI><a href="#[59]">&gt;&gt;</a>&nbsp;&nbsp;&nbsp;gattc_write_req_ind_handler
</UL>

<P><STRONG><a name="[169]"></a>get_value_handle</STRONG> (Thumb, 0 bytes, Stack size 0 bytes, da14531_symbols.txt(ABSOLUTE))
<BR><BR>[Called By]<UL><LI><a href="#[59]">&gt;&gt;</a>&nbsp;&nbsp;&nbsp;gattc_write_req_ind_handler
</UL>

<P><STRONG><a name="[171]"></a>custs1_get_att_handle</STRONG> (Thumb, 0 bytes, Stack size 0 bytes, da14531_symbols.txt(ABSOLUTE))
<BR><BR>[Called By]<UL><LI><a href="#[60]">&gt;&gt;</a>&nbsp;&nbsp;&nbsp;custs1_value_req_rsp_handler
</UL>

<P><STRONG><a name="[166]"></a>custs1_get_att_idx</STRONG> (Thumb, 0 bytes, Stack size 0 bytes, da14531_symbols.txt(ABSOLUTE))
<BR><BR>[Called By]<UL><LI><a href="#[59]">&gt;&gt;</a>&nbsp;&nbsp;&nbsp;gattc_write_req_ind_handler
</UL>

<P><STRONG><a name="[63]"></a>custs1_prf_itf_get</STRONG> (Thumb, 0 bytes, Stack size 0 bytes, da14531_symbols.txt(ABSOLUTE), UNUSED)
<BR>[Address Reference Count : 1]<UL><LI> prf.o(.rodata.prf_if)
</UL>
<P><STRONG><a name="[16c]"></a>custs1_set_ccc_value</STRONG> (Thumb, 0 bytes, Stack size 0 bytes, da14531_symbols.txt(ABSOLUTE))
<BR><BR>[Called By]<UL><LI><a href="#[59]">&gt;&gt;</a>&nbsp;&nbsp;&nbsp;gattc_write_req_ind_handler
</UL>

<P><STRONG><a name="[5b]"></a>gattc_cmp_evt_handler</STRONG> (Thumb, 0 bytes, Stack size 0 bytes, da14531_symbols.txt(ABSOLUTE), UNUSED)
<BR>[Address Reference Count : 1]<UL><LI> custs1_task.o(.rodata.custs1_default_state)
</UL>
<P><STRONG><a name="[5d]"></a>custs1_val_set_req_handler</STRONG> (Thumb, 0 bytes, Stack size 0 bytes, da14531_symbols.txt(ABSOLUTE), UNUSED)
<BR>[Address Reference Count : 1]<UL><LI> custs1_task.o(.rodata.custs1_default_state)
</UL>
<P><STRONG><a name="[5c]"></a>custs1_val_ntf_req_handler</STRONG> (Thumb, 0 bytes, Stack size 0 bytes, da14531_symbols.txt(ABSOLUTE), UNUSED)
<BR>[Address Reference Count : 1]<UL><LI> custs1_task.o(.rodata.custs1_default_state)
</UL>
<P><STRONG><a name="[5e]"></a>custs1_val_ind_req_handler</STRONG> (Thumb, 0 bytes, Stack size 0 bytes, da14531_symbols.txt(ABSOLUTE), UNUSED)
<BR>[Address Reference Count : 1]<UL><LI> custs1_task.o(.rodata.custs1_default_state)
</UL>
<P><STRONG><a name="[5f]"></a>custs1_att_info_rsp_handler</STRONG> (Thumb, 0 bytes, Stack size 0 bytes, da14531_symbols.txt(ABSOLUTE), UNUSED)
<BR>[Address Reference Count : 1]<UL><LI> custs1_task.o(.rodata.custs1_default_state)
</UL>
<P><STRONG><a name="[58]"></a>gattc_read_req_ind_handler</STRONG> (Thumb, 0 bytes, Stack size 0 bytes, da14531_symbols.txt(ABSOLUTE), UNUSED)
<BR>[Address Reference Count : 1]<UL><LI> custs1_task.o(.rodata.custs1_default_state)
</UL>
<P><STRONG><a name="[5a]"></a>gattc_att_info_req_ind_handler</STRONG> (Thumb, 0 bytes, Stack size 0 bytes, da14531_symbols.txt(ABSOLUTE), UNUSED)
<BR>[Address Reference Count : 1]<UL><LI> custs1_task.o(.rodata.custs1_default_state)
</UL>
<P><STRONG><a name="[1a6]"></a>gapm_adv_report_ind_handler_ROM</STRONG> (Thumb, 0 bytes, Stack size 0 bytes, da14531_symbols.txt(ABSOLUTE))
<BR><BR>[Called By]<UL><LI><a href="#[4e]">&gt;&gt;</a>&nbsp;&nbsp;&nbsp;gapm_adv_report_ind_handler_wrapper
</UL>

<P><STRONG><a name="[1a4]"></a>gapc_set_dev_info_req_ind_handler_ROM</STRONG> (Thumb, 0 bytes, Stack size 0 bytes, da14531_symbols.txt(ABSOLUTE))
<BR><BR>[Called By]<UL><LI><a href="#[4c]">&gt;&gt;</a>&nbsp;&nbsp;&nbsp;gapc_set_dev_info_req_ind_handler_wrapper
</UL>

<P><STRONG><a name="[1a5]"></a>gapm_profile_added_ind_handler_ROM</STRONG> (Thumb, 0 bytes, Stack size 0 bytes, da14531_symbols.txt(ABSOLUTE))
<BR><BR>[Called By]<UL><LI><a href="#[4d]">&gt;&gt;</a>&nbsp;&nbsp;&nbsp;gapm_profile_added_ind_handler_wrapper
</UL>

<P><STRONG><a name="[1a7]"></a>gapc_param_update_req_ind_handler_ROM</STRONG> (Thumb, 0 bytes, Stack size 0 bytes, da14531_symbols.txt(ABSOLUTE))
<BR><BR>[Called By]<UL><LI><a href="#[4f]">&gt;&gt;</a>&nbsp;&nbsp;&nbsp;gapc_param_update_req_ind_handler_wrapper
</UL>

<P><STRONG><a name="[1a8]"></a>gapc_le_pkt_size_ind_handler_ROM</STRONG> (Thumb, 0 bytes, Stack size 0 bytes, da14531_symbols.txt(ABSOLUTE))
<BR><BR>[Called By]<UL><LI><a href="#[50]">&gt;&gt;</a>&nbsp;&nbsp;&nbsp;gapc_le_pkt_size_ind_handler_wrapper
</UL>

<P><STRONG><a name="[1a9]"></a>gattc_svc_changed_cfg_ind_handler_ROM</STRONG> (Thumb, 0 bytes, Stack size 0 bytes, da14531_symbols.txt(ABSOLUTE))
<BR><BR>[Called By]<UL><LI><a href="#[51]">&gt;&gt;</a>&nbsp;&nbsp;&nbsp;gattc_svc_changed_cfg_ind_handler_wrapper
</UL>

<P><STRONG><a name="[1aa]"></a>gapc_peer_features_ind_handler_ROM</STRONG> (Thumb, 0 bytes, Stack size 0 bytes, da14531_symbols.txt(ABSOLUTE))
<BR><BR>[Called By]<UL><LI><a href="#[52]">&gt;&gt;</a>&nbsp;&nbsp;&nbsp;gapc_peer_features_ind_handler_wrapper
</UL>

<P><STRONG><a name="[45]"></a>app_entry_point_handler</STRONG> (Thumb, 0 bytes, Stack size 0 bytes, da14531_symbols.txt(ABSOLUTE), UNUSED)
<BR>[Address Reference Count : 1]<UL><LI> app_task.o(.rodata.app_default_state)
</UL>
<P><STRONG><a name="[1a1]"></a>app_std_process_event</STRONG> (Thumb, 0 bytes, Stack size 0 bytes, da14531_symbols.txt(ABSOLUTE))
<BR><BR>[Called By]<UL><LI><a href="#[55]">&gt;&gt;</a>&nbsp;&nbsp;&nbsp;app_custs1_process_handler
<LI><a href="#[53]">&gt;&gt;</a>&nbsp;&nbsp;&nbsp;app_gap_process_handler_RAM
</UL>

<P><STRONG><a name="[1b5]"></a>app_get_address_type_ROM</STRONG> (Thumb, 0 bytes, Stack size 0 bytes, da14531_symbols.txt(ABSOLUTE), UNUSED)
<BR><BR>[Called By]<UL><LI><a href="#[1b4]">&gt;&gt;</a>&nbsp;&nbsp;&nbsp;app_get_address_type
</UL>

<P><STRONG><a name="[1b7]"></a>app_fill_random_byte_array_ROM</STRONG> (Thumb, 0 bytes, Stack size 0 bytes, da14531_symbols.txt(ABSOLUTE), UNUSED)
<BR><BR>[Called By]<UL><LI><a href="#[1b6]">&gt;&gt;</a>&nbsp;&nbsp;&nbsp;app_fill_random_byte_array
</UL>

<P><STRONG><a name="[181]"></a>__aeabi_llsr</STRONG> (Thumb, 0 bytes, Stack size 0 bytes, da14531_symbols.txt(ABSOLUTE), UNUSED)
<BR><BR>[Called By]<UL><LI><a href="#[180]">&gt;&gt;</a>&nbsp;&nbsp;&nbsp;default_app_generate_unique_static_random_addr
</UL>

<P><STRONG><a name="[db]"></a>__aeabi_uldivmod</STRONG> (Thumb, 0 bytes, Stack size 0 bytes, da14531_symbols.txt(ABSOLUTE))
<BR><BR>[Called By]<UL><LI><a href="#[cc]">&gt;&gt;</a>&nbsp;&nbsp;&nbsp;read_rcx_freq
</UL>

<P><STRONG><a name="[17f]"></a>app_db_init_start</STRONG> (Thumb, 0 bytes, Stack size 0 bytes, da14531_symbols.txt(ABSOLUTE))
<BR><BR>[Called By]<UL><LI><a href="#[b6]">&gt;&gt;</a>&nbsp;&nbsp;&nbsp;default_app_on_set_dev_config_complete
</UL>

<P><STRONG><a name="[1a2]"></a>app_easy_gap_confirm</STRONG> (Thumb, 0 bytes, Stack size 0 bytes, da14531_symbols.txt(ABSOLUTE))
<BR><BR>[Called By]<UL><LI><a href="#[49]">&gt;&gt;</a>&nbsp;&nbsp;&nbsp;gapc_connection_req_ind_handler_wrapper
</UL>

<P><STRONG><a name="[187]"></a>append_device_name</STRONG> (Thumb, 0 bytes, Stack size 0 bytes, da14531_symbols.txt(ABSOLUTE))
<BR><BR>[Called By]<UL><LI><a href="#[18c]">&gt;&gt;</a>&nbsp;&nbsp;&nbsp;app_easy_gap_non_connectable_advertise_start_create_msg
<LI><a href="#[186]">&gt;&gt;</a>&nbsp;&nbsp;&nbsp;app_easy_gap_undirected_advertise_start_create_msg
</UL>

<P><STRONG><a name="[1c9]"></a>app_easy_gap_update_adv_data</STRONG> (Thumb, 0 bytes, Stack size 0 bytes, da14531_symbols.txt(ABSOLUTE))
<BR><BR>[Called By]<UL><LI><a href="#[40]">&gt;&gt;</a>&nbsp;&nbsp;&nbsp;adv_data_update_timer_cb
</UL>

<P><STRONG><a name="[191]"></a>app_easy_gap_advertise_stop</STRONG> (Thumb, 0 bytes, Stack size 0 bytes, da14531_symbols.txt(ABSOLUTE))
<BR><BR>[Called By]<UL><LI><a href="#[3b]">&gt;&gt;</a>&nbsp;&nbsp;&nbsp;app_easy_gap_advertise_stop_handler
</UL>

<P><STRONG><a name="[1b3]"></a>get_user_prf_srv_perm</STRONG> (Thumb, 0 bytes, Stack size 0 bytes, da14531_symbols.txt(ABSOLUTE))
<BR><BR>[Called By]<UL><LI><a href="#[57]">&gt;&gt;</a>&nbsp;&nbsp;&nbsp;app_custs1_create_db
</UL>

<P><STRONG><a name="[179]"></a>prf_init_srv_perm</STRONG> (Thumb, 0 bytes, Stack size 0 bytes, da14531_symbols.txt(ABSOLUTE))
<BR><BR>[Called By]<UL><LI><a href="#[178]">&gt;&gt;</a>&nbsp;&nbsp;&nbsp;default_app_on_init
</UL>

<P><STRONG><a name="[bf]"></a>__main</STRONG> (Thumb, 0 bytes, Stack size unknown bytes, entry.o(.ARM.Collect$$$$00000000))
<BR><BR>[Called By]<UL><LI><a href="#[0]">&gt;&gt;</a>&nbsp;&nbsp;&nbsp;Reset_Handler
</UL>

<P><STRONG><a name="[21b]"></a>_main_stk</STRONG> (Thumb, 0 bytes, Stack size unknown bytes, entry4.o(.ARM.Collect$$$$00000003))

<P><STRONG><a name="[c0]"></a>_main_scatterload</STRONG> (Thumb, 0 bytes, Stack size unknown bytes, entry5.o(.ARM.Collect$$$$00000004))
<BR><BR>[Calls]<UL><LI><a href="#[c1]">&gt;&gt;</a>&nbsp;&nbsp;&nbsp;__scatterload
</UL>

<P><STRONG><a name="[219]"></a>__main_after_scatterload</STRONG> (Thumb, 0 bytes, Stack size unknown bytes, entry5.o(.ARM.Collect$$$$00000004))
<BR><BR>[Called By]<UL><LI><a href="#[c1]">&gt;&gt;</a>&nbsp;&nbsp;&nbsp;__scatterload
</UL>

<P><STRONG><a name="[21c]"></a>_main_clock</STRONG> (Thumb, 0 bytes, Stack size unknown bytes, entry7b.o(.ARM.Collect$$$$00000008))

<P><STRONG><a name="[21d]"></a>_main_cpp_init</STRONG> (Thumb, 0 bytes, Stack size unknown bytes, entry8b.o(.ARM.Collect$$$$0000000A))

<P><STRONG><a name="[21e]"></a>_main_init</STRONG> (Thumb, 0 bytes, Stack size unknown bytes, entry9a.o(.ARM.Collect$$$$0000000B))

<P><STRONG><a name="[21f]"></a>__rt_final_cpp</STRONG> (Thumb, 0 bytes, Stack size unknown bytes, entry10a.o(.ARM.Collect$$$$0000000D))

<P><STRONG><a name="[220]"></a>__rt_final_exit</STRONG> (Thumb, 0 bytes, Stack size unknown bytes, entry11a.o(.ARM.Collect$$$$0000000F))

<P><STRONG><a name="[c2]"></a>lis3dh_detect</STRONG> (Thumb, 52 bytes, Stack size 24 bytes, lis3dh.o(.text))
<BR><BR>[Stack]<UL><LI>Max Depth = 60<LI>Call Chain = lis3dh_detect &rArr; i2c_master_receive_buffer_sync
</UL>
<BR>[Calls]<UL><LI><a href="#[c4]">&gt;&gt;</a>&nbsp;&nbsp;&nbsp;i2c_master_receive_buffer_sync
<LI><a href="#[c3]">&gt;&gt;</a>&nbsp;&nbsp;&nbsp;i2c_master_transmit_buffer_sync
<LI><a href="#[c5]">&gt;&gt;</a>&nbsp;&nbsp;&nbsp;i2c_wait_until_ready
</UL>
<BR>[Called By]<UL><LI><a href="#[f9]">&gt;&gt;</a>&nbsp;&nbsp;&nbsp;user_app_init
</UL>

<P><STRONG><a name="[c6]"></a>lis3dh_init</STRONG> (Thumb, 20 bytes, Stack size 8 bytes, lis3dh.o(.text))
<BR><BR>[Stack]<UL><LI>Max Depth = 60<LI>Call Chain = lis3dh_init &rArr; lis3dh_write_reg &rArr; i2c_master_transmit_buffer_sync
</UL>
<BR>[Calls]<UL><LI><a href="#[c7]">&gt;&gt;</a>&nbsp;&nbsp;&nbsp;lis3dh_write_reg
</UL>
<BR>[Called By]<UL><LI><a href="#[f9]">&gt;&gt;</a>&nbsp;&nbsp;&nbsp;user_app_init
</UL>

[...]
<LI><a href="#[177]">&gt;&gt;</a>&nbsp;&nbsp;&nbsp;app_easy_gap_undirected_advertise_start
</UL>

<P><STRONG><a name="[189]"></a>app_easy_gap_directed_advertise_start_create_msg</STRONG> (Thumb, 92 bytes, Stack size 16 bytes, app.o(.text), UNUSED)
<BR><BR>[Calls]<UL><LI><a href="#[fd]">&gt;&gt;</a>&nbsp;&nbsp;&nbsp;__aeabi_memcpy
<LI><a href="#[167]">&gt;&gt;</a>&nbsp;&nbsp;&nbsp;ke_msg_alloc
</UL>
<BR>[Called By]<UL><LI><a href="#[18a]">&gt;&gt;</a>&nbsp;&nbsp;&nbsp;app_easy_gap_directed_advertise_start
<LI><a href="#[188]">&gt;&gt;</a>&nbsp;&nbsp;&nbsp;app_easy_gap_directed_advertise_get_active
</UL>

<P><STRONG><a name="[18c]"></a>app_easy_gap_non_connectable_advertise_start_create_msg</STRONG> (Thumb, 88 bytes, Stack size 24 bytes, app.o(.text), UNUSED)
<BR><BR>[Calls]<UL><LI><a href="#[fd]">&gt;&gt;</a>&nbsp;&nbsp;&nbsp;__aeabi_memcpy
<LI><a href="#[187]">&gt;&gt;</a>&nbsp;&nbsp;&nbsp;append_device_name
<LI><a href="#[167]">&gt;&gt;</a>&nbsp;&nbsp;&nbsp;ke_msg_alloc
</UL>
<BR>[Called By]<UL><LI><a href="#[18d]">&gt;&gt;</a>&nbsp;&nbsp;&nbsp;app_easy_gap_non_connectable_advertise_start
<LI><a href="#[18b]">&gt;&gt;</a>&nbsp;&nbsp;&nbsp;app_easy_gap_non_connectable_advertise_get_active
</UL>

<P><STRONG><a name="[3b]"></a>app_easy_gap_advertise_stop_handler</STRONG> (Thumb, 24 bytes, Stack size 8 bytes, app.o(.text))
<BR><BR>[Stack]<UL><LI>Max Depth = 8<LI>Call Chain = app_easy_gap_advertise_stop_handler
</UL>
<BR>[Calls]<UL><LI><a href="#[191]">&gt;&gt;</a>&nbsp;&nbsp;&nbsp;app_easy_gap_advertise_stop
</UL>
<BR>[Address Reference Count : 1]<UL><LI> app.o(.text)
</UL>
<P><STRONG><a name="[194]"></a>app_easy_gap_param_update_msg_create</STRONG> (Thumb, 60 bytes, Stack size 8 bytes, app.o(.text))
<BR><BR>[Stack]<UL><LI>Max Depth = 8<LI>Call Chain = app_easy_gap_param_update_msg_create
</UL>
<BR>[Calls]<UL><LI><a href="#[167]">&gt;&gt;</a>&nbsp;&nbsp;&nbsp;ke_msg_alloc
</UL>
<BR>[Called By]<UL><LI><a href="#[195]">&gt;&gt;</a>&nbsp;&nbsp;&nbsp;app_easy_gap_param_update_start
<LI><a href="#[193]">&gt;&gt;</a>&nbsp;&nbsp;&nbsp;app_easy_gap_param_update_get_active
</UL>

<P><STRONG><a name="[197]"></a>app_easy_gap_start_connection_to_msg_create</STRONG> (Thumb, 68 bytes, Stack size 8 bytes, app.o(.text), UNUSED)
<BR><BR>[Calls]<UL><LI><a href="#[167]">&gt;&gt;</a>&nbsp;&nbsp;&nbsp;ke_msg_alloc
</UL>
<BR>[Called By]<UL><LI><a href="#[199]">&gt;&gt;</a>&nbsp;&nbsp;&nbsp;app_easy_gap_start_connection_to
<LI><a href="#[198]">&gt;&gt;</a>&nbsp;&nbsp;&nbsp;app_easy_gap_start_connection_to_set
<LI><a href="#[196]">&gt;&gt;</a>&nbsp;&nbsp;&nbsp;app_easy_gap_start_connection_to_get_active
</UL>

<P><STRONG><a name="[19e]"></a>app_easy_gap_dev_config_create_msg</STRONG> (Thumb, 92 bytes, Stack size 16 bytes, app.o(.text))
<BR><BR>[Stack]<UL><LI>Max Depth = 16<LI>Call Chain = app_easy_gap_dev_config_create_msg
</UL>
<BR>[Calls]<UL><LI><a href="#[19f]">&gt;&gt;</a>&nbsp;&nbsp;&nbsp;__aeabi_memclr
<LI><a href="#[167]">&gt;&gt;</a>&nbsp;&nbsp;&nbsp;ke_msg_alloc
</UL>
<BR>[Called By]<UL><LI><a href="#[64]">&gt;&gt;</a>&nbsp;&nbsp;&nbsp;app_easy_gap_dev_configure
<LI><a href="#[19d]">&gt;&gt;</a>&nbsp;&nbsp;&nbsp;app_easy_gap_dev_config_get_active
</UL>

<P><STRONG><a name="[46]"></a>gapm_device_ready_ind_handler_wrapper</STRONG> (Thumb, 56 bytes, Stack size 8 bytes, app_task.o(.text))
<BR><BR>[Stack]<UL><LI>Max Depth = 8<LI>Call Chain = gapm_device_ready_ind_handler_wrapper
</UL>
<BR>[Calls]<UL><LI><a href="#[170]">&gt;&gt;</a>&nbsp;&nbsp;&nbsp;ke_state_get
<LI><a href="#[168]">&gt;&gt;</a>&nbsp;&nbsp;&nbsp;ke_msg_send
<LI><a href="#[167]">&gt;&gt;</a>&nbsp;&nbsp;&nbsp;ke_msg_alloc
</UL>
<BR>[Address Reference Count : 1]<UL><LI> app_task.o(.rodata.app_gap_process_handlers)
</UL>
<P><STRONG><a name="[47]"></a>gapm_cmp_evt_handler_wrapper</STRONG> (Thumb, 116 bytes, Stack size 16 bytes, app_task.o(.text))
<BR><BR>[Stack]<UL><LI>Max Depth = 144<LI>Call Chain = gapm_cmp_evt_handler_wrapper &rArr; user_app_adv_undirect_complete &rArr; user_app_adv_start &rArr; SEGGER_RTT_WriteString &rArr; SEGGER_RTT_Write &rArr; SEGGER_RTT_WriteNoLock &rArr; _WriteBlocking
</UL>
<BR>[Calls]<UL><LI><a href="#[b7]">&gt;&gt;</a>&nbsp;&nbsp;&nbsp;user_app_adv_undirect_complete
<LI><a href="#[64]">&gt;&gt;</a>&nbsp;&nbsp;&nbsp;app_easy_gap_dev_configure
<LI><a href="#[b6]">&gt;&gt;</a>&nbsp;&nbsp;&nbsp;default_app_on_set_dev_config_complete
</UL>
<BR>[Address Reference Count : 1]<UL><LI> app_task.o(.rodata.app_gap_process_handlers)
</UL>
<P><STRONG><a name="[48]"></a>gapc_cmp_evt_handler_wrapper</STRONG> (Thumb, 60 bytes, Stack size 16 bytes, app_task.o(.text))
<BR><BR>[Stack]<UL><LI>Max Depth = 16<LI>Call Chain = gapc_cmp_evt_handler_wrapper
</UL>
<BR>[Address Reference Count : 1]<UL><LI> app_task.o(.rodata.app_gap_process_handlers)
</UL>
<P><STRONG><a name="[49]"></a>gapc_connection_req_ind_handler_wrapper</STRONG> (Thumb, 104 bytes, Stack size 24 bytes, app_task.o(.text))
<BR><BR>[Stack]<UL><LI>Max Depth = 168<LI>Call Chain = gapc_connection_req_ind_handler_wrapper &rArr; user_app_connection &rArr; default_app_on_connection &rArr; user_app_adv_start &rArr; SEGGER_RTT_WriteString &rArr; SEGGER_RTT_Write &rArr; SEGGER_RTT_WriteNoLock &rArr; _WriteBlocking
</UL>
<BR>[Calls]<UL><LI><a href="#[fd]">&gt;&gt;</a>&nbsp;&nbsp;&nbsp;__aeabi_memcpy
<LI><a href="#[b4]">&gt;&gt;</a>&nbsp;&nbsp;&nbsp;user_app_connection
<LI><a href="#[1a2]">&gt;&gt;</a>&nbsp;&nbsp;&nbsp;app_easy_gap_confirm
<LI><a href="#[172]">&gt;&gt;</a>&nbsp;&nbsp;&nbsp;ke_state_set
<LI><a href="#[170]">&gt;&gt;</a>&nbsp;&nbsp;&nbsp;ke_state_get
</UL>
<BR>[Address Reference Count : 1]<UL><LI> app_task.o(.rodata.app_gap_process_handlers)
</UL>
<P><STRONG><a name="[4a]"></a>gapc_disconnect_ind_handler_wrapper</STRONG> (Thumb, 56 bytes, Stack size 16 bytes, app_task.o(.text))
<BR><BR>[Stack]<UL><LI>Max Depth = 144<LI>Call Chain = gapc_disconnect_ind_handler_wrapper &rArr; user_app_disconnect &rArr; user_app_adv_start &rArr; SEGGER_RTT_WriteString &rArr; SEGGER_RTT_Write &rArr; SEGGER_RTT_WriteNoLock &rArr; _WriteBlocking
</UL>
<BR>[Calls]<UL><LI><a href="#[b5]">&gt;&gt;</a>&nbsp;&nbsp;&nbsp;user_app_disconnect
<LI><a href="#[170]">&gt;&gt;</a>&nbsp;&nbsp;&nbsp;ke_state_get
</UL>
<BR>[Address Reference Count : 1]<UL><LI> app_task.o(.rodata.app_gap_process_handlers)
</UL>
<P><STRONG><a name="[4b]"></a>gapc_get_dev_info_req_ind_handler_wrapper</STRONG> (Thumb, 172 bytes, Stack size 56 bytes, app_task.o(.text))
<BR><BR>[Stack]<UL><LI>Max Depth = 64<LI>Call Chain = gapc_get_dev_info_req_ind_handler_wrapper &rArr; default_app_on_get_dev_name
</UL>
<BR>[Calls]<UL><LI><a href="#[fd]">&gt;&gt;</a>&nbsp;&nbsp;&nbsp;__aeabi_memcpy
<LI><a href="#[1a3]">&gt;&gt;</a>&nbsp;&nbsp;&nbsp;__aeabi_memclr4
<LI><a href="#[bb]">&gt;&gt;</a>&nbsp;&nbsp;&nbsp;default_app_on_get_dev_slv_pref_params
<LI><a href="#[ba]">&gt;&gt;</a>&nbsp;&nbsp;&nbsp;default_app_on_get_dev_appearance
<LI><a href="#[b9]">&gt;&gt;</a>&nbsp;&nbsp;&nbsp;default_app_on_get_dev_name
<LI><a href="#[168]">&gt;&gt;</a>&nbsp;&nbsp;&nbsp;ke_msg_send
<LI><a href="#[167]">&gt;&gt;</a>&nbsp;&nbsp;&nbsp;ke_msg_alloc
</UL>
<BR>[Address Reference Count : 1]<UL><LI> app_task.o(.rodata.app_gap_process_handlers)
</UL>
<P><STRONG><a name="[4c]"></a>gapc_set_dev_info_req_ind_handler_wrapper</STRONG> (Thumb, 16 bytes, Stack size 16 bytes, app_task.o(.text))
<BR><BR>[Stack]<UL><LI>Max Depth = 16<LI>Call Chain = gapc_set_dev_info_req_ind_handler_wrapper
</UL>
<BR>[Calls]<UL><LI><a href="#[1a4]">&gt;&gt;</a>&nbsp;&nbsp;&nbsp;gapc_set_dev_info_req_ind_handler_ROM
</UL>
<BR>[Address Reference Count : 1]<UL><LI> app_task.o(.rodata.app_gap_process_handlers)
</UL>
<P><STRONG><a name="[4d]"></a>gapm_profile_added_ind_handler_wrapper</STRONG> (Thumb, 8 bytes, Stack size 8 bytes, app_task.o(.text))
<BR><BR>[Stack]<UL><LI>Max Depth = 8<LI>Call Chain = gapm_profile_added_ind_handler_wrapper
</UL>
<BR>[Calls]<UL><LI><a href="#[1a5]">&gt;&gt;</a>&nbsp;&nbsp;&nbsp;gapm_profile_added_ind_handler_ROM
</UL>
<BR>[Address Reference Count : 1]<UL><LI> app_task.o(.rodata.app_gap_process_handlers)
</UL>
<P><STRONG><a name="[4e]"></a>gapm_adv_report_ind_handler_wrapper</STRONG> (Thumb, 8 bytes, Stack size 8 bytes, app_task.o(.text))
<BR><BR>[Stack]<UL><LI>Max Depth = 8<LI>Call Chain = gapm_adv_report_ind_handler_wrapper
</UL>
<BR>[Calls]<UL><LI><a href="#[1a6]">&gt;&gt;</a>&nbsp;&nbsp;&nbsp;gapm_adv_report_ind_handler_ROM
</UL>
<BR>[Address Reference Count : 1]<UL><LI> app_task.o(.rodata.app_gap_process_handlers)
</UL>
<P><STRONG><a name="[4f]"></a>gapc_param_update_req_ind_handler_wrapper</STRONG> (Thumb, 16 bytes, Stack size 16 bytes, app_task.o(.text))
<BR><BR>[Stack]<UL><LI>Max Depth = 16<LI>Call Chain = gapc_param_update_req_ind_handler_wrapper
</UL>
<BR>[Calls]<UL><LI><a href="#[1a7]">&gt;&gt;</a>&nbsp;&nbsp;&nbsp;gapc_param_update_req_ind_handler_ROM
</UL>
<BR>[Address Reference Count : 1]<UL><LI> app_task.o(.rodata.app_gap_process_handlers)
</UL>
<P><STRONG><a name="[50]"></a>gapc_le_pkt_size_ind_handler_wrapper</STRONG> (Thumb, 16 bytes, Stack size 16 bytes, app_task.o(.text))
<BR><BR>[Stack]<UL><LI>Max Depth = 16<LI>Call Chain = gapc_le_pkt_size_ind_handler_wrapper
</UL>
<BR>[Calls]<UL><LI><a href="#[1a8]">&gt;&gt;</a>&nbsp;&nbsp;&nbsp;gapc_le_pkt_size_ind_handler_ROM
</UL>
<BR>[Address Reference Count : 1]<UL><LI> app_task.o(.rodata.app_gap_process_handlers)
</UL>
<P><STRONG><a name="[51]"></a>gattc_svc_changed_cfg_ind_handler_wrapper</STRONG> (Thumb, 16 bytes, Stack size 16 bytes, app_task.o(.text))
<BR><BR>[Stack]<UL><LI>Max Depth = 16<LI>Call Chain = gattc_svc_changed_cfg_ind_handler_wrapper
</UL>
<BR>[Calls]<UL><LI><a href="#[1a9]">&gt;&gt;</a>&nbsp;&nbsp;&nbsp;gattc_svc_changed_cfg_ind_handler_ROM
</UL>
<BR>[Address Reference Count : 1]<UL><LI> app_task.o(.rodata.app_gap_process_handlers)
</UL>
<P><STRONG><a name="[52]"></a>gapc_peer_features_ind_handler_wrapper</STRONG> (Thumb, 16 bytes, Stack size 16 bytes, app_task.o(.text))
<BR><BR>[Stack]<UL><LI>Max Depth = 16<LI>Call Chain = gapc_peer_features_ind_handler_wrapper
</UL>
<BR>[Calls]<UL><LI><a href="#[1aa]">&gt;&gt;</a>&nbsp;&nbsp;&nbsp;gapc_peer_features_ind_handler_ROM
</UL>
<BR>[Address Reference Count : 1]<UL><LI> app_task.o(.rodata.app_gap_process_handlers)
</UL>
<P><STRONG><a name="[1ae]"></a>create_timer</STRONG> (Thumb, 56 bytes, Stack size 16 bytes, app_easy_timer.o(.text))
<BR><BR>[Stack]<UL><LI>Max Depth = 24<LI>Call Chain = create_timer &rArr; arch_ble_force_wakeup
</UL>
<BR>[Calls]<UL><LI><a href="#[1ad]">&gt;&gt;</a>&nbsp;&nbsp;&nbsp;arch_ble_force_wakeup
<LI><a href="#[1af]">&gt;&gt;</a>&nbsp;&nbsp;&nbsp;ke_timer_set
<LI><a href="#[1ac]">&gt;&gt;</a>&nbsp;&nbsp;&nbsp;app_check_BLE_active
<LI><a href="#[168]">&gt;&gt;</a>&nbsp;&nbsp;&nbsp;ke_msg_send
<LI><a href="#[167]">&gt;&gt;</a>&nbsp;&nbsp;&nbsp;ke_msg_alloc
</UL>
<BR>[Called By]<UL><LI><a href="#[54]">&gt;&gt;</a>&nbsp;&nbsp;&nbsp;app_timer_api_process_handler
<LI><a href="#[190]">&gt;&gt;</a>&nbsp;&nbsp;&nbsp;app_easy_timer
</UL>

<P><STRONG><a name="[3c]"></a>timer_modified_handler</STRONG> (Thumb, 2 bytes, Stack size 0 bytes, app_easy_timer.o(.text))
<BR>[Address Reference Count : 1]<UL><LI> app_easy_timer.o(.text)
</UL>
<P><STRONG><a name="[3d]"></a>timer_canceled_handler</STRONG> (Thumb, 2 bytes, Stack size 0 bytes, app_easy_timer.o(.text))
<BR>[Address Reference Count : 1]<UL><LI> app_easy_timer.o(.text)
</UL>
<P><STRONG><a name="[40]"></a>adv_data_update_timer_cb</STRONG> (Thumb, 72 bytes, Stack size 24 bytes, user_peripheral.o(.text))
<BR><BR>[Stack]<UL><LI>Max Depth = 64<LI>Call Chain = adv_data_update_timer_cb &rArr; app_easy_timer &rArr; create_timer &rArr; arch_ble_force_wakeup
</UL>
<BR>[Calls]<UL><LI><a href="#[fd]">&gt;&gt;</a>&nbsp;&nbsp;&nbsp;__aeabi_memcpy
<LI><a href="#[190]">&gt;&gt;</a>&nbsp;&nbsp;&nbsp;app_easy_timer
<LI><a href="#[1c9]">&gt;&gt;</a>&nbsp;&nbsp;&nbsp;app_easy_gap_update_adv_data
<LI><a href="#[1c5]">&gt;&gt;</a>&nbsp;&nbsp;&nbsp;mnf_data_update
</UL>
<BR>[Address Reference Count : 1]<UL><LI> user_peripheral.o(.text)
</UL>
<P><STRONG><a name="[41]"></a>accel_check_timer_cb</STRONG> (Thumb, 112 bytes, Stack size 40 bytes, user_peripheral.o(.text))
<BR><BR>[Stack]<UL><LI>Max Depth = 312<LI>Call Chain = accel_check_timer_cb &rArr; SEGGER_RTT_printf &rArr; SEGGER_RTT_vprintf &rArr; _PrintUnsigned &rArr; _StoreChar &rArr; SEGGER_RTT_Write &rArr; SEGGER_RTT_WriteNoLock &rArr; _WriteBlocking
</UL>
<BR>[Calls]<UL><LI><a href="#[c9]">&gt;&gt;</a>&nbsp;&nbsp;&nbsp;lis3dh_motion_detected
<LI><a href="#[c8]">&gt;&gt;</a>&nbsp;&nbsp;&nbsp;lis3dh_read_xyz
<LI><a href="#[190]">&gt;&gt;</a>&nbsp;&nbsp;&nbsp;app_easy_timer
<LI><a href="#[17d]">&gt;&gt;</a>&nbsp;&nbsp;&nbsp;user_app_adv_start
<LI><a href="#[1c4]">&gt;&gt;</a>&nbsp;&nbsp;&nbsp;SEGGER_RTT_printf
<LI><a href="#[1c3]">&gt;&gt;</a>&nbsp;&nbsp;&nbsp;SEGGER_RTT_WriteString
</UL>
<BR>[Address Reference Count : 1]<UL><LI> user_peripheral.o(.text)
</UL>
<P><STRONG><a name="[42]"></a>param_update_request_timer_cb</STRONG> (Thumb, 16 bytes, Stack size 8 bytes, user_peripheral.o(.text))
<BR><BR>[Stack]<UL><LI>Max Depth = 24<LI>Call Chain = param_update_request_timer_cb &rArr; app_easy_gap_param_update_start &rArr; app_easy_gap_param_update_msg_create
</UL>
<BR>[Calls]<UL><LI><a href="#[195]">&gt;&gt;</a>&nbsp;&nbsp;&nbsp;app_easy_gap_param_update_start
</UL>
<BR>[Address Reference Count : 1]<UL><LI> user_peripheral.o(.text)
</UL>
<P><STRONG><a name="[1c5]"></a>mnf_data_update</STRONG> (Thumb, 36 bytes, Stack size 0 bytes, user_peripheral.o(.text))
<BR><BR>[Called By]<UL><LI><a href="#[b5]">&gt;&gt;</a>&nbsp;&nbsp;&nbsp;user_app_disconnect
<LI><a href="#[40]">&gt;&gt;</a>&nbsp;&nbsp;&nbsp;adv_data_update_timer_cb
</UL>

<P><STRONG><a name="[1cb]"></a>_DoInit</STRONG> (Thumb, 76 bytes, Stack size 0 bytes, segger_rtt.o(.text))
<BR><BR>[Called By]<UL><LI><a href="#[1e8]">&gt;&gt;</a>&nbsp;&nbsp;&nbsp;SEGGER_RTT_TerminalOut
<LI><a href="#[1e7]">&gt;&gt;</a>&nbsp;&nbsp;&nbsp;SEGGER_RTT_SetTerminal
<LI><a href="#[1e6]">&gt;&gt;</a>&nbsp;&nbsp;&nbsp;SEGGER_RTT_Init
<LI><a href="#[1e5]">&gt;&gt;</a>&nbsp;&nbsp;&nbsp;SEGGER_RTT_SetFlagsDownBuffer
<LI><a href="#[1e4]">&gt;&gt;</a>&nbsp;&nbsp;&nbsp;SEGGER_RTT_SetFlagsUpBuffer
<LI><a href="#[1e3]">&gt;&gt;</a>&nbsp;&nbsp;&nbsp;SEGGER_RTT_SetNameDownBuffer
<LI><a href="#[1e2]">&gt;&gt;</a>&nbsp;&nbsp;&nbsp;SEGGER_RTT_SetNameUpBuffer
<LI><a href="#[1e1]">&gt;&gt;</a>&nbsp;&nbsp;&nbsp;SEGGER_RTT_ConfigDownBuffer
<LI><a href="#[1e0]">&gt;&gt;</a>&nbsp;&nbsp;&nbsp;SEGGER_RTT_ConfigUpBuffer
<LI><a href="#[1df]">&gt;&gt;</a>&nbsp;&nbsp;&nbsp;SEGGER_RTT_AllocUpBuffer
<LI><a href="#[1de]">&gt;&gt;</a>&nbsp;&nbsp;&nbsp;SEGGER_RTT_AllocDownBuffer
<LI><a href="#[1dd]">&gt;&gt;</a>&nbsp;&nbsp;&nbsp;SEGGER_RTT_HasKey
<LI><a href="#[1da]">&gt;&gt;</a>&nbsp;&nbsp;&nbsp;SEGGER_RTT_PutChar
<LI><a href="#[1d9]">&gt;&gt;</a>&nbsp;&nbsp;&nbsp;SEGGER_RTT_PutCharSkip
<LI><a href="#[1d7]">&gt;&gt;</a>&nbsp;&nbsp;&nbsp;SEGGER_RTT_Write
<LI><a href="#[1d6]">&gt;&gt;</a>&nbsp;&nbsp;&nbsp;SEGGER_RTT_WriteDownBuffer
<LI><a href="#[1cc]">&gt;&gt;</a>&nbsp;&nbsp;&nbsp;SEGGER_RTT_ReadNoLock
<LI><a href="#[1ca]">&gt;&gt;</a>&nbsp;&nbsp;&nbsp;SEGGER_RTT_ReadUpBufferNoLock
</UL>

<P><STRONG><a name="[1d2]"></a>_GetAvailWriteSpace</STRONG> (Thumb, 22 bytes, Stack size 0 bytes, segger_rtt.o(.text))
<BR><BR>[Called By]<UL><LI><a href="#[1ea]">&gt;&gt;</a>&nbsp;&nbsp;&nbsp;SEGGER_RTT_GetAvailWriteSpace
<LI><a href="#[1e8]">&gt;&gt;</a>&nbsp;&nbsp;&nbsp;SEGGER_RTT_TerminalOut
<LI><a href="#[1e7]">&gt;&gt;</a>&nbsp;&nbsp;&nbsp;SEGGER_RTT_SetTerminal
<LI><a href="#[1d5]">&gt;&gt;</a>&nbsp;&nbsp;&nbsp;SEGGER_RTT_WriteNoLock
<LI><a href="#[1d1]">&gt;&gt;</a>&nbsp;&nbsp;&nbsp;SEGGER_RTT_WriteDownBufferNoLock
</UL>

<P><STRONG><a name="[1d3]"></a>_WriteNoCheck</STRONG> (Thumb, 54 bytes, Stack size 24 bytes, segger_rtt.o(.text))
<BR><BR>[Stack]<UL><LI>Max Depth = 24<LI>Call Chain = _WriteNoCheck
</UL>
<BR>[Calls]<UL><LI><a href="#[fd]">&gt;&gt;</a>&nbsp;&nbsp;&nbsp;__aeabi_memcpy
</UL>
<BR>[Called By]<UL><LI><a href="#[1e7]">&gt;&gt;</a>&nbsp;&nbsp;&nbsp;SEGGER_RTT_SetTerminal
<LI><a href="#[1d5]">&gt;&gt;</a>&nbsp;&nbsp;&nbsp;SEGGER_RTT_WriteNoLock
<LI><a href="#[1d1]">&gt;&gt;</a>&nbsp;&nbsp;&nbsp;SEGGER_RTT_WriteDownBufferNoLock
</UL>

<P><STRONG><a name="[1d4]"></a>_WriteBlocking</STRONG> (Thumb, 90 bytes, Stack size 32 bytes, segger_rtt.o(.text))
<BR><BR>[Stack]<UL><LI>Max Depth = 32<LI>Call Chain = _WriteBlocking
</UL>
<BR>[Calls]<UL><LI><a href="#[fd]">&gt;&gt;</a>&nbsp;&nbsp;&nbsp;__aeabi_memcpy
</UL>
<BR>[Called By]<UL><LI><a href="#[1e8]">&gt;&gt;</a>&nbsp;&nbsp;&nbsp;SEGGER_RTT_TerminalOut
<LI><a href="#[1e7]">&gt;&gt;</a>&nbsp;&nbsp;&nbsp;SEGGER_RTT_SetTerminal
<LI><a href="#[1d5]">&gt;&gt;</a>&nbsp;&nbsp;&nbsp;SEGGER_RTT_WriteNoLock
<LI><a href="#[1d1]">&gt;&gt;</a>&nbsp;&nbsp;&nbsp;SEGGER_RTT_WriteDownBufferNoLock
<LI><a href="#[1e9]">&gt;&gt;</a>&nbsp;&nbsp;&nbsp;_PostTerminalSwitch
</UL>

<P><STRONG><a name="[1e9]"></a>_PostTerminalSwitch</STRONG> (Thumb, 28 bytes, Stack size 16 bytes, segger_rtt.o(.text), UNUSED)
<BR><BR>[Calls]<UL><LI><a href="#[1d4]">&gt;&gt;</a>&nbsp;&nbsp;&nbsp;_WriteBlocking
</UL>
<BR>[Called By]<UL><LI><a href="#[1e8]">&gt;&gt;</a>&nbsp;&nbsp;&nbsp;SEGGER_RTT_TerminalOut
</UL>

<P><STRONG><a name="[1ec]"></a>_StoreChar</STRONG> (Thumb, 64 bytes, Stack size 8 bytes, segger_rtt_printf.o(.text))
<BR><BR>[Stack]<UL><LI>Max Depth = 88<LI>Call Chain = _StoreChar &rArr; SEGGER_RTT_Write &rArr; SEGGER_RTT_WriteNoLock &rArr; _WriteBlocking
</UL>
<BR>[Calls]<UL><LI><a href="#[1d7]">&gt;&gt;</a>&nbsp;&nbsp;&nbsp;SEGGER_RTT_Write
</UL>
<BR>[Called By]<UL><LI><a href="#[1eb]">&gt;&gt;</a>&nbsp;&nbsp;&nbsp;SEGGER_RTT_vprintf
<LI><a href="#[1ed]">&gt;&gt;</a>&nbsp;&nbsp;&nbsp;_PrintUnsigned
</UL>

<P><STRONG><a name="[1ed]"></a>_PrintUnsigned</STRONG> (Thumb, 256 bytes, Stack size 48 bytes, segger_rtt_printf.o(.text))
<BR><BR>[Stack]<UL><LI>Max Depth = 136<LI>Call Chain = _PrintUnsigned &rArr; _StoreChar &rArr; SEGGER_RTT_Write &rArr; SEGGER_RTT_WriteNoLock &rArr; _WriteBlocking
</UL>
<BR>[Calls]<UL><LI><a href="#[dd]">&gt;&gt;</a>&nbsp;&nbsp;&nbsp;__aeabi_uidiv
<LI><a href="#[1ec]">&gt;&gt;</a>&nbsp;&nbsp;&nbsp;_StoreChar
</UL>
<BR>[Called By]<UL><LI><a href="#[1eb]">&gt;&gt;</a>&nbsp;&nbsp;&nbsp;SEGGER_RTT_vprintf
</UL>

<P><STRONG><a name="[217]"></a>_ldo_filter_violations</STRONG> (Thumb, 158 bytes, Stack size 32 bytes, rf_ldo_calibration.o(.text))
<BR><BR>[Stack]<UL><LI>Max Depth = 32<LI>Call Chain = _ldo_filter_violations
</UL>
<BR>[Called By]<UL><LI><a href="#[159]">&gt;&gt;</a>&nbsp;&nbsp;&nbsp;rf_ldo_calibration
</UL>

<P><STRONG><a name="[216]"></a>_ldo_radio_calibration</STRONG> (Thumb, 722 bytes, Stack size 104 bytes, rf_ldo_calibration.o(.text))
<BR><BR>[Stack]<UL><LI>Max Depth = 104<LI>Call Chain = _ldo_radio_calibration
</UL>
<BR>[Calls]<UL><LI><a href="#[d6]">&gt;&gt;</a>&nbsp;&nbsp;&nbsp;arch_asm_delay_us
</UL>
<BR>[Called By]<UL><LI><a href="#[159]">&gt;&gt;</a>&nbsp;&nbsp;&nbsp;rf_ldo_calibration
</UL>

<P><STRONG><a name="[218]"></a>loop</STRONG> (Thumb, 0 bytes, Stack size 0 bytes, arch_asm.o(.text))
<BR><BR>[Called By]<UL><LI><a href="#[d6]">&gt;&gt;</a>&nbsp;&nbsp;&nbsp;arch_asm_delay_us
</UL>
<P>
<H3>
Undefined Global Symbols
</H3>
<P><STRONG><a name="[ea]"></a>reset_indication</STRONG> (Unknown, 0 bytes, Stack size 0 bytes, UNDEFINED)
<BR><BR>[Called By]<UL><LI><a href="#[ca]">&gt;&gt;</a>&nbsp;&nbsp;&nbsp;system_init
</UL>

<P><STRONG><a name="[ee]"></a>sb_read_otp_header</STRONG> (Unknown, 0 bytes, Stack size 0 bytes, UNDEFINED)
<BR><BR>[Called By]<UL><LI><a href="#[ca]">&gt;&gt;</a>&nbsp;&nbsp;&nbsp;system_init
</UL>

<P><STRONG><a name="[100]"></a>sb_set_debugger_mode</STRONG> (Unknown, 0 bytes, Stack size 0 bytes, UNDEFINED)
<BR><BR>[Called By]<UL><LI><a href="#[f0]">&gt;&gt;</a>&nbsp;&nbsp;&nbsp;otp_cs_store
</UL>
<HR></body></html>
