Component: Arm Compiler for Embedded 6.24 Tool: armlink [5f371500]

==============================================================================

Section Cross References

    system_da14531.o(.text) refers to system_da14531.o(.data.SystemCoreClock) for SystemCoreClock
    system_da14531.o(.ARM.exidx) refers to system_da14531.o(.text) for [Anonymous Symbol]
    system_da14531.o(system_DA14xxx) refers to otp_cs.o(otp_cs_booter) for booter_val
    system_da14531.o(.ARM.exidxsystem_DA14xxx) refers to system_da14531.o(system_DA14xxx) for [Anonymous Symbol]
    startup_da14531.o(startup_code_DA14xxx) refers to system_da14531.o(system_DA14xxx) for SystemInit
    startup_da14531.o(startup_code_DA14xxx) refers to entry.o(.ARM.Collect$$$$00000000) for __main
    startup_da14531.o(startup_code_DA14xxx) refers to nmi_handler.o(.text.NMI_HandlerC) for NMI_HandlerC
    startup_da14531.o(startup_code_DA14xxx) refers to hardfault_handler.o(.text.HardFault_HandlerC) for HardFault_HandlerC
    startup_da14531.o(.ARM.exidxstartup_code_DA14xxx) refers to startup_da14531.o(startup_code_DA14xxx) for [Anonymous Symbol]
    startup_da14531.o(RESET) refers to startup_da14531.o(startup_code_DA14xxx) for Reset_Handler
    startup_da14531.o(RESET) refers to rwble.o(.text) for BLE_WAKEUP_LP_Handler
    startup_da14531.o(RESET) refers to uart.o(.text) for UART2_Handler
    startup_da14531.o(RESET) refers to i2c.o(.text) for I2C_Handler
    startup_da14531.o(RESET) refers to adc_531.o(.text) for ADC_Handler
    startup_da14531.o(RESET) refers to gpio.o(.text) for GPIO0_Handler
    startup_da14531.o(RESET) refers to wkupct_quadec.o(.text) for WKUP_QUADEC_Handler
    hardfault_handler.o(.ARM.exidx.text.HardFault_HandlerC) refers to hardfault_handler.o(.text.HardFault_HandlerC) for [Anonymous Symbol]
    nmi_handler.o(.ARM.exidx.text.NMI_HandlerC) refers to nmi_handler.o(.text.NMI_HandlerC) for [Anonymous Symbol]
    lis3dh.o(.text) refers to i2c.o(.text) for i2c_master_transmit_buffer_sync
    lis3dh.o(.text) refers to lis3dh.o(.bss.retention_mem_area0) for [Anonymous Symbol]
    lis3dh.o(.ARM.exidx) refers to lis3dh.o(.text) for [Anonymous Symbol]
    nvds.o(.rodata.rom_nvds_cfg) refers to nvds.o(.rodata.nvds_data_storage) for [Anonymous Symbol]
    nvds.o(.rodata.rom_nvds_cfg) refers to arch_system.o(.bss.retention_mem_area0) for dev_bdaddr
    arch_main.o(.text) refers to arch_system.o(.text) for system_init
    arch_main.o(.text) refers to user_peripheral.o(.text) for user_on_ble_powered
    arch_main.o(.text) refers to rwip.o(.text) for rwip_sleep
    arch_main.o(.text) refers to hw_otpc_531.o(.text) for hw_otpc_init
    arch_main.o(.text) refers (Weak) to hw_otpc_531.o(.text) for hw_otpc_clear_dcdc_reserved
    arch_main.o(.text) refers to syscntl.o(.text) for syscntl_dcdc_set_level
    arch_main.o(.text) refers to arch_asm.o(.text) for arch_asm_delay_us
    arch_main.o(.text) refers to user_periph_setup.o(.text) for periph_init
    arch_main.o(.text) refers to rwble.o(.bss.retention_mem_area0) for arch_rwble_last_event
    arch_main.o(.ARM.exidx) refers to arch_main.o(.text) for [Anonymous Symbol]
    jump_table.o(.ARM.exidx) refers to jump_table.o(.text) for [Anonymous Symbol]
    jump_table.o(.rodata.rom_func_addr_table_var) refers to ble_arp.o(.text) for rf_init_func
    jump_table.o(.rodata.rom_func_addr_table_var) refers to jump_table.o(.text) for platform_reset_func
    jump_table.o(.rodata.rom_func_addr_table_var) refers to rwble.o(.text) for lld_sleep_compensate_func
    jump_table.o(.rodata.rom_func_addr_table_var) refers to arch_system.o(.text) for lld_sleep_init_func
    jump_table.o(.rodata.rom_func_addr_table_var) refers to patch_1.o(.text) for JT_lld_test_mode_rx_func
    jump_table.o(.rodata.rom_func_addr_table_var) refers to prf.o(.text) for prf_init_func
    jump_table.o(.rodata.rom_cfg_table_var) refers to jump_table.o(.bss.heap_mem_area_not_ret) for rwip_heap_non_ret
    jump_table.o(.rodata.rom_cfg_table_var) refers to jump_table.o(.bss.heap_env_area) for rwip_heap_env_ret
    jump_table.o(.rodata.rom_cfg_table_var) refers to jump_table.o(.bss.heap_db_area) for rwip_heap_db_ret
    jump_table.o(.rodata.rom_cfg_table_var) refers to jump_table.o(.bss.heap_msg_area) for rwip_heap_msg_ret
    jump_table.o(.rodata.rom_cfg_table_var) refers to nvds.o(.rodata.rom_nvds_cfg) for rom_nvds_cfg
    jump_table.o(.rodata.rom_cfg_table_var) refers to chacha20.o(.rodata.rom_chacha20_cfg) for rom_chacha20_cfg
    jump_table.o(.rodata.rom_cfg_table_var) refers to custs1.o(.rodata.rom_cust_prf_cfg) for rom_cust_prf_cfg
    jump_table.o(.rodata.rom_cfg_table_var) refers to prf.o(.rodata.rom_prf_cfg) for rom_prf_cfg
    jump_table.o(.rodata.rom_cfg_table_var) refers to app_entry_point.o(.rodata.rom_app_task_cfg) for rom_app_task_cfg
    arch_sleep.o(.text) refers to arch_sleep.o(.bss.retention_mem_area0) for [Anonymous Symbol]
    arch_sleep.o(.text) refers to rwble.o(.bss.retention_mem_area0) for arch_rwble_last_event
[...]
    const_Rb                                 0x07f20029   Data           0  da14531_symbols.txt ABSOLUTE
    const_Zero                               0x07f20039   Data           0  da14531_symbols.txt ABSOLUTE
    gapc_default_state                       0x07f2005c   Data           0  da14531_symbols.txt ABSOLUTE
    gapc_default_handler                     0x07f201ac   Data           0  da14531_symbols.txt ABSOLUTE
    gapm_default_state                       0x07f20248   Data           0  da14531_symbols.txt ABSOLUTE
    gapm_default_handler                     0x07f20330   Data           0  da14531_symbols.txt ABSOLUTE
    l2cc_connor_pkt_format                   0x07f20338   Data           0  da14531_symbols.txt ABSOLUTE
    l2cc_signaling_pkt_format                0x07f20340   Data           0  da14531_symbols.txt ABSOLUTE
    l2cc_security_pkt_format                 0x07f2039c   Data           0  da14531_symbols.txt ABSOLUTE
    l2cc_attribute_pkt_format                0x07f203d8   Data           0  da14531_symbols.txt ABSOLUTE
    smpc_construct_pdu                       0x07f20454   Data           0  da14531_symbols.txt ABSOLUTE
    arch_printf_flush                        0x07f20be5   Thumb Code     0  da14531_symbols.txt ABSOLUTE
    arch_vprintf                             0x07f20c9d   Thumb Code     0  da14531_symbols.txt ABSOLUTE
    arch_printf                              0x07f20cfd   Thumb Code     0  da14531_symbols.txt ABSOLUTE
    arch_puts                                0x07f20d11   Thumb Code     0  da14531_symbols.txt ABSOLUTE
    arch_printf_process                      0x07f20d21   Thumb Code     0  da14531_symbols.txt ABSOLUTE
    nvds_get_func                            0x07f20dcd   Thumb Code     0  da14531_symbols.txt ABSOLUTE
    nvds_init_func                           0x07f20ea9   Thumb Code     0  da14531_symbols.txt ABSOLUTE
    nvds_del_func                            0x07f20ead   Thumb Code     0  da14531_symbols.txt ABSOLUTE
    nvds_put_func                            0x07f20eb1   Thumb Code     0  da14531_symbols.txt ABSOLUTE
    csprng_seed                              0x07f20f49   Thumb Code     0  da14531_symbols.txt ABSOLUTE
    csprng_get_next_uint32                   0x07f20f79   Thumb Code     0  da14531_symbols.txt ABSOLUTE
    trng_acquire                             0x07f21021   Thumb Code     0  da14531_symbols.txt ABSOLUTE
    prf_add_profile_func                     0x07f210d1   Thumb Code     0  da14531_symbols.txt ABSOLUTE
    prf_cleanup_func                         0x07f211b1   Thumb Code     0  da14531_symbols.txt ABSOLUTE
    prf_env_get                              0x07f211f1   Thumb Code     0  da14531_symbols.txt ABSOLUTE
    prf_src_task_get                         0x07f2121d   Thumb Code     0  da14531_symbols.txt ABSOLUTE
    prf_dst_task_get                         0x07f2122d   Thumb Code     0  da14531_symbols.txt ABSOLUTE
    prf_get_id_from_task_func                0x07f21241   Thumb Code     0  da14531_symbols.txt ABSOLUTE
    prf_get_task_from_id_func                0x07f21279   Thumb Code     0  da14531_symbols.txt ABSOLUTE
    prf_reset_func                           0x07f212b1   Thumb Code     0  da14531_symbols.txt ABSOLUTE
    prf_itf_get                              0x07f212fd   Thumb Code     0  da14531_symbols.txt ABSOLUTE
    prf_pack_char_pres_fmt                   0x07f21321   Thumb Code     0  da14531_symbols.txt ABSOLUTE
    prf_pack_date_time                       0x07f2133f   Thumb Code     0  da14531_symbols.txt ABSOLUTE
    prf_unpack_date_time                     0x07f2135f   Thumb Code     0  da14531_symbols.txt ABSOLUTE
    diss_compute_cfg_flag                    0x07f21381   Thumb Code     0  da14531_symbols.txt ABSOLUTE
    diss_handle_to_value                     0x07f21453   Thumb Code     0  da14531_symbols.txt ABSOLUTE
    diss_value_to_handle                     0x07f21483   Thumb Code     0  da14531_symbols.txt ABSOLUTE
    diss_check_val_len                       0x07f214b7   Thumb Code     0  da14531_symbols.txt ABSOLUTE
    diss_prf_itf_get                         0x07f214ed   Thumb Code     0  da14531_symbols.txt ABSOLUTE
    bass_get_att_handle                      0x07f2184b   Thumb Code     0  da14531_symbols.txt ABSOLUTE
    bass_get_att_idx                         0x07f21901   Thumb Code     0  da14531_symbols.txt ABSOLUTE
    bass_exe_operation                       0x07f2196b   Thumb Code     0  da14531_symbols.txt ABSOLUTE
    bass_prf_itf_get                         0x07f21a6d   Thumb Code     0  da14531_symbols.txt ABSOLUTE
    suotar_prf_itf_get                       0x07f22059   Thumb Code     0  da14531_symbols.txt ABSOLUTE
    check_client_char_cfg                    0x07f22355   Thumb Code     0  da14531_symbols.txt ABSOLUTE
    get_value_handle                         0x07f2237f   Thumb Code     0  da14531_symbols.txt ABSOLUTE
    get_cfg_handle                           0x07f223cb   Thumb Code     0  da14531_symbols.txt ABSOLUTE
    custs1_get_att_handle                    0x07f2242d   Thumb Code     0  da14531_symbols.txt ABSOLUTE
    custs1_get_att_idx                       0x07f22449   Thumb Code     0  da14531_symbols.txt ABSOLUTE
    custs1_prf_itf_get                       0x07f22621   Thumb Code     0  da14531_symbols.txt ABSOLUTE
    custs1_init_ccc_values                   0x07f226d3   Thumb Code     0  da14531_symbols.txt ABSOLUTE
    custs1_set_ccc_value                     0x07f2270b   Thumb Code     0  da14531_symbols.txt ABSOLUTE
    gattc_cmp_evt_handler                    0x07f22823   Thumb Code     0  da14531_symbols.txt ABSOLUTE
    custs1_val_set_req_handler               0x07f22837   Thumb Code     0  da14531_symbols.txt ABSOLUTE
    custs1_val_ntf_req_handler               0x07f22857   Thumb Code     0  da14531_symbols.txt ABSOLUTE
    custs1_val_ind_req_handler               0x07f228b3   Thumb Code     0  da14531_symbols.txt ABSOLUTE
    custs1_att_info_rsp_handler              0x07f2290f   Thumb Code     0  da14531_symbols.txt ABSOLUTE
    gattc_read_req_ind_handler               0x07f2294b   Thumb Code     0  da14531_symbols.txt ABSOLUTE
    gattc_att_info_req_ind_handler           0x07f22b57   Thumb Code     0  da14531_symbols.txt ABSOLUTE
    attm_svc_create_db_128                   0x07f22c19   Thumb Code     0  da14531_symbols.txt ABSOLUTE
    gapm_adv_report_ind_handler_ROM          0x07f23085   Thumb Code     0  da14531_symbols.txt ABSOLUTE
    gapc_security_ind_handler_ROM            0x07f2309f   Thumb Code     0  da14531_symbols.txt ABSOLUTE
    gapc_set_dev_info_req_ind_handler_ROM    0x07f23185   Thumb Code     0  da14531_symbols.txt ABSOLUTE
    gapm_profile_added_ind_handler_ROM       0x07f231c7   Thumb Code     0  da14531_symbols.txt ABSOLUTE
    gapc_param_update_req_ind_handler_ROM    0x07f231f9   Thumb Code     0  da14531_symbols.txt ABSOLUTE
    gapc_le_pkt_size_ind_handler_ROM         0x07f23239   Thumb Code     0  da14531_symbols.txt ABSOLUTE
    gattc_svc_changed_cfg_ind_handler_ROM    0x07f23253   Thumb Code     0  da14531_symbols.txt ABSOLUTE
    gapc_peer_features_ind_handler_ROM       0x07f2326f   Thumb Code     0  da14531_symbols.txt ABSOLUTE
    app_entry_point_handler                  0x07f232a9   Thumb Code     0  da14531_symbols.txt ABSOLUTE
    app_std_process_event                    0x07f232f1   Thumb Code     0  da14531_symbols.txt ABSOLUTE
    app_get_address_type_ROM                 0x07f23335   Thumb Code     0  da14531_symbols.txt ABSOLUTE
    app_fill_random_byte_array_ROM           0x07f23361   Thumb Code     0  da14531_symbols.txt ABSOLUTE
    __aeabi_ldivmod                          0x07f233f3   Thumb Code     0  da14531_symbols.txt ABSOLUTE
    __aeabi_llsr                             0x07f2343f   Thumb Code     0  da14531_symbols.txt ABSOLUTE
    _ll_ushift_r                             0x07f2343f   Thumb Code     0  da14531_symbols.txt ABSOLUTE
    __aeabi_uldivmod                         0x07f23461   Thumb Code     0  da14531_symbols.txt ABSOLUTE
    app_db_init_start                        0x07f234c1   Thumb Code     0  da14531_symbols.txt ABSOLUTE
    app_db_init                              0x07f234dd   Thumb Code     0  da14531_symbols.txt ABSOLUTE
    app_easy_gap_confirm                     0x07f234e9   Thumb Code     0  da14531_symbols.txt ABSOLUTE
    append_device_name                       0x07f23515   Thumb Code     0  da14531_symbols.txt ABSOLUTE
    app_easy_gap_update_adv_data             0x07f23539   Thumb Code     0  da14531_symbols.txt ABSOLUTE
    app_easy_gap_disconnect                  0x07f23581   Thumb Code     0  da14531_symbols.txt ABSOLUTE
    app_easy_gap_advertise_stop              0x07f235bd   Thumb Code     0  da14531_symbols.txt ABSOLUTE
    active_conidx_to_conhdl                  0x07f235d9   Thumb Code     0  da14531_symbols.txt ABSOLUTE
    active_conhdl_to_conidx                  0x07f23605   Thumb Code     0  da14531_symbols.txt ABSOLUTE
    app_timer_set                            0x07f23641   Thumb Code     0  da14531_symbols.txt ABSOLUTE
    app_easy_gap_set_data_packet_length      0x07f2365d   Thumb Code     0  da14531_symbols.txt ABSOLUTE
    get_user_prf_srv_perm                    0x07f23699   Thumb Code     0  da14531_symbols.txt ABSOLUTE
    app_set_prf_srv_perm                     0x07f236c1   Thumb Code     0  da14531_symbols.txt ABSOLUTE
    prf_init_srv_perm                        0x07f236f1   Thumb Code     0  da14531_symbols.txt ABSOLUTE
    app_gattc_svc_changed_cmd_send           0x07f23715   Thumb Code     0  da14531_symbols.txt ABSOLUTE
    blank_otp_bdaddr                         0x07f239e4   Data           0  da14531_symbols.txt ABSOLUTE
    app_default_handler                      0x07f23f58   Data           0  da14531_symbols.txt ABSOLUTE
    gap_cfg_user_var_struct                  0x07f23f60   Data           0  da14531_symbols.txt ABSOLUTE
    __Vectors                                0x07fc0000   Data         160  startup_da14531.o(RESET)
    booter_val                               0x07fc00a0   Data           8  otp_cs.o(otp_cs_booter)
    Image$$ER_IROM3$$Base                    0x07fc0110   Number         0  anon$$obj.o ABSOLUTE
    __main                                   0x07fc0111   Thumb Code     0  entry.o(.ARM.Collect$$$$00000000)
    _main_stk                                0x07fc0111   Thumb Code     0  entry4.o(.ARM.Collect$$$$00000003)
    _main_scatterload                        0x07fc0115   Thumb Code     0  entry5.o(.ARM.Collect$$$$00000004)
    __main_after_scatterload                 0x07fc0119   Thumb Code     0  entry5.o(.ARM.Collect$$$$00000004)
    _main_clock                              0x07fc0119   Thumb Code     0  entry7b.o(.ARM.Collect$$$$00000008)
    _main_cpp_init                           0x07fc0119   Thumb Code     0  entry8b.o(.ARM.Collect$$$$0000000A)
    _main_init                               0x07fc0119   Thumb Code     0  entry9a.o(.ARM.Collect$$$$0000000B)
    __rt_final_cpp                           0x07fc0121   Thumb Code     0  entry10a.o(.ARM.Collect$$$$0000000D)
    __rt_final_exit                          0x07fc0121   Thumb Code     0  entry11a.o(.ARM.Collect$$$$0000000F)
    lis3dh_detect                            0x07fc0125   Thumb Code    52  lis3dh.o(.text)
    lis3dh_init                              0x07fc0159   Thumb Code    20  lis3dh.o(.text)
    lis3dh_read_xyz                          0x07fc0199   Thumb Code    94  lis3dh.o(.text)
    lis3dh_motion_detected                   0x07fc01f9   Thumb Code    96  lis3dh.o(.text)
    main                                     0x07fc0271   Thumb Code   464  arch_main.o(.text)
    dummyf                                   0x07fc045d   Thumb Code     2  jump_table.o(.text)
    crypto_init_func                         0x07fc045f   Thumb Code     2  jump_table.o(.text)
    ba431_get_rand_func                      0x07fc0461   Thumb Code    24  jump_table.o(.text)
    dia_rand_func                            0x07fc0479   Thumb Code     8  jump_table.o(.text)
    dia_srand_func                           0x07fc0481   Thumb Code    26  jump_table.o(.text)
    dbg_init_func_empty                      0x07fc049b   Thumb Code     2  jump_table.o(.text)
    dbg_platform_reset_complete_func_empty   0x07fc049d   Thumb Code     2  jump_table.o(.text)
    smpm_ecdh_key_create_empty_func          0x07fc049f   Thumb Code     2  jump_table.o(.text)
    platform_reset_func                      0x07fc04a1   Thumb Code    16  jump_table.o(.text)
    arch_disable_sleep                       0x07fc04b9   Thumb Code    28  arch_sleep.o(.text)
    arch_set_extended_sleep                  0x07fc04e1   Thumb Code    44  arch_sleep.o(.text)
    arch_set_deep_sleep                      0x07fc0519   Thumb Code   256  arch_sleep.o(.text)
    arch_set_sleep_mode                      0x07fc0641   Thumb Code    80  arch_sleep.o(.text)
    arch_get_sleep_mode                      0x07fc069d   Thumb Code    20  arch_sleep.o(.text)
    arch_restore_sleep_mode                  0x07fc06b5   Thumb Code    68  arch_sleep.o(.text)
    arch_force_active_mode                   0x07fc0705   Thumb Code    48  arch_sleep.o(.text)
    arch_ble_ext_wakeup_on                   0x07fc0741   Thumb Code     8  arch_sleep.o(.text)
    arch_ble_ext_wakeup_off                  0x07fc074d   Thumb Code     8  arch_sleep.o(.text)
    arch_ble_ext_wakeup_get                  0x07fc0759   Thumb Code     8  arch_sleep.o(.text)
    arch_ble_force_wakeup                    0x07fc0765   Thumb Code    52  arch_sleep.o(.text)
    arch_last_rwble_evt_get                  0x07fc07a1   Thumb Code     8  arch_sleep.o(.text)
    init_pwr_and_clk_ble                     0x07fc07ad   Thumb Code   152  arch_system.o(.text)
    calibrate_rcx20                          0x07fc0855   Thumb Code    28  arch_system.o(.text)
    read_rcx_freq                            0x07fc0879   Thumb Code    80  arch_system.o(.text)
    set_sleep_delay                          0x07fc08d5   Thumb Code    84  arch_system.o(.text)
    lld_sleep_us_2_lpcycles_sel_func         0x07fc0945   Thumb Code    20  arch_system.o(.text)
    lld_sleep_lpcycles_2_us_sel_func         0x07fc0965   Thumb Code     8  arch_system.o(.text)
    conditionally_run_radio_cals             0x07fc096d   Thumb Code   168  arch_system.o(.text)
    lld_sleep_us_2_lpcycles_rcx_func         0x07fc0a2d   Thumb Code    20  arch_system.o(.text)
    lld_sleep_lpcycles_2_us_rcx_func         0x07fc0a4d   Thumb Code    40  arch_system.o(.text)
    check_sys_startup_period                 0x07fc0a79   Thumb Code    44  arch_system.o(.text)
    app_use_lower_clocks_check               0x07fc0ab5   Thumb Code     4  arch_system.o(.text)
    lld_sleep_init_func                      0x07fc0ab9   Thumb Code    28  arch_system.o(.text)
    arch_wkupct_tweak_deb_time               0x07fc0add   Thumb Code    36  arch_system.o(.text)
    arch_set_pxact_gpio                      0x07fc0b09   Thumb Code     2  arch_system.o(.text)
    set_xtal32m_trim_value                   0x07fc0b0d   Thumb Code    72  arch_system.o(.text)
    xtal32m_configuration                    0x07fc0b5d   Thumb Code    48  arch_system.o(.text)
    arch_system_init_vdd_clamp_for_rcx       0x07fc0b91   Thumb Code    28  arch_system.o(.text)
    system_init                              0x07fc0bb9   Thumb Code   452  arch_system.o(.text)
    arch_rom_init                            0x07fc0db9   Thumb Code   196  arch_rom.o(.text)
    hash                                     0x07fc0f3d   Thumb Code    52  hash.o(.text)
    patch_func                               0x07fc0f89   Thumb Code    40  system_library_531.o(.text)
    otp_cs_store_user_handler                0x07fc0fe9   Thumb Code    56  otp_cs.o(.text)
    otp_cs_store                             0x07fc1029   Thumb Code   660  otp_cs.o(.text)
    otp_cs_load_pd_rad                       0x07fc12dd   Thumb Code    84  otp_cs.o(.text)
    otp_cs_load_pd_adpll                     0x07fc1341   Thumb Code    68  otp_cs.o(.text)
    otp_hdr_get_bd_address                   0x07fc1395   Thumb Code    12  otp_hdr.o(.text)
    syscntl_use_lowest_amba_clocks           0x07fc13a5   Thumb Code    22  syscntl.o(.text)
    syscntl_use_highest_amba_clocks          0x07fc13bb   Thumb Code    22  syscntl.o(.text)
    syscntl_cfg_xtal32m_amp_reg              0x07fc13d1   Thumb Code    16  syscntl.o(.text)
    syscntl_por_vbat_high_cfg                0x07fc13e9   Thumb Code    28  syscntl.o(.text)
    syscntl_por_vbat_low_cfg                 0x07fc1411   Thumb Code    28  syscntl.o(.text)
    syscntl_dcdc_get_level                   0x07fc1439   Thumb Code    20  syscntl.o(.text)
    syscntl_dcdc_set_level                   0x07fc1451   Thumb Code    36  syscntl.o(.text)
    syscntl_dcdc_turn_off                    0x07fc1481   Thumb Code    72  syscntl.o(.text)
    syscntl_dcdc_turn_on_in_boost            0x07fc14d5   Thumb Code    80  syscntl.o(.text)
    syscntl_dcdc_turn_on_in_buck             0x07fc1555   Thumb Code    36  syscntl.o(.text)
    GPIO_init                                0x07fc157d   Thumb Code     2  gpio.o(.text)
    GPIO_SetPinFunction                      0x07fc1581   Thumb Code    16  gpio.o(.text)
    GPIO_GetPinFunction                      0x07fc1595   Thumb Code    16  gpio.o(.text)
    GPIO_ConfigurePin                        0x07fc15a9   Thumb Code    36  gpio.o(.text)
    GPIO_SetActive                           0x07fc15d1   Thumb Code    12  gpio.o(.text)
    GPIO_SetInactive                         0x07fc15e1   Thumb Code    12  gpio.o(.text)
    GPIO_ConfigurePinPower                   0x07fc15f1   Thumb Code    20  gpio.o(.text)
    GPIO_GetPinStatus                        0x07fc1609   Thumb Code    16  gpio.o(.text)
    GPIO_is_valid                            0x07fc161d   Thumb Code    20  gpio.o(.text)
    GPIO_EnableIRQ                           0x07fc1631   Thumb Code   200  gpio.o(.text)
    GPIO_GetIRQInputLevel                    0x07fc1731   Thumb Code   140  gpio.o(.text)
    GPIO_SetIRQInputLevel                    0x07fc17c1   Thumb Code    32  gpio.o(.text)
    GPIO_ResetIRQ                            0x07fc17e5   Thumb Code    32  gpio.o(.text)
    GPIO_RegisterCallback                    0x07fc1809   Thumb Code    24  gpio.o(.text)
    GPIOn_Handler                            0x07fc1825   Thumb Code    48  gpio.o(.text)
    GPIO0_Handler                            0x07fc185d   Thumb Code    10  gpio.o(.text)
    GPIO1_Handler                            0x07fc1867   Thumb Code    10  gpio.o(.text)
    GPIO2_Handler                            0x07fc1871   Thumb Code    10  gpio.o(.text)
    GPIO3_Handler                            0x07fc187b   Thumb Code    10  gpio.o(.text)
    GPIO4_Handler                            0x07fc1885   Thumb Code    10  gpio.o(.text)
    GPIO_EnablePorPin                        0x07fc1891   Thumb Code    44  gpio.o(.text)
    GPIO_DisablePorPin                       0x07fc18c1   Thumb Code     8  gpio.o(.text)
    GPIO_SetPorTime                          0x07fc18cd   Thumb Code    12  gpio.o(.text)
    GPIO_GetPorTime                          0x07fc18dd   Thumb Code    12  gpio.o(.text)
    WKUP_QUADEC_Handler                      0x07fc18ed   Thumb Code   148  wkupct_quadec.o(.text)
    wkupct_enable_irq                        0x07fc1995   Thumb Code    72  wkupct_quadec.o(.text)
    wkupct2_enable_irq                       0x07fc19ed   Thumb Code    72  wkupct_quadec.o(.text)
    wkupct_disable_irq                       0x07fc1a45   Thumb Code    24  wkupct_quadec.o(.text)
    wkupct2_disable_irq                      0x07fc1a9d   Thumb Code    24  wkupct_quadec.o(.text)
    wkupct_register_callback                 0x07fc1abd   Thumb Code     8  wkupct_quadec.o(.text)
    wkupct2_register_callback                0x07fc1ac9   Thumb Code     8  wkupct_quadec.o(.text)
    quad_decoder_register_callback           0x07fc1ad5   Thumb Code     8  wkupct_quadec.o(.text)
    quad_decoder_init                        0x07fc1ae1   Thumb Code    56  wkupct_quadec.o(.text)
    quad_decoder_release                     0x07fc1b25   Thumb Code    24  wkupct_quadec.o(.text)
    quad_decoder_disable_irq                 0x07fc1b49   Thumb Code    20  wkupct_quadec.o(.text)
    quad_decoder_enable_irq                  0x07fc1b61   Thumb Code    44  wkupct_quadec.o(.text)
    quad_decoder_clear_irq                   0x07fc1b9d   Thumb Code    44  wkupct_quadec.o(.text)
    adc_init                                 0x07fc1bd1   Thumb Code   316  adc_531.o(.text)
    adc_enable                               0x07fc1d31   Thumb Code    12  adc_531.o(.text)
    adc_reset                                0x07fc1d41   Thumb Code    32  adc_531.o(.text)
    adc_input_shift_enable                   0x07fc1d69   Thumb Code    20  adc_531.o(.text)
    adc_input_shift_disable                  0x07fc1d81   Thumb Code    12  adc_531.o(.text)
    adc_input_shift_config                   0x07fc1d91   Thumb Code    36  adc_531.o(.text)
    adc_set_se_input                         0x07fc1dbd   Thumb Code    16  adc_531.o(.text)
    adc_set_diff_input                       0x07fc1dd1   Thumb Code    16  adc_531.o(.text)
    adc_register_interrupt                   0x07fc1de5   Thumb Code    40  adc_531.o(.text)
    adc_unregister_interrupt                 0x07fc1e1d   Thumb Code    36  adc_531.o(.text)
    adc_disable                              0x07fc1e51   Thumb Code    12  adc_531.o(.text)
    adc_start                                0x07fc1e61   Thumb Code    12  adc_531.o(.text)
    adc_get_sample                           0x07fc1e71   Thumb Code    24  adc_531.o(.text)
    adc_offset_calibrate                     0x07fc1e8d   Thumb Code   204  adc_531.o(.text)
    ADC_Handler                              0x07fc1f6d   Thumb Code    20  adc_531.o(.text)
    adc_correct_sample                       0x07fc1f89   Thumb Code   128  adc_531.o(.text)
    adc_temp_sensor_enable                   0x07fc2019   Thumb Code    24  adc_531.o(.text)
    adc_get_temp                             0x07fc2035   Thumb Code    32  adc_531.o(.text)
    adc_get_temp_async                       0x07fc2099   Thumb Code    36  adc_531.o(.text)
    adc_store_offsets                        0x07fc20c1   Thumb Code    20  adc_531.o(.text)
    adc_load_offsets                         0x07fc20e1   Thumb Code    32  adc_531.o(.text)
    adc_reset_offsets                        0x07fc210d   Thumb Code    28  adc_531.o(.text)
    i2c_init                                 0x07fc2131   Thumb Code   176  i2c.o(.text)
    i2c_setup_master                         0x07fc21f5   Thumb Code    64  i2c.o(.text)
    i2c_setup_slave                          0x07fc2239   Thumb Code    48  i2c.o(.text)
    i2c_release                              0x07fc226d   Thumb Code    28  i2c.o(.text)
    i2c_master_transmit_buffer_sync          0x07fc2291   Thumb Code   108  i2c.o(.text)
    i2c_master_receive_buffer_sync           0x07fc2305   Thumb Code   128  i2c.o(.text)
    i2c_master_transmit_buffer_async         0x07fc238d   Thumb Code    52  i2c.o(.text)
    i2c_register_int                         0x07fc23cd   Thumb Code    12  i2c.o(.text)
    i2c_master_receive_buffer_async          0x07fc246d   Thumb Code    36  i2c.o(.text)
    i2c_slave_receive_buffer_sync            0x07fc2511   Thumb Code    32  i2c.o(.text)
    i2c_slave_transmit_buffer_sync           0x07fc2539   Thumb Code    68  i2c.o(.text)
    i2c_slave_receive_buffer_async           0x07fc2585   Thumb Code    28  i2c.o(.text)
    i2c_slave_transmit_buffer_async          0x07fc2601   Thumb Code    32  i2c.o(.text)
    i2c_unregister_int                       0x07fc26c1   Thumb Code    20  i2c.o(.text)
    I2C_Handler                              0x07fc26e1   Thumb Code    28  i2c.o(.text)
    hw_otpc_is_dcdc_reserved                 0x07fc2769   Thumb Code     8  hw_otpc_531.o(.text)
    hw_otpc_clear_dcdc_reserved              0x07fc2775   Thumb Code     8  hw_otpc_531.o(.text)
    hw_otpc_init                             0x07fc2781   Thumb Code    92  hw_otpc_531.o(.text)
    hw_otpc_set_speed                        0x07fc27f5   Thumb Code    16  hw_otpc_531.o(.text)
    hw_otpc_enter_mode                       0x07fc281d   Thumb Code    64  hw_otpc_531.o(.text)
    hw_otpc_word_prog_and_verify             0x07fc28a1   Thumb Code    64  hw_otpc_531.o(.text)
    hw_otpc_word_read                        0x07fc28e5   Thumb Code    20  hw_otpc_531.o(.text)
    hw_otpc_prog                             0x07fc28f9   Thumb Code    52  hw_otpc_531.o(.text)
    hw_otpc_prog_and_verify                  0x07fc2931   Thumb Code    58  hw_otpc_531.o(.text)
    hw_otpc_read                             0x07fc29a3   Thumb Code    36  hw_otpc_531.o(.text)
    hw_otpc_disable                          0x07fc29c9   Thumb Code   108  hw_otpc_531.o(.text)
    UART2_Handler                            0x07fc2a4d   Thumb Code   192  uart.o(.text)
    uart_enable                              0x07fc2b19   Thumb Code    52  uart.o(.text)
    uart_disable                             0x07fc2b55   Thumb Code    80  uart.o(.text)
    uart_baudrate_setf                       0x07fc2bb5   Thumb Code    36  uart.o(.text)
    uart_register_tx_cb                      0x07fc2bd9   Thumb Code    20  uart.o(.text)
    uart_register_rx_cb                      0x07fc2bf5   Thumb Code    20  uart.o(.text)
    uart_register_err_cb                     0x07fc2c11   Thumb Code    20  uart.o(.text)
    uart_initialize                          0x07fc2c2d   Thumb Code   176  uart.o(.text)
    uart_write_byte                          0x07fc2ce5   Thumb Code    10  uart.o(.text)
    uart_write_buffer                        0x07fc2cef   Thumb Code    28  uart.o(.text)
    uart_send                                0x07fc2d0d   Thumb Code    96  uart.o(.text)
    uart_wait_tx_finish                      0x07fc2d9d   Thumb Code     8  uart.o(.text)
    uart_read_byte                           0x07fc2da5   Thumb Code    12  uart.o(.text)
    uart_read_buffer                         0x07fc2db1   Thumb Code    28  uart.o(.text)
    uart_receive                             0x07fc2dcd   Thumb Code    96  uart.o(.text)
    uart_enable_flow_control                 0x07fc2e3d   Thumb Code    32  uart.o(.text)
    uart_disable_flow_control                0x07fc2e61   Thumb Code    80  uart.o(.text)
    init_rand_seed_from_trng                 0x07fc2ef5   Thumb Code   100  trng.o(.text)
    lld_sleep_compensate_func                0x07fc2f71   Thumb Code    64  rwble.o(.text)
    BLE_WAKEUP_LP_Handler                    0x07fc2fc5   Thumb Code    56  rwble.o(.text)
    power_up                                 0x07fc3011   Thumb Code    60  rwble.o(.text)
    rwble_isr                                0x07fc3055   Thumb Code   236  rwble.o(.text)
    ble_tx_evt_handler                       0x07fc3151   Thumb Code     2  rwble.o(.text)
    ble_rx_evt_handler                       0x07fc3153   Thumb Code     2  rwble.o(.text)
    BLE_RF_DIAG_Handler                      0x07fc3155   Thumb Code    60  rwble.o(.text)
    patched_ble_regs_push                    0x07fc3199   Thumb Code    16  rwip.o(.text)
    patched_ble_regs_pop                     0x07fc31b1   Thumb Code    16  rwip.o(.text)
    rwip_sleep                               0x07fc31c9   Thumb Code   376  rwip.o(.text)
    rf_reg_rd                                0x07fc3385   Thumb Code     4  ble_arp.o(.text)
    rf_reg_wr                                0x07fc3389   Thumb Code     2  ble_arp.o(.text)
    rf_init_func                             0x07fc338d   Thumb Code   240  ble_arp.o(.text)
    rf_reinit_func                           0x07fc35bd   Thumb Code    92  ble_arp.o(.text)
    ble_init_arp_func                        0x07fc3649   Thumb Code    28  ble_arp.o(.text)
    rf_recalibration                         0x07fc3675   Thumb Code    32  ble_arp.o(.text)
    set_recommended_settings                 0x07fc36c1   Thumb Code   364  rf_531.o(.text)
    dcoff_calibration                        0x07fc38ad   Thumb Code   208  rf_531.o(.text)
    kdtc_calibration                         0x07fc3999   Thumb Code   252  rf_531.o(.text)
    en_hclk                                  0x07fc3ac9   Thumb Code     8  rf_531.o(.text)
    kdtc_cal_init                            0x07fc3ad5   Thumb Code   100  rf_531.o(.text)
    en_kdtc_cal_mod1                         0x07fc3b41   Thumb Code     8  rf_531.o(.text)
    dis_hclk                                 0x07fc3b4d   Thumb Code    16  rf_531.o(.text)
    en_adpll_tx                              0x07fc3b61   Thumb Code    48  rf_531.o(.text)
    dis_adpll                                0x07fc3ba1   Thumb Code    36  rf_531.o(.text)
    en_kdtc_cal_mod0                         0x07fc3bd1   Thumb Code    24  rf_531.o(.text)
    dis_kdtc_cal                             0x07fc3bed   Thumb Code    12  rf_531.o(.text)
    kdtc_cal_end                             0x07fc3bfd   Thumb Code    76  rf_531.o(.text)
    kdco_calibration                         0x07fc3c51   Thumb Code   348  rf_531.o(.text)
    rf_calibration                           0x07fc3dc5   Thumb Code     8  rf_531.o(.text)
    rf_power_up                              0x07fc3dcd   Thumb Code     2  rf_531.o(.text)
    rf_power_down                            0x07fc3dcf   Thumb Code     2  rf_531.o(.text)
    rf_adplldig_ldo_on                       0x07fc3dd1   Thumb Code     8  rf_531.o(.text)
    rf_adplldig_txmod                        0x07fc3ddd   Thumb Code    12  rf_531.o(.text)
    kdco_cal_init                            0x07fc3ded   Thumb Code    20  rf_531.o(.text)
    kdco_cal_end                             0x07fc3e09   Thumb Code    16  rf_531.o(.text)
    dis_kdco_cal                             0x07fc3e21   Thumb Code    24  rf_531.o(.text)
    rf_ldo_cont_mode_en                      0x07fc3e3d   Thumb Code    80  rf_531.o(.text)
    rf_adplldig_activate                     0x07fc3e91   Thumb Code    20  rf_531.o(.text)
    rf_adplldig_deactivate                   0x07fc3ea9   Thumb Code    12  rf_531.o(.text)
    rf_pa_pwr_set                            0x07fc3eb9   Thumb Code     8  rf_531.o(.text)
    rf_pa_pwr_get                            0x07fc3ec5   Thumb Code     8  rf_531.o(.text)
    rf_nfm_is_enabled                        0x07fc3ed1   Thumb Code     8  rf_531.o(.text)
    rf_nfm_enable                            0x07fc3edd   Thumb Code    24  rf_531.o(.text)
    rf_nfm_disable                           0x07fc3efd   Thumb Code    20  rf_531.o(.text)
    prf_init_func                            0x07fc4115   Thumb Code    84  prf.o(.text)
    prf_create_func                          0x07fc4171   Thumb Code    48  prf.o(.text)
    default_advertise_operation              0x07fc41a9   Thumb Code     8  app_default_handlers.o(.text)
    default_app_on_init                      0x07fc41b1   Thumb Code    14  app_default_handlers.o(.text)
    default_app_on_connection                0x07fc41c1   Thumb Code    28  app_default_handlers.o(.text)
    default_app_on_disconnect                0x07fc41e1   Thumb Code     8  app_default_handlers.o(.text)
    default_app_on_set_dev_config_complete   0x07fc41e9   Thumb Code    16  app_default_handlers.o(.text)
    default_app_on_db_init_complete          0x07fc41f9   Thumb Code     8  app_default_handlers.o(.text)
    default_app_on_get_dev_name              0x07fc4201   Thumb Code    20  app_default_handlers.o(.text)
    default_app_on_get_dev_appearance        0x07fc4219   Thumb Code     8  app_default_handlers.o(.text)
    default_app_on_get_dev_slv_pref_params   0x07fc4225   Thumb Code    18  app_default_handlers.o(.text)
    default_app_on_set_dev_info              0x07fc4239   Thumb Code    52  app_default_handlers.o(.text)
    default_app_update_params_request        0x07fc4271   Thumb Code    12  app_default_handlers.o(.text)
    default_app_generate_static_random_addr  0x07fc427d   Thumb Code    44  app_default_handlers.o(.text)
    default_app_generate_unique_static_random_addr 0x07fc42a9   Thumb Code   108  app_default_handlers.o(.text)
    default_app_on_provide_local_irk         0x07fc4349   Thumb Code    16  app_default_handlers.o(.text)
    app_db_init_next                         0x07fc435d   Thumb Code    48  app.o(.text)
    app_prf_enable                           0x07fc4395   Thumb Code    40  app.o(.text)
    app_init                                 0x07fc43c1   Thumb Code    52  app.o(.text)
    app_easy_gap_undirected_advertise_get_active 0x07fc4401   Thumb Code     8  app.o(.text)
    app_easy_gap_undirected_advertise_start  0x07fc4475   Thumb Code    28  app.o(.text)
    app_easy_gap_directed_advertise_get_active 0x07fc4495   Thumb Code     8  app.o(.text)
    app_easy_gap_directed_advertise_start    0x07fc4515   Thumb Code    28  app.o(.text)
    app_easy_gap_non_connectable_advertise_get_active 0x07fc4535   Thumb Code     8  app.o(.text)
    app_easy_gap_non_connectable_advertise_start 0x07fc45a9   Thumb Code    36  app.o(.text)
    app_easy_gap_undirected_advertise_with_timeout_start 0x07fc45d1   Thumb Code    40  app.o(.text)
    app_easy_gap_advertise_with_timeout_stop 0x07fc461d   Thumb Code    24  app.o(.text)
    app_easy_gap_param_update_get_active     0x07fc4639   Thumb Code     8  app.o(.text)
    app_easy_gap_param_update_start          0x07fc4685   Thumb Code    24  app.o(.text)
    app_easy_gap_start_connection_to_get_active 0x07fc46a1   Thumb Code     8  app.o(.text)
    app_easy_gap_start_connection_to_set     0x07fc46f5   Thumb Code    38  app.o(.text)
    app_easy_gap_start_connection_to         0x07fc471d   Thumb Code    20  app.o(.text)
    app_easy_gap_start_scan_get_active       0x07fc4735   Thumb Code    56  app.o(.text)
    app_easy_gap_start_scan                  0x07fc4775   Thumb Code    28  app.o(.text)
    app_easy_gap_scan_stop                   0x07fc4795   Thumb Code    24  app.o(.text)
    app_easy_gap_dev_config_get_active       0x07fc47b1   Thumb Code     8  app.o(.text)
    app_easy_gap_dev_configure               0x07fc4829   Thumb Code    20  app.o(.text)
    app_easy_gap_get_peer_features           0x07fc4841   Thumb Code    28  app.o(.text)
    app_gap_get_current_handled_connection_idx 0x07fc4861   Thumb Code     8  app_task.o(.text)
    app_gap_process_handler_RAM              0x07fc486d   Thumb Code    28  app_task.o(.text)
    app_check_BLE_active                     0x07fc4b89   Thumb Code    32  app_msg_utils.o(.text)
    app_msg_send_wakeup_ble                  0x07fc4bb5   Thumb Code    24  app_msg_utils.o(.text)
    app_timer_api_process_handler            0x07fc4bcd   Thumb Code   268  app_easy_timer.o(.text)
    app_easy_timer                           0x07fc4cfd   Thumb Code    80  app_easy_timer.o(.text)
    app_easy_timer_cancel                    0x07fc4d99   Thumb Code    68  app_easy_timer.o(.text)
    app_easy_timer_modify                    0x07fc4ded   Thumb Code   116  app_easy_timer.o(.text)
    app_easy_timer_cancel_all                0x07fc4e7d   Thumb Code    40  app_easy_timer.o(.text)
    custs_get_func_callbacks                 0x07fc4ead   Thumb Code    24  app_customs.o(.text)
    app_custs1_init                          0x07fc4ec9   Thumb Code     2  app_customs.o(.text)
    app_custs1_create_db                     0x07fc4ecd   Thumb Code    52  app_customs.o(.text)
    app_custs1_process_handler               0x07fc4f05   Thumb Code    26  app_customs_task.o(.text)
    app_get_address_type                     0x07fc4f21   Thumb Code    22  app_utils.o(.text)
    app_fill_random_byte_array               0x07fc4f37   Thumb Code    12  app_utils.o(.text)
    app_generate_static_key                  0x07fc4f45   Thumb Code    92  app_utils.o(.text)
    set_pad_functions                        0x07fc4fa9   Thumb Code    64  user_periph_setup.o(.text)
    periph_init                              0x07fc4fed   Thumb Code    36  user_periph_setup.o(.text)
    user_svc1_serial_wr_ind_handler          0x07fc5019   Thumb Code    52  user_custs1_impl.o(.text)
    user_svc1_rest_att_info_req_handler      0x07fc5065   Thumb Code    48  user_custs1_impl.o(.text)
    user_app_init                            0x07fc5099   Thumb Code    72  user_peripheral.o(.text)
    user_app_adv_start                       0x07fc515d   Thumb Code   108  user_peripheral.o(.text)
    user_app_connection                      0x07fc526d   Thumb Code   108  user_peripheral.o(.text)
    user_app_adv_undirect_complete           0x07fc5359   Thumb Code    64  user_peripheral.o(.text)
    user_app_disconnect                      0x07fc53ed   Thumb Code    32  user_peripheral.o(.text)
    user_update_manufacturer_data            0x07fc543d   Thumb Code    88  user_peripheral.o(.text)
    user_on_ble_powered                      0x07fc54b5   Thumb Code    36  user_peripheral.o(.text)
    user_on_system_powered                   0x07fc54f5   Thumb Code    36  user_peripheral.o(.text)
    user_app_validate_sleep                  0x07fc5539   Thumb Code     4  user_peripheral.o(.text)
    user_catch_rest_hndl                     0x07fc553d   Thumb Code    72  user_peripheral.o(.text)
    SEGGER_RTT_ReadUpBufferNoLock            0x07fc5595   Thumb Code   128  segger_rtt.o(.text)
    SEGGER_RTT_ReadNoLock                    0x07fc5675   Thumb Code   128  segger_rtt.o(.text)
    SEGGER_RTT_ReadUpBuffer                  0x07fc56f9   Thumb Code    26  segger_rtt.o(.text)
    SEGGER_RTT_Read                          0x07fc5713   Thumb Code    26  segger_rtt.o(.text)
    SEGGER_RTT_WriteWithOverwriteNoLock      0x07fc572d   Thumb Code   128  segger_rtt.o(.text)
    SEGGER_RTT_WriteSkipNoLock               0x07fc57b1   Thumb Code    96  segger_rtt.o(.text)
    SEGGER_RTT_WriteDownBufferNoLock         0x07fc5815   Thumb Code   100  segger_rtt.o(.text)
    SEGGER_RTT_WriteNoLock                   0x07fc5925   Thumb Code   100  segger_rtt.o(.text)
    SEGGER_RTT_WriteDownBuffer               0x07fc598d   Thumb Code    48  segger_rtt.o(.text)
    SEGGER_RTT_Write                         0x07fc59c1   Thumb Code    48  segger_rtt.o(.text)
    SEGGER_RTT_WriteString                   0x07fc59f5   Thumb Code    24  segger_rtt.o(.text)
    SEGGER_RTT_PutCharSkipNoLock             0x07fc5a0d   Thumb Code    44  segger_rtt.o(.text)
    SEGGER_RTT_PutCharSkip                   0x07fc5a3d   Thumb Code    72  segger_rtt.o(.text)
    SEGGER_RTT_PutChar                       0x07fc5a89   Thumb Code    84  segger_rtt.o(.text)
    SEGGER_RTT_GetKey                        0x07fc5ae1   Thumb Code    28  segger_rtt.o(.text)
    SEGGER_RTT_WaitKey                       0x07fc5afd   Thumb Code    12  segger_rtt.o(.text)
    SEGGER_RTT_HasKey                        0x07fc5b09   Thumb Code    28  segger_rtt.o(.text)
    SEGGER_RTT_HasData                       0x07fc5b29   Thumb Code    16  segger_rtt.o(.text)
    SEGGER_RTT_HasDataUp                     0x07fc5b3d   Thumb Code    16  segger_rtt.o(.text)
    SEGGER_RTT_AllocDownBuffer               0x07fc5b51   Thumb Code    92  segger_rtt.o(.text)
    SEGGER_RTT_AllocUpBuffer                 0x07fc5bb1   Thumb Code    92  segger_rtt.o(.text)
    SEGGER_RTT_ConfigUpBuffer                0x07fc5c11   Thumb Code    48  segger_rtt.o(.text)
    SEGGER_RTT_ConfigDownBuffer              0x07fc5c45   Thumb Code    48  segger_rtt.o(.text)
    SEGGER_RTT_SetNameUpBuffer               0x07fc5c79   Thumb Code    48  segger_rtt.o(.text)
    SEGGER_RTT_SetNameDownBuffer             0x07fc5cad   Thumb Code    48  segger_rtt.o(.text)
    SEGGER_RTT_SetFlagsUpBuffer              0x07fc5ce1   Thumb Code    48  segger_rtt.o(.text)
    SEGGER_RTT_SetFlagsDownBuffer            0x07fc5d15   Thumb Code    48  segger_rtt.o(.text)
    SEGGER_RTT_Init                          0x07fc5d49   Thumb Code     8  segger_rtt.o(.text)
    SEGGER_RTT_SetTerminal                   0x07fc5d51   Thumb Code   116  segger_rtt.o(.text)
    SEGGER_RTT_TerminalOut                   0x07fc5dd1   Thumb Code   152  segger_rtt.o(.text)
    SEGGER_RTT_GetAvailWriteSpace            0x07fc5e95   Thumb Code    20  segger_rtt.o(.text)
    SEGGER_RTT_GetBytesInBuffer              0x07fc5ead   Thumb Code    32  segger_rtt.o(.text)
    SEGGER_RTT_vprintf                       0x07fc5ed1   Thumb Code   684  segger_rtt_printf.o(.text)
    SEGGER_RTT_printf                        0x07fc62d5   Thumb Code    26  segger_rtt_printf.o(.text)
    JT_lld_test_mode_rx_func                 0x07fc62f1   Thumb Code   142  patch_1.o(.text)
    JT_l2cc_pdu_unpack_func                  0x07fc637f   Thumb Code   786  patch_1.o(.text)
    JT_l2cc_pdu_recv_ind_handler_func        0x07fc6691   Thumb Code    72  patch_1.o(.text)
    PATCHED_llm_con_req_ind                  0x07fc66d9   Thumb Code   814  patch_1.o(.text)
    PATCHED_smpc_recv_pair_rand_pdu          0x07fc6a07   Thumb Code   272  patch_1.o(.text)
    PATCHED_smpc_recv_public_key_exchange_pdu 0x07fc6b17   Thumb Code   106  patch_1.o(.text)
    PATCHED_llc_data_ind_handler             0x07fc6b81   Thumb Code   176  patch_1.o(.text)
    lld_drop_packet_fix                      0x07fc6c31   Thumb Code    64  patch_1.o(.text)
    PATCHED_lld_data_ind_handler             0x07fc6c71   Thumb Code    58  patch_1.o(.text)
    patch_data1                              0x07fc6cab   Thumb Code    12  patch_1.o(.text)
    patch_data2                              0x07fc6cb7   Thumb Code     2  patch_1.o(.text)
    patch_global_vars_init                   0x07fc6cb9   Thumb Code     2  patch_1.o(.text)
    rf_ldo_calibration                       0x07fc704d   Thumb Code    36  rf_ldo_calibration.o(.text)
    enable_rf_diag_irq                       0x07fc709d   Thumb Code    92  rf_diag.o(.text)
    _WAIT                                    0x07fc7109   Thumb Code    10  common.o(.text)
    _WAIT10                                  0x07fc7113   Thumb Code    10  common.o(.text)
    _WAIT100                                 0x07fc711d   Thumb Code    10  common.o(.text)
    _WAIT400                                 0x07fc7127   Thumb Code    10  common.o(.text)
    _WAIT1000                                0x07fc7131   Thumb Code    10  common.o(.text)
    arch_asm_delay_us                        0x07fc7145   Thumb Code    32  arch_asm.o(.text)
    strlen                                   0x07fc7165   Thumb Code    14  strlen.o(.text)
    __scatterload                            0x07fc7175   Thumb Code    38  init.o(.text)
    __scatterload_rt2                        0x07fc7175   Thumb Code     0  init.o(.text)
    HardFault_HandlerC                       0x07fc71a5   Thumb Code    16  hardfault_handler.o(.text.HardFault_HandlerC)
    NMI_HandlerC                             0x07fc71bd   Thumb Code    40  nmi_handler.o(.text.NMI_HandlerC)
    __scatterload_copy                       0x07fc71f1   Thumb Code    14  handlers.o(i.__scatterload_copy)
    __scatterload_null                       0x07fc71ff   Thumb Code     2  handlers.o(i.__scatterload_null)
    __scatterload_zeroinit                   0x07fc7201   Thumb Code    14  handlers.o(i.__scatterload_zeroinit)
    BusFault_Handler                         0x07fc7211   Thumb Code     2  startup_da14531.o(startup_code_DA14xxx)
    DMA_Handler                              0x07fc7211   Thumb Code     2  startup_da14531.o(startup_code_DA14xxx)
    DebugMon_Handler                         0x07fc7211   Thumb Code     2  startup_da14531.o(startup_code_DA14xxx)
    Default_Handler                          0x07fc7211   Thumb Code     2  startup_da14531.o(startup_code_DA14xxx)
    KEYBRD_Handler                           0x07fc7211   Thumb Code     2  startup_da14531.o(startup_code_DA14xxx)
    MemManage_Handler                        0x07fc7211   Thumb Code     2  startup_da14531.o(startup_code_DA14xxx)
    PendSV_Handler                           0x07fc7211   Thumb Code     2  startup_da14531.o(startup_code_DA14xxx)
    RESERVED21_Handler                       0x07fc7211   Thumb Code     2  startup_da14531.o(startup_code_DA14xxx)
    RESERVED22_Handler                       0x07fc7211   Thumb Code     2  startup_da14531.o(startup_code_DA14xxx)
    RESERVED23_Handler                       0x07fc7211   Thumb Code     2  startup_da14531.o(startup_code_DA14xxx)
    RFCAL_Handler                            0x07fc7211   Thumb Code     2  startup_da14531.o(startup_code_DA14xxx)
    RTC_Handler                              0x07fc7211   Thumb Code     2  startup_da14531.o(startup_code_DA14xxx)
    SPI_Handler                              0x07fc7211   Thumb Code     2  startup_da14531.o(startup_code_DA14xxx)
    SVC_Handler                              0x07fc7211   Thumb Code     2  startup_da14531.o(startup_code_DA14xxx)
    SWTIM1_Handler                           0x07fc7211   Thumb Code     2  startup_da14531.o(startup_code_DA14xxx)
    SWTIM_Handler                            0x07fc7211   Thumb Code     2  startup_da14531.o(startup_code_DA14xxx)
    SecureFault_Handler                      0x07fc7211   Thumb Code     2  startup_da14531.o(startup_code_DA14xxx)
    SysTick_Handler                          0x07fc7211   Thumb Code     2  startup_da14531.o(startup_code_DA14xxx)
    UsageFault_Handler                       0x07fc7211   Thumb Code     2  startup_da14531.o(startup_code_DA14xxx)
    XTAL32M_RDY_Handler                      0x07fc7211   Thumb Code     2  startup_da14531.o(startup_code_DA14xxx)
    Reset_Handler                            0x07fc7215   Thumb Code    16  startup_da14531.o(startup_code_DA14xxx)
    NMI_Handler                              0x07fc7229   Thumb Code    26  startup_da14531.o(startup_code_DA14xxx)
    HardFault_Handler                        0x07fc7243   Thumb Code    26  startup_da14531.o(startup_code_DA14xxx)
    SystemInit                               0x07fc7265   Thumb Code   116  system_da14531.o(system_DA14xxx)
    app_default_handler_RAM                  0x07fc733c   Data           8  app_task.o(.rodata.app_default_handler_RAM)
    app_default_state                        0x07fc7344   Data           8  app_task.o(.rodata.app_default_state)
    app_process_handlers                     0x07fc73b4   Data          16  app_entry_point.o(.rodata.app_process_handlers)
    arp_init_table                           0x07fc73c4   Data         112  ble_arp.o(.rodata.arp_init_table)
    catch_rest                               0x07fc743c   Data           4  app_entry_point.o(.rodata.catch_rest)
    cust_prf_funcs                           0x07fc7450   Data          56  user_custs_config.o(.rodata.cust_prf_funcs)
    custs1_att_db                            0x07fc7488   Data          80  user_custs1_def.o(.rodata.custs1_att_db)
    custs1_default_handler                   0x07fc74d8   Data           8  custs1_task.o(.rodata.custs1_default_handler)
    custs1_default_state                     0x07fc74e0   Data          72  custs1_task.o(.rodata.custs1_default_state)
    custs1_services                          0x07fc7528   Data           2  user_custs1_def.o(.rodata.custs1_services)
    custs1_services_size                     0x07fc752a   Data           1  user_custs1_def.o(.rodata.custs1_services_size)
    my_custom_msg_handlers                   0x07fc7560   Data          24  system_library_531.o(.rodata.my_custom_msg_handlers)
    prf_if                                   0x07fc7588   Data          16  prf.o(.rodata.prf_if)
    rom_app_task_cfg                         0x07fc7598   Data          32  app_entry_point.o(.rodata.rom_app_task_cfg)
    rom_cfg_table_var                        0x07fc75b8   Data         236  jump_table.o(.rodata.rom_cfg_table_var)
    rom_chacha20_cfg                         0x07fc76a4   Data          16  chacha20.o(.rodata.rom_chacha20_cfg)
    rom_cust_prf_cfg                         0x07fc76b4   Data          16  custs1.o(.rodata.rom_cust_prf_cfg)
    rom_func_addr_table_var                  0x07fc76c4   Data         380  jump_table.o(.rodata.rom_func_addr_table_var)
    rom_nvds_cfg                             0x07fc7840   Data           8  nvds.o(.rodata.rom_nvds_cfg)
    rom_prf_cfg                              0x07fc7848   Data          12  prf.o(.rodata.rom_prf_cfg)
    Region$$Table$$Base                      0x07fc78c8   Number         0  anon$$obj.o(Region$$Table)
    Region$$Table$$Limit                     0x07fc78f8   Number         0  anon$$obj.o(Region$$Table)
    pa_en_dcf_tx_setting                     0x07fc7903   Data           1  rf_531.o(.data.pa_en_dcf_tx_setting)
    startup_sleep_delay                      0x07fc7904   Data           4  arch_system.o(.data.startup_sleep_delay)
    twirq_reset_value                        0x07fc7e80   Data           4  arch_system.o(.bss..L_MergedGlobals.1)
    twirq_set_value                          0x07fc7e84   Data           4  arch_system.o(.bss..L_MergedGlobals.1)
    _SEGGER_RTT                              0x07fc7e88   Data          72  segger_rtt.o(.bss._SEGGER_RTT)
    calibration_res                          0x07fc7ed2   Data          42  rf_531.o(.bss.calibration_res)
    otp_hdr_timestamp                        0x07fc7f00   Data           4  arch_system.o(.bss.otp_hdr_timestamp)
    syscntl_dcdc_state                       0x07fc7f04   Data           2  syscntl.o(.bss.syscntl_dcdc_state)
    twext_value                              0x07fc7f08   Data           4  rwip.o(.bss.twext_value)
    stack_var                                0x07fc7f10   Data        1792  startup_da14531.o(.bss.stack)
    Image$$ARM_LIB_STACK$$ZI$$Limit          0x07fc8610   Number         0  anon$$obj.o ABSOLUTE
    rwip_heap_non_ret                        0x07fc8610   Data         524  jump_table.o(.bss.heap_mem_area_not_ret)
    clk_freq_trim_reg_value                  0x07fc8f40   Data           2  arch_system.o(.bss.retention_mem_area0)
    lp_clk_sel                               0x07fc8f44   Data           4  arch_system.o(.bss.retention_mem_area0)
    force_rf_cal                             0x07fc8f48   Data           1  arch_system.o(.bss.retention_mem_area0)
    iq_trim_bias_ctrl1_reg                   0x07fc8f4a   Data           2  arch_system.o(.bss.retention_mem_area0)
    iq_trim_rf_mixer_ctrl1_reg               0x07fc8f4c   Data           2  arch_system.o(.bss.retention_mem_area0)
    heap_usage_env                           0x07fc8f4e   Data           8  arch_system.o(.bss.retention_mem_area0)
    heap_usage_db                            0x07fc8f56   Data           8  arch_system.o(.bss.retention_mem_area0)
    heap_usage_msg                           0x07fc8f5e   Data           8  arch_system.o(.bss.retention_mem_area0)
    heap_usage_nonRet                        0x07fc8f66   Data           8  arch_system.o(.bss.retention_mem_area0)
    rcx_cal_in_progress                      0x07fc8f70   Data           1  arch_system.o(.bss.retention_mem_area0)
    rf_cal_last_temp                         0x07fc8f71   Data           1  arch_system.o(.bss.retention_mem_area0)
    sys_startup_flag                         0x07fc8f72   Data           1  arch_system.o(.bss.retention_mem_area0)
    xtal_wait_trim                           0x07fc8f74   Data           2  arch_system.o(.bss.retention_mem_area0)
    arch_wkupct_deb_time                     0x07fc8f76   Data           2  arch_system.o(.bss.retention_mem_area0)
    last_time                                0x07fc8f78   Data           4  arch_system.o(.bss.retention_mem_area0)
    dev_bdaddr                               0x07fc8f80   Data           6  arch_system.o(.bss.retention_mem_area0)
    rcx_time_data                            0x07fc8f88   Data          16  arch_system.o(.bss.retention_mem_area0)
    heap_log                                 0x07fc8f98   Data           2  system_library_531.o(.bss.retention_mem_area0)
    lld_force_timeout_refresh                0x07fc8f9a   Data           3  system_library_531.o(.bss.retention_mem_area0)
    skip_slave_latency_mask                  0x07fc8f9d   Data           1  system_library_531.o(.bss.retention_mem_area0)
    otp_cs                                   0x07fc8fa0   Data         108  otp_cs.o(.bss.retention_mem_area0)
    GPIOHandlerFunction                      0x07fc900c   Data          20  gpio.o(.bss.retention_mem_area0)
    dcdc_reserved                            0x07fc906c   Data           1  hw_otpc_531.o(.bss.retention_mem_area0)
    rf_ldo_calibrated_value                  0x07fc90b0   Data           1  rwble.o(.bss.retention_mem_area0)
    arch_rwble_last_event                    0x07fc90b1   Data           1  rwble.o(.bss.retention_mem_area0)
    set_boost_low_vbat1v_overhead            0x07fc90b2   Data           1  rwble.o(.bss.retention_mem_area0)
    ble_finetim_corr                         0x07fc90b4   Data           4  rwble.o(.bss.retention_mem_area0)
    retained_BLE_EM_BASE_REG                 0x07fc90b8   Data           4  rwip.o(.bss.retention_mem_area0)
    sleep_lp_cycles                          0x07fc90bc   Data           4  rwip.o(.bss.retention_mem_area0)
    slp_period_retained                      0x07fc90c0   Data           4  rwip.o(.bss.retention_mem_area0)
    rf_ldo_calibration_pending               0x07fc90c4   Data           1  ble_arp.o(.bss.retention_mem_area0)
    rf_ldo_init_value                        0x07fc90c5   Data           1  ble_arp.o(.bss.retention_mem_area0)
    rf_tx_pwr_lvl                            0x07fc90c8   Data           1  rf_531.o(.bss.retention_mem_area0)
    prf_env                                  0x07fc90d0   Data          24  prf.o(.bss.retention_mem_area0)
    app_prf_srv_perm                         0x07fc9100   Data          20  app.o(.bss.retention_mem_area0)
    app_env                                  0x07fc911c   Data          12  app.o(.bss.retention_mem_area0)
    device_info                              0x07fc9128   Data          36  app.o(.bss.retention_mem_area0)
    app_state                                0x07fc914d   Data           1  app_task.o(.bss.retention_mem_area0)
    app_adv_data_update_timer_used           0x07fc91a0   Data           1  user_peripheral.o(.bss.retention_mem_area0)
    app_param_update_request_timer_used      0x07fc91a1   Data           1  user_peripheral.o(.bss.retention_mem_area0)
    accel_check_timer                        0x07fc91a2   Data           1  user_peripheral.o(.bss.retention_mem_area0)
    is_advertising                           0x07fc91a3   Data           1  user_peripheral.o(.bss.retention_mem_area0)
    stored_adv_data_len                      0x07fc91a5   Data           1  user_peripheral.o(.bss.retention_mem_area0)
    stored_scan_rsp_data_len                 0x07fc91a6   Data           1  user_peripheral.o(.bss.retention_mem_area0)
    app_connection_idx                       0x07fc91a7   Data           1  user_peripheral.o(.bss.retention_mem_area0)
    stored_adv_data                          0x07fc91a8   Data          31  user_peripheral.o(.bss.retention_mem_area0)
    stored_scan_rsp_data                     0x07fc91c7   Data          31  user_peripheral.o(.bss.retention_mem_area0)
    Image$$RET_HEAP_DB$$Base                 0x07fc91e8   Number         0  anon$$obj.o ABSOLUTE
    rwip_heap_db_ret                         0x07fc91e8   Data         524  jump_table.o(.bss.heap_db_area)
    rwip_heap_env_ret                        0x07fc93f4   Data         696  jump_table.o(.bss.heap_env_area)
    rwip_heap_msg_ret                        0x07fc96ac   Data        1036  jump_table.o(.bss.heap_msg_area)
    dummy                                    0x07fc9c00   Data           0  da14531_symbols.txt ABSOLUTE
    trng_state_val                           0x07fcb89c   Data           4  trng.o(.bss.trng_state)
    ble_wakeup_executed                      0x07fcb900   Data           0  da14531_symbols.txt ABSOLUTE
    rf_in_sleep                              0x07fcb901   Data           0  da14531_symbols.txt ABSOLUTE
    custom_preinit                           0x07fcb904   Data           0  da14531_symbols.txt ABSOLUTE
    custom_postinit                          0x07fcb908   Data           0  da14531_symbols.txt ABSOLUTE
    custom_appinit                           0x07fcb90c   Data           0  da14531_symbols.txt ABSOLUTE
    custom_preloop                           0x07fcb910   Data           0  da14531_symbols.txt ABSOLUTE
    custom_preschedule                       0x07fcb914   Data           0  da14531_symbols.txt ABSOLUTE
    custom_postschedule                      0x07fcb918   Data           0  da14531_symbols.txt ABSOLUTE
    custom_postschedule_async                0x07fcb91c   Data           0  da14531_symbols.txt ABSOLUTE
    custom_presleepcheck                     0x07fcb920   Data           0  da14531_symbols.txt ABSOLUTE
    custom_appsleepset                       0x07fcb924   Data           0  da14531_symbols.txt ABSOLUTE
    custom_postsleepcheck                    0x07fcb928   Data           0  da14531_symbols.txt ABSOLUTE
    custom_presleepenter                     0x07fcb92c   Data           0  da14531_symbols.txt ABSOLUTE
    custom_postsleepexit                     0x07fcb930   Data           0  da14531_symbols.txt ABSOLUTE
    custom_prewakeup                         0x07fcb934   Data           0  da14531_symbols.txt ABSOLUTE
    custom_postwakeup                        0x07fcb938   Data           0  da14531_symbols.txt ABSOLUTE
    custom_preidlecheck                      0x07fcb93c   Data           0  da14531_symbols.txt ABSOLUTE
    custom_pti_set                           0x07fcb940   Data           0  da14531_symbols.txt ABSOLUTE
    REG_BLE_EM_TX_BUFFER_SIZE                0x07fcb944   Data           0  da14531_symbols.txt ABSOLUTE
    REG_BLE_EM_RX_BUFFER_SIZE                0x07fcb948   Data           0  da14531_symbols.txt ABSOLUTE
    _ble_base                                0x07fcb94c   Data           0  da14531_symbols.txt ABSOLUTE
    gap_cfg_user                             0x07fcb950   Data           0  da14531_symbols.txt ABSOLUTE
    rom_func_addr_table                      0x07fcb954   Data           0  da14531_symbols.txt ABSOLUTE
    rom_cfg_table                            0x07fcb958   Data           0  da14531_symbols.txt ABSOLUTE
    BLE_TX_DESC_DATA_USER                    0x07fcb95c   Data           0  da14531_symbols.txt ABSOLUTE
    BLE_TX_DESC_CNTL_USER                    0x07fcb960   Data           0  da14531_symbols.txt ABSOLUTE
    LLM_LE_ADV_DUMMY_IDX                     0x07fcb964   Data           0  da14531_symbols.txt ABSOLUTE
    LLM_LE_SCAN_CON_REQ_ADV_DIR_IDX          0x07fcb968   Data           0  da14531_symbols.txt ABSOLUTE
    LLM_LE_SCAN_RSP_IDX                      0x07fcb96c   Data           0  da14531_symbols.txt ABSOLUTE
    LLM_LE_ADV_IDX                           0x07fcb970   Data           0  da14531_symbols.txt ABSOLUTE
    length_exchange_needed                   0x07fcb974   Data           0  da14531_symbols.txt ABSOLUTE
    enh_con_cmp_cnt                          0x07fcb978   Data           0  da14531_symbols.txt ABSOLUTE
    rx_pkt_cnt                               0x07fcb980   Data           0  da14531_symbols.txt ABSOLUTE
    rx_pkt_cnt_bad                           0x07fcb984   Data           0  da14531_symbols.txt ABSOLUTE
    rx_pkt_cnt_bad_adv                       0x07fcb988   Data           0  da14531_symbols.txt ABSOLUTE
    rx_pkt_cnt_bad_scn                       0x07fcb98c   Data           0  da14531_symbols.txt ABSOLUTE
    rx_pkt_cnt_bad_oth                       0x07fcb990   Data           0  da14531_symbols.txt ABSOLUTE
    rx_pkt_cnt_bad_wo_sync_err               0x07fcb994   Data           0  da14531_symbols.txt ABSOLUTE
    rx_pkt_cnt_bad_con                       0x07fcb998   Data           0  da14531_symbols.txt ABSOLUTE
    connect_req_cnt                          0x07fcb99c   Data           0  da14531_symbols.txt ABSOLUTE
    last_status                              0x07fcb9a0   Data           0  da14531_symbols.txt ABSOLUTE
    llc_state                                0x07fcb9a4   Data           0  da14531_symbols.txt ABSOLUTE
    lld_sleep_env                            0x07fcb9a8   Data           0  da14531_symbols.txt ABSOLUTE
    lld_wlcoex_enable                        0x07fcb9ac   Data           0  da14531_symbols.txt ABSOLUTE
    ble_duplicate_filter_max                 0x07fcb9b0   Data           0  da14531_symbols.txt ABSOLUTE
    ble_duplicate_filter_found               0x07fcb9b1   Data           0  da14531_symbols.txt ABSOLUTE
    alter_conn_adv_all_cnt                   0x07fcb9b4   Data           0  da14531_symbols.txt ABSOLUTE
    alter_conn_adv_dir_cnt                   0x07fcb9b8   Data           0  da14531_symbols.txt ABSOLUTE
    alter_conn_adv_cnt                       0x07fcb9bc   Data           0  da14531_symbols.txt ABSOLUTE
    create_conn_cnt                          0x07fcb9c0   Data           0  da14531_symbols.txt ABSOLUTE
    alter_conn_cnt                           0x07fcb9c4   Data           0  da14531_symbols.txt ABSOLUTE
    alter_conn_restart_cnt                   0x07fcb9c8   Data           0  da14531_symbols.txt ABSOLUTE
    alter_conn_peer_addr                     0x07fcb9cc   Data           0  da14531_symbols.txt ABSOLUTE
    alter_conn_local_addr                    0x07fcb9d2   Data           0  da14531_symbols.txt ABSOLUTE
    set_adv_data_discard_old                 0x07fcb9d8   Data           0  da14531_symbols.txt ABSOLUTE
    llm_resolving_list_max                   0x07fcb9d9   Data           0  da14531_symbols.txt ABSOLUTE
    llm_local_le_feats                       0x07fcb9da   Data           0  da14531_symbols.txt ABSOLUTE
    llm_bt_env                               0x07fcb9e2   Data           0  da14531_symbols.txt ABSOLUTE
    init_tx_cnt_cntl_cnt1                    0x07fcb9ec   Data           0  da14531_symbols.txt ABSOLUTE
    init_tx_cnt_cntl_cnt                     0x07fcb9f0   Data           0  da14531_symbols.txt ABSOLUTE
    tx_cnt_cntl_cnt                          0x07fcb9f4   Data           0  da14531_symbols.txt ABSOLUTE
    llm_state                                0x07fcb9f8   Data           0  da14531_symbols.txt ABSOLUTE
    delay_us_cnt                             0x07fcb9fa   Data           0  da14531_symbols.txt ABSOLUTE
    gtl_state                                0x07fcb9fc   Data           0  da14531_symbols.txt ABSOLUTE
    use_h4tl                                 0x07fcb9fd   Data           0  da14531_symbols.txt ABSOLUTE
    hci_cmd_desc_root_tab                    0x07fcba00   Data           0  da14531_symbols.txt ABSOLUTE
    gattc_state                              0x07fcba30   Data           0  da14531_symbols.txt ABSOLUTE
    gattm_state                              0x07fcba33   Data           0  da14531_symbols.txt ABSOLUTE
    l2cc_state                               0x07fcba34   Data           0  da14531_symbols.txt ABSOLUTE
    l2cm_env                                 0x07fcba38   Data           0  da14531_symbols.txt ABSOLUTE
    gapc_state                               0x07fcba3e   Data           0  da14531_symbols.txt ABSOLUTE
    gapm_state                               0x07fcba41   Data           0  da14531_symbols.txt ABSOLUTE
    whitelist_fix                            0x07fcba42   Data           0  da14531_symbols.txt ABSOLUTE
    ecdh_key_creation_in_progress            0x07fcba44   Data           0  da14531_symbols.txt ABSOLUTE
    ke_free_bad                              0x07fcba48   Data           0  da14531_symbols.txt ABSOLUTE
    DISABLE_KE_TASK_ALTERNATIVE_SAVED_QUEUE  0x07fcba4c   Data           0  da14531_symbols.txt ABSOLUTE
    rwip_env                                 0x07fcba54   Data           0  da14531_symbols.txt ABSOLUTE
    _rand_state_ROM_DATA                     0x07fcba5c   Data           0  da14531_symbols.txt ABSOLUTE
    custom_msg_handlers                      0x07fcba60   Data           0  da14531_symbols.txt ABSOLUTE
    ble_reg_save                             0x07fcba64   Data           0  da14531_symbols.txt ABSOLUTE
    sleep_env                                0x07fcbab4   Data           0  da14531_symbols.txt ABSOLUTE
    uart_env                                 0x07fcbab8   Data           0  da14531_symbols.txt ABSOLUTE
    ke_mem_heaps_used                        0x07fcbadc   Data           0  da14531_symbols.txt ABSOLUTE
    co_buf_env                               0x07fcbae0   Data           0  da14531_symbols.txt ABSOLUTE
    llc_env                                  0x07fcbb78   Data           0  da14531_symbols.txt ABSOLUTE
    lld_evt_env                              0x07fcbb84   Data           0  da14531_symbols.txt ABSOLUTE
    llm_le_env                               0x07fcbbb0   Data           0  da14531_symbols.txt ABSOLUTE
    llm_local_cmds                           0x07fcbcb0   Data           0  da14531_symbols.txt ABSOLUTE
    gtl_env                                  0x07fcbd30   Data           0  da14531_symbols.txt ABSOLUTE
    hci_env                                  0x07fcbd78   Data           0  da14531_symbols.txt ABSOLUTE
    h4tl_env                                 0x07fcbd88   Data           0  da14531_symbols.txt ABSOLUTE
    gattc_env                                0x07fcbda0   Data           0  da14531_symbols.txt ABSOLUTE
    gattm_env                                0x07fcbdac   Data           0  da14531_symbols.txt ABSOLUTE
    l2cc_env                                 0x07fcbdd0   Data           0  da14531_symbols.txt ABSOLUTE
    ecdh_key                                 0x07fcbddc   Data           0  da14531_symbols.txt ABSOLUTE
    gapc_env                                 0x07fcbe3c   Data           0  da14531_symbols.txt ABSOLUTE
    gapm_env                                 0x07fcbe48   Data           0  da14531_symbols.txt ABSOLUTE
    ke_env                                   0x07fcbe74   Data           0  da14531_symbols.txt ABSOLUTE
    rwip_rf                                  0x07fcbf58   Data           0  da14531_symbols.txt ABSOLUTE



==============================================================================

Memory Map of the image

  Image Entry point : 0x07fc0111

  Load Region LR_IROM1 (Base: 0x07fc0000, Size: 0x000000a8, Max: 0x000000c0, ABSOLUTE)

    Execution Region ER_IROM1 (Exec base: 0x07fc0000, Load base: 0x07fc0000, Size: 0x000000a8, Max: 0x000000c0, ABSOLUTE)

    Exec Addr    Load Addr    Size         Type   Attr      Idx    E Section Name        Object

    0x07fc0000   0x07fc0000   0x000000a0   Data   RO           16    RESET               startup_da14531.o
    0x07fc00a0   0x07fc00a0   0x00000008   Data   RW          150    otp_cs_booter       otp_cs.o



  Load Region LR_IROM2 (Base: 0x07fc00c0, Size: 0x00000000, Max: 0x00000050, ABSOLUTE)

    Execution Region ER_IROM2 (Exec base: 0x07fc00c0, Load base: 0x07fc00c0, Size: 0x00000050, Max: 0x00000050, ABSOLUTE)

    Exec Addr    Load Addr    Size         Type   Attr      Idx    E Section Name        Object

    0x07fc00c0        -       0x00000050   Zero   RW            1    ER_IROM2.bss        anon$$obj.o



  Load Region LR_IROM3 (Base: 0x07fc0110, Size: 0x000077f8, Max: 0x00008e20, ABSOLUTE)

    Execution Region ER_IROM3 (Exec base: 0x07fc0110, Load base: 0x07fc0110, Size: 0x000077f8, Max: 0x00008e20, ABSOLUTE)

    Exec Addr    Load Addr    Size         Type   Attr      Idx    E Section Name        Object

    0x07fc0110   0x07fc0110   0x00000000   Code   RO          584  * .ARM.Collect$$$$00000000  mc_p.l(entry.o)
    0x07fc0110   0x07fc0110   0x00000004   Code   RO          587    .ARM.Collect$$$$00000003  mc_p.l(entry4.o)
    0x07fc0114   0x07fc0114   0x00000004   Code   RO          590    .ARM.Collect$$$$00000004  mc_p.l(entry5.o)
    0x07fc0118   0x07fc0118   0x00000000   Code   RO          592    .ARM.Collect$$$$00000008  mc_p.l(entry7b.o)
    0x07fc0118   0x07fc0118   0x00000000   Code   RO          594    .ARM.Collect$$$$0000000A  mc_p.l(entry8b.o)
    0x07fc0118   0x07fc0118   0x00000008   Code   RO          595    .ARM.Collect$$$$0000000B  mc_p.l(entry9a.o)
    0x07fc0120   0x07fc0120   0x00000000   Code   RO          597    .ARM.Collect$$$$0000000D  mc_p.l(entry10a.o)
    0x07fc0120   0x07fc0120   0x00000000   Code   RO          599    .ARM.Collect$$$$0000000F  mc_p.l(entry11a.o)
    0x07fc0120   0x07fc0120   0x00000004   Code   RO          588    .ARM.Collect$$$$00002714  mc_p.l(entry4.o)
    0x07fc0124   0x07fc0124   0x0000014c   Code   RO           40    .text               lis3dh.o
    0x07fc0270   0x07fc0270   0x000001ec   Code   RO           57    .text               arch_main.o
    0x07fc045c   0x07fc045c   0x0000005c   Code   RO           67    .text               jump_table.o
    0x07fc04b8   0x07fc04b8   0x000002f4   Code   RO           81    .text               arch_sleep.o
    0x07fc07ac   0x07fc07ac   0x0000060c   Code   RO           91    .text               arch_system.o
    0x07fc0db8   0x07fc0db8   0x00000184   Code   RO          112    .text               arch_rom.o
    0x07fc0f3c   0x07fc0f3c   0x0000004c   Code   RO          127    .text               hash.o
    0x07fc0f88   0x07fc0f88   0x00000060   Code   RO          136    .text               system_library_531.o
    0x07fc0fe8   0x07fc0fe8   0x000003ac   Code   RO          148    .text               otp_cs.o
    0x07fc1394   0x07fc1394   0x00000010   Code   RO          160    .text               otp_hdr.o
    0x07fc13a4   0x07fc13a4   0x000001d8   Code   RO          168    .text               syscntl.o
    0x07fc157c   0x07fc157c   0x00000370   Code   RO          177    .text               gpio.o
    0x07fc18ec   0x07fc18ec   0x000002e4   Code   RO          187    .text               wkupct_quadec.o
    0x07fc1bd0   0x07fc1bd0   0x00000560   Code   RO          205    .text               adc_531.o
    0x07fc2130   0x07fc2130   0x00000638   Code   RO          236    .text               i2c.o
    0x07fc2768   0x07fc2768   0x000002e4   Code   RO          256    .text               hw_otpc_531.o
    0x07fc2a4c   0x07fc2a4c   0x000004a8   Code   RO          266    .text               uart.o
    0x07fc2ef4   0x07fc2ef4   0x0000007c   Code   RO          276    .text               trng.o
    0x07fc2f70   0x07fc2f70   0x00000228   Code   RO          287    .text               rwble.o
    0x07fc3198   0x07fc3198   0x000001ec   Code   RO          296    .text               rwip.o
    0x07fc3384   0x07fc3384   0x0000033c   Code   RO          308    .text               ble_arp.o
    0x07fc36c0   0x07fc36c0   0x00000854   Code   RO          319    .text               rf_531.o
    0x07fc3f14   0x07fc3f14   0x00000200   Code   RO          343    .text               custs1_task.o
    0x07fc4114   0x07fc4114   0x00000094   Code   RO          354    .text               prf.o
    0x07fc41a8   0x07fc41a8   0x000001b4   Code   RO          365    .text               app_default_handlers.o
    0x07fc435c   0x07fc435c   0x00000504   Code   RO          375    .text               app.o
    0x07fc4860   0x07fc4860   0x00000328   Code   RO          389    .text               app_task.o
    0x07fc4b88   0x07fc4b88   0x00000044   Code   RO          423    .text               app_msg_utils.o
    0x07fc4bcc   0x07fc4bcc   0x000002e0   Code   RO          441    .text               app_easy_timer.o
    0x07fc4eac   0x07fc4eac   0x00000058   Code   RO          451    .text               app_customs.o
    0x07fc4f04   0x07fc4f04   0x0000001a   Code   RO          459    .text               app_customs_task.o
    0x07fc4f1e   0x07fc4f1e   0x00000002   PAD
    0x07fc4f20   0x07fc4f20   0x00000088   Code   RO          476    .text               app_utils.o
    0x07fc4fa8   0x07fc4fa8   0x00000070   Code   RO          523    .text               user_periph_setup.o
    0x07fc5018   0x07fc5018   0x00000080   Code   RO          532    .text               user_custs1_impl.o
    0x07fc5098   0x07fc5098   0x000004fc   Code   RO          540    .text               user_peripheral.o
    0x07fc5594   0x07fc5594   0x0000093c   Code   RO          550    .text               segger_rtt.o
    0x07fc5ed0   0x07fc5ed0   0x0000041e   Code   RO          564    .text               segger_rtt_printf.o
    0x07fc62ee   0x07fc62ee   0x00000002   PAD
    0x07fc62f0   0x07fc62f0   0x000009ec   Code   RO          573    .text               da14531.lib(patch_1.o)
    0x07fc6cdc   0x07fc6cdc   0x000003c0   Code   RO          575    .text               da14531.lib(rf_ldo_calibration.o)
    0x07fc709c   0x07fc709c   0x0000006c   Code   RO          578    .text               da14531.lib(rf_diag.o)
    0x07fc7108   0x07fc7108   0x0000003c   Code   RO          580    .text               da14531.lib(common.o)
    0x07fc7144   0x07fc7144   0x00000020   Code   RO          582    .text               da14531.lib(arch_asm.o)
    0x07fc7164   0x07fc7164   0x0000000e   Code   RO          585    .text               mc_p.l(strlen.o)
    0x07fc7172   0x07fc7172   0x00000002   PAD
    0x07fc7174   0x07fc7174   0x00000030   Code   RO          601    .text               mc_p.l(init.o)
    0x07fc71a4   0x07fc71a4   0x00000018   Code   RO           25    .text.HardFault_HandlerC  hardfault_handler.o
    0x07fc71bc   0x07fc71bc   0x00000034   Code   RO           33    .text.NMI_HandlerC  nmi_handler.o
    0x07fc71f0   0x07fc71f0   0x0000000e   Code   RO          605    i.__scatterload_copy  mc_p.l(handlers.o)
    0x07fc71fe   0x07fc71fe   0x00000002   Code   RO          606    i.__scatterload_null  mc_p.l(handlers.o)
    0x07fc7200   0x07fc7200   0x0000000e   Code   RO          607    i.__scatterload_zeroinit  mc_p.l(handlers.o)
    0x07fc720e   0x07fc720e   0x00000002   PAD
    0x07fc7210   0x07fc7210   0x00000054   Code   RO           14    startup_code_DA14xxx  startup_da14531.o
    0x07fc7264   0x07fc7264   0x00000088   Code   RO            4    system_DA14xxx      system_da14531.o
    0x07fc72ec   0x07fc72ec   0x00000019   Data   RO          381    .rodata..L.str.1    app.o
    0x07fc7305   0x07fc7305   0x00000010   Data   RO          515    .rodata.SVC1_SERIAL_UUID_128  user_custs1_def.o
    0x07fc7315   0x07fc7315   0x00000003   PAD
    0x07fc7318   0x07fc7318   0x00000010   Data   RO          380    .rodata.TASK_DESC_APP  app.o
    0x07fc7328   0x07fc7328   0x00000011   Data   RO          554    .rodata._DoInit._aInitStr  segger_rtt.o
    0x07fc7339   0x07fc7339   0x00000003   PAD
    0x07fc733c   0x07fc733c   0x00000008   Data   RO          393    .rodata.app_default_handler_RAM  app_task.o
    0x07fc7344   0x07fc7344   0x00000008   Data   RO          392    .rodata.app_default_state  app_task.o
    0x07fc734c   0x07fc734c   0x00000068   Data   RO          394    .rodata.app_gap_process_handlers  app_task.o
    0x07fc73b4   0x07fc73b4   0x00000010   Data   RO          415    .rodata.app_process_handlers  app_entry_point.o
    0x07fc73c4   0x07fc73c4   0x00000070   Data   RO          311    .rodata.arp_init_table  ble_arp.o
    0x07fc7434   0x07fc7434   0x00000002   Data   RO          514    .rodata.att_decl_char  user_custs1_def.o
    0x07fc7436   0x07fc7436   0x00000002   Data   RO          512    .rodata.att_decl_svc  user_custs1_def.o
    0x07fc7438   0x07fc7438   0x00000002   Data   RO          516    .rodata.att_desc_user_desc  user_custs1_def.o
    0x07fc743a   0x07fc743a   0x00000002   PAD
    0x07fc743c   0x07fc743c   0x00000004   Data   RO          416    .rodata.catch_rest  app_entry_point.o
    0x07fc7440   0x07fc7440   0x00000010   Data   RO          553    .rodata.cst16       segger_rtt.o
    0x07fc7450   0x07fc7450   0x00000038   Data   RO          503    .rodata.cust_prf_funcs  user_custs_config.o
    0x07fc7488   0x07fc7488   0x00000050   Data   RO          518    .rodata.custs1_att_db  user_custs1_def.o
    0x07fc74d8   0x07fc74d8   0x00000008   Data   RO          346    .rodata.custs1_default_handler  custs1_task.o
    0x07fc74e0   0x07fc74e0   0x00000048   Data   RO          345    .rodata.custs1_default_state  custs1_task.o
    0x07fc7528   0x07fc7528   0x00000002   Data   RO          509    .rodata.custs1_services  user_custs1_def.o
    0x07fc752a   0x07fc752a   0x00000001   Data   RO          510    .rodata.custs1_services_size  user_custs1_def.o
    0x07fc752b   0x07fc752b   0x00000010   Data   RO          513    .rodata.custs1_svc1  user_custs1_def.o
    0x07fc753b   0x07fc753b   0x00000001   PAD
    0x07fc753c   0x07fc753c   0x00000010   Data   RO          525    .rodata.i2c_cfg     user_periph_setup.o
    0x07fc754c   0x07fc754c   0x00000014   Data   RO          367    .rodata.irk_key_seed  app_default_handlers.o
    0x07fc7560   0x07fc7560   0x00000018   Data   RO          138    .rodata.my_custom_msg_handlers  system_library_531.o
    0x07fc7578   0x07fc7578   0x0000000e   Data   RO           51    .rodata.nvds_data_storage  nvds.o
    0x07fc7586   0x07fc7586   0x00000002   PAD
    0x07fc7588   0x07fc7588   0x00000010   Data   RO          356    .rodata.prf_if      prf.o
    0x07fc7598   0x07fc7598   0x00000020   Data   RO          418    .rodata.rom_app_task_cfg  app_entry_point.o
    0x07fc75b8   0x07fc75b8   0x000000ec   Data   RO           74    .rodata.rom_cfg_table_var  jump_table.o
    0x07fc76a4   0x07fc76a4   0x00000010   Data   RO          122    .rodata.rom_chacha20_cfg  chacha20.o
    0x07fc76b4   0x07fc76b4   0x00000010   Data   RO          338    .rodata.rom_cust_prf_cfg  custs1.o
    0x07fc76c4   0x07fc76c4   0x0000017c   Data   RO           69    .rodata.rom_func_addr_table_var  jump_table.o
    0x07fc7840   0x07fc7840   0x00000008   Data   RO           52    .rodata.rom_nvds_cfg  nvds.o
    0x07fc7848   0x07fc7848   0x0000000c   Data   RO          358    .rodata.rom_prf_cfg  prf.o
    0x07fc7854   0x07fc7854   0x00000006   Data   RO          379    .rodata.str1.1      app.o
    0x07fc785a   0x07fc785a   0x0000000a   Data   RO          517    .rodata.str1.1      user_custs1_def.o
    0x07fc7864   0x07fc7864   0x00000009   Data   RO          555    .rodata.str1.1      segger_rtt.o
    0x07fc786d   0x07fc786d   0x00000003   PAD
    0x07fc7870   0x07fc7870   0x00000058   Data   RO          417    .rodata.user_app_callbacks  app_entry_point.o
    0x07fc78c8   0x07fc78c8   0x00000030   Data   RO          604    Region$$Table       anon$$obj.o
    0x07fc78f8   0x07fc78f8   0x0000000b   Data   RW          542    .data.g_manufacturer_data  user_peripheral.o
    0x07fc7903   0x07fc7903   0x00000001   Data   RW          321    .data.pa_en_dcf_tx_setting  rf_531.o
    0x07fc7904   0x07fc7904   0x00000004   Data   RW           93    .data.startup_sleep_delay  arch_system.o


    Execution Region ER_PRODTEST (Exec base: 0x07fc7908, Load base: 0x07fc7908, Size: 0x00000000, Max: 0xffffffff, ABSOLUTE, UNINIT)

    **** No section assigned to this execution region ****


    Execution Region ER_ZI (Exec base: 0x07fc7908, Load base: 0x07fc7908, Size: 0x00000608, Max: 0xffffffff, ABSOLUTE)

    Exec Addr    Load Addr    Size         Type   Attr      Idx    E Section Name        Object

    0x07fc7908        -       0x00000510   Zero   RW          576    .bss                da14531.lib(rf_ldo_calibration.o)
    0x07fc7e18        -       0x00000014   Zero   RW          279    .bss..L_MergedGlobals  trng.o
    0x07fc7e2c        -       0x00000051   Zero   RW          556    .bss..L_MergedGlobals  segger_rtt.o
    0x07fc7e7d   0x07fc7908   0x00000003   PAD
    0x07fc7e80        -       0x00000008   Zero   RW           96    .bss..L_MergedGlobals.1  arch_system.o
    0x07fc7e88        -       0x00000048   Zero   RW          552    .bss._SEGGER_RTT    segger_rtt.o
    0x07fc7ed0        -       0x00000002   Zero   RW          208    .bss.cal_val        adc_531.o
    0x07fc7ed2        -       0x0000002a   Zero   RW          322    .bss.calibration_res  rf_531.o
    0x07fc7efc        -       0x00000004   Zero   RW          323    .bss.fsm_ctrl_reg   rf_531.o
    0x07fc7f00        -       0x00000004   Zero   RW           94    .bss.otp_hdr_timestamp  arch_system.o
    0x07fc7f04        -       0x00000002   Zero   RW          170    .bss.syscntl_dcdc_state  syscntl.o
    0x07fc7f06   0x07fc7908   0x00000002   PAD
    0x07fc7f08        -       0x00000004   Zero   RW          299    .bss.twext_value    rwip.o
    0x07fc7f0c        -       0x00000004   Zero   RW          152    .bss.txdiv_trim     otp_cs.o


    Execution Region ARM_LIB_STACK (Exec base: 0x07fc7f10, Load base: 0x07fc7908, Size: 0x00000700, Max: 0xffffffff, ABSOLUTE)

    Exec Addr    Load Addr    Size         Type   Attr      Idx    E Section Name        Object

    0x07fc7f10        -       0x00000700   Zero   RW           17    .bss.stack          startup_da14531.o


    Execution Region ER_NZI (Exec base: 0x07fc8610, Load base: 0x07fc7908, Size: 0x0000020c, Max: 0xffffffff, ABSOLUTE, UNINIT)

    Exec Addr    Load Addr    Size         Type   Attr      Idx    E Section Name        Object

    0x07fc8610        -       0x0000020c   Zero   RW           70    .bss.heap_mem_area_not_ret  jump_table.o


    Execution Region ER_STATEFUL_HIBERNATION (Exec base: 0x07fc881c, Load base: 0x07fc7908, Size: 0x00000000, Max: 0xffffffff, ABSOLUTE, UNINIT)

    **** No section assigned to this execution region ****



  Load Region LR_RETAINED_RAM0 (Base: 0x07fc8f30, Size: 0x00000000, Max: 0x000010d0, ABSOLUTE)

    Execution Region RET_DATA_UNINIT (Exec base: 0x07fc8f30, Load base: 0x07fc8f30, Size: 0x00000000, Max: 0x00000000, ABSOLUTE, UNINIT)

    **** No section assigned to this execution region ****


    Execution Region RET_DATA (Exec base: 0x07fc8f30, Load base: 0x07fc8f30, Size: 0x000002b8, Max: 0x00000800, ABSOLUTE)

    Exec Addr    Load Addr    Size         Type   Attr      Idx    E Section Name        Object

    0x07fc8f30        -       0x00000006   Zero   RW           42    .bss.retention_mem_area0  lis3dh.o
    0x07fc8f36        -       0x00000004   Zero   RW           83    .bss.retention_mem_area0  arch_sleep.o
    0x07fc8f3a   0x07fc8f30   0x00000006   PAD
    0x07fc8f40        -       0x00000058   Zero   RW           95    .bss.retention_mem_area0  arch_system.o
    0x07fc8f98        -       0x00000006   Zero   RW          139    .bss.retention_mem_area0  system_library_531.o
    0x07fc8f9e   0x07fc8f30   0x00000002   PAD
    0x07fc8fa0        -       0x0000006c   Zero   RW          151    .bss.retention_mem_area0  otp_cs.o
    0x07fc900c        -       0x00000014   Zero   RW          179    .bss.retention_mem_area0  gpio.o
    0x07fc9020        -       0x0000000c   Zero   RW          189    .bss.retention_mem_area0  wkupct_quadec.o
    0x07fc902c        -       0x00000008   Zero   RW          207    .bss.retention_mem_area0  adc_531.o
    0x07fc9034        -       0x00000038   Zero   RW          238    .bss.retention_mem_area0  i2c.o
    0x07fc906c        -       0x00000001   Zero   RW          258    .bss.retention_mem_area0  hw_otpc_531.o
    0x07fc906d   0x07fc8f30   0x00000003   PAD
    0x07fc9070        -       0x00000040   Zero   RW          268    .bss.retention_mem_area0  uart.o
    0x07fc90b0        -       0x00000008   Zero   RW          289    .bss.retention_mem_area0  rwble.o
    0x07fc90b8        -       0x0000000c   Zero   RW          298    .bss.retention_mem_area0  rwip.o
    0x07fc90c4        -       0x00000002   Zero   RW          312    .bss.retention_mem_area0  ble_arp.o
    0x07fc90c6   0x07fc8f30   0x00000002   PAD
    0x07fc90c8        -       0x00000008   Zero   RW          324    .bss.retention_mem_area0  rf_531.o
    0x07fc90d0        -       0x00000018   Zero   RW          357    .bss.retention_mem_area0  prf.o
    0x07fc90e8        -       0x00000064   Zero   RW          378    .bss.retention_mem_area0  app.o
    0x07fc914c        -       0x00000002   Zero   RW          391    .bss.retention_mem_area0  app_task.o
    0x07fc914e   0x07fc8f30   0x00000002   PAD
    0x07fc9150        -       0x00000050   Zero   RW          443    .bss.retention_mem_area0  app_easy_timer.o
    0x07fc91a0        -       0x00000046   Zero   RW          543    .bss.retention_mem_area0  user_peripheral.o


    Execution Region RET_HEAP_DB (Exec base: 0x07fc91e8, Load base: 0x07fc8f30, Size: 0x0000020c, Max: 0xffffffff, ABSOLUTE, UNINIT)

    Exec Addr    Load Addr    Size         Type   Attr      Idx    E Section Name        Object

    0x07fc91e8        -       0x0000020c   Zero   RW           72    .bss.heap_db_area   jump_table.o


    Execution Region RET_HEAP_ENV (Exec base: 0x07fc93f4, Load base: 0x07fc8f30, Size: 0x000002b8, Max: 0xffffffff, ABSOLUTE, UNINIT)

    Exec Addr    Load Addr    Size         Type   Attr      Idx    E Section Name        Object

    0x07fc93f4        -       0x000002b8   Zero   RW           71    .bss.heap_env_area  jump_table.o


    Execution Region RET_HEAP_MSG (Exec base: 0x07fc96ac, Load base: 0x07fc8f30, Size: 0x0000040c, Max: 0xffffffff, ABSOLUTE, UNINIT)

    Exec Addr    Load Addr    Size         Type   Attr      Idx    E Section Name        Object

    0x07fc96ac        -       0x0000040c   Zero   RW           73    .bss.heap_msg_area  jump_table.o



  Load Region LR_FREE_AREA (Base: 0x07fca000, Size: 0x00000000, Max: 0x00001900, ABSOLUTE)

    Execution Region ER_FREE_AREA_AT_TX_CNTL_BUFFER (Exec base: 0x07fca884, Load base: 0x07fca000, Size: 0x00000000, Max: 0x000000de, ABSOLUTE)

    **** No section assigned to this execution region ****


    Execution Region ER_FREE_AREA_AT_TX_ADV_1_BUFFER (Exec base: 0x07fca988, Load base: 0x07fca000, Size: 0x00000000, Max: 0x000000e0, ABSOLUTE)

    **** No section assigned to this execution region ****


    Execution Region ER_FREE_AREA_AT_TX_ADV_2_BUFFER (Exec base: 0x07fcaa90, Load base: 0x07fca000, Size: 0x00000000, Max: 0x000000de, ABSOLUTE)

    **** No section assigned to this execution region ****


    Execution Region ER_FREE_AREA_AT_TX_ADV_3_BUFFER (Exec base: 0x07fcab94, Load base: 0x07fca000, Size: 0x00000000, Max: 0x000000e0, ABSOLUTE)

    **** No section assigned to this execution region ****


    Execution Region ER_FREE_AREA (Exec base: 0x07fcb4ac, Load base: 0x07fca000, Size: 0x00000000, Max: 0x000003f0, ABSOLUTE)

    **** No section assigned to this execution region ****



  Load Region LR_RETAINED_TRNG_STATE (Base: 0x07fcb89c, Size: 0x00000000, Max: 0x00000004, ABSOLUTE)

    Execution Region RET_DATA_UNINIT_TRNG_STATE (Exec base: 0x07fcb89c, Load base: 0x07fcb89c, Size: 0x00000004, Max: 0x00000004, ABSOLUTE, UNINIT)

    Exec Addr    Load Addr    Size         Type   Attr      Idx    E Section Name        Object

    0x07fcb89c        -       0x00000004   Zero   RW          278    .bss.trng_state     trng.o



  Load Region LR_RETAINED_CHACHA_STATE (Base: 0x07fcb8a0, Size: 0x00000000, Max: 0x00000060, ABSOLUTE)

    Execution Region RET_DATA_UNINIT_CHACHA_STATE (Exec base: 0x07fcb8a0, Load base: 0x07fcb8a0, Size: 0x00000060, Max: 0x00000060, ABSOLUTE, UNINIT)

    Exec Addr    Load Addr    Size         Type   Attr      Idx    E Section Name        Object

    0x07fcb8a0        -       0x00000060   Zero   RW          121    .bss.chacha20_state  chacha20.o


==============================================================================

Image component sizes


      Code (inc. data)   RO Data    RW Data    ZI Data      Debug   Object Name

      1376        220          0          0         10      10585   adc_531.o
      1284        188         47          0        100      20681   app.o
        88          8          0          0          0       6967   app_customs.o
        26          0          0          0          0       1370   app_customs_task.o
       436         72         20          0          0      12030   app_default_handlers.o
       736        100          0          0         80       7107   app_easy_timer.o
         0          0        140          0          0       6600   app_entry_point.o
        68         12          0          0          0       1345   app_msg_utils.o
       808        132        120          0          2      24203   app_task.o
       136          8          0          0          0       3544   app_utils.o
       492         28          0          0          0       6163   arch_main.o
       388        192          0          0          0       3103   arch_rom.o
       756        128          0          0          4       5634   arch_sleep.o
      1548        232          0          4        100      11369   arch_system.o
       828        144        112          0          2       6300   ble_arp.o
         0          0         16          0         96       1012   chacha20.o
         0          0         16          0          0       2882   custs1.o
       512         24         80          0          0      23932   custs1_task.o
       880         92          0          0         20       9377   gpio.o
        24          8          0          0          0        981   hardfault_handler.o
        76         24          0          0          0        771   hash.o
       740        112          0          0          1       7125   hw_otpc_531.o
      1592        228          0          0         56      17245   i2c.o
        92          8        616          0       2780       2281   jump_table.o
       332          8          0          0          6       5528   lis3dh.o
        52         12          0          0          0       2080   nmi_handler.o
         0          0         22          0          0       1259   nvds.o
       940        164          0          8        112       5781   otp_cs.o
        16          4          0          0          0        720   otp_hdr.o
       148         16         28          0         24       4721   prf.o
      2132        360          0          1         54       9906   rf_531.o
       552         72          0          0          8       3911   rwble.o
       492         84          0          0         16       5156   rwip.o
      2364        144         42          0        153      16519   segger_rtt.o
      1054         44          0          0          0       5737   segger_rtt_printf.o
        84         12        160          0       1792       1329   startup_da14531.o
       472         84          0          0          2       4792   syscntl.o
       136         20          0          0          0       2390   system_da14531.o
        96         56         24          0          6       1594   system_library_531.o
       124         24          0          0         24       1310   trng.o
      1192        132          0          0         64      15357   uart.o
         0          0        131          0          0       1447   user_custs1_def.o
       128         28          0          0          0       7780   user_custs1_impl.o
         0          0         56          0          0       3013   user_custs_config.o
       112         12         16          0          0       3707   user_periph_setup.o
      1276        588          0         11         70      13440   user_peripheral.o
       740        140          0          0         12       7174   wkupct_quadec.o

    ----------------------------------------------------------------------
     25332       3964       1708         24       5696     317258   Object Totals
         0          0         48          0         80          0   (incl. Generated)
         4          0         14          0         22          0   (incl. Padding)

    ----------------------------------------------------------------------

      Code (inc. data)   RO Data    RW Data    ZI Data      Debug   Library Member Name

        32          0          0          0          0         68   arch_asm.o
        60         10          0          0          0        164   common.o
      2540        114          0          0          0        520   patch_1.o
       108         16          0          0          0         68   rf_diag.o
       960         44          0          0       1296        144   rf_ldo_calibration.o
         0          0          0          0          0          0   entry.o
         0          0          0          0          0          0   entry10a.o
         0          0          0          0          0          0   entry11a.o
         8          4          0          0          0          0   entry4.o
         4          0          0          0          0          0   entry5.o
         0          0          0          0          0          0   entry7b.o
         0          0          0          0          0          0   entry8b.o
         8          4          0          0          0          0   entry9a.o
        30          0          0          0          0          0   handlers.o
        48         10          0          0          0         68   init.o
        14          0          0          0          0         60   strlen.o

    ----------------------------------------------------------------------
      3816        202          0          0       1296       1092   Library Totals
         4          0          0          0          0          0   (incl. Padding)

    ----------------------------------------------------------------------

      Code (inc. data)   RO Data    RW Data    ZI Data      Debug   Library Name

      3700        184          0          0       1296        964   da14531.lib
       112         18          0          0          0        128   mc_p.l

    ----------------------------------------------------------------------
      3816        202          0          0       1296       1092   Library Totals

    ----------------------------------------------------------------------

==============================================================================


      Code (inc. data)   RO Data    RW Data    ZI Data      Debug   

     29148       4166       1708         24       6992     317570   Grand Totals
     29148       4166       1708         24       6992     317570   ELF Image Totals
     29148       4166       1708         24          0          0   ROM Totals

==============================================================================

    Total RO  Size (Code + RO Data)                30856 (  30.13kB)
    Total RW  Size (RW Data + ZI Data)              7016 (   6.85kB)
    Total ROM Size (Code + RO Data + RW Data)      30880 (  30.16kB)

==============================================================================

